Microsoft Windows [Version 10.0.16299.847]
(c) 2017 Microsoft Corporation. All rights reserved.

C:\Program Files\MongoDB\Server\3.4\bin>mongo
MongoDB shell version v3.4.10
connecting to: mongodb://127.0.0.1:27017
MongoDB server version: 3.4.10
Server has startup warnings:
2018-12-27T22:58:54.153-0700 I CONTROL  [initandlisten]
2018-12-27T22:58:54.153-0700 I CONTROL  [initandlisten] ** WARNING: Access control is not enabled for the database.
2018-12-27T22:58:54.154-0700 I CONTROL  [initandlisten] **          Read and write access to data and configuration is unrestricted.
2018-12-27T22:58:54.154-0700 I CONTROL  [initandlisten]
> show dbs
admin           0.000GB
local           0.000GB
mongo_practice  0.000GB
population      0.002GB
restaurants     0.001GB
> use restaurants
switched to db restaurants
> db.addresses.find().pretty()
{
        "_id" : ObjectId("5c25f1db9dce437310501a3d"),
        "address" : {
                "building" : "469",
                "coord" : [
                        -73.961704,
                        40.662942
                ],
                "street" : "Flatbush Avenue",
                "zipcode" : "11225"
        },
        "borough" : "Brooklyn",
        "cuisine" : "Hamburgers",
        "grades" : [
                {
                        "date" : ISODate("2014-12-30T00:00:00Z"),
                        "grade" : "A",
                        "score" : 8
                },
                {
                        "date" : ISODate("2014-07-01T00:00:00Z"),
                        "grade" : "B",
                        "score" : 23
                },
                {
                        "date" : ISODate("2013-04-30T00:00:00Z"),
                        "grade" : "A",
                        "score" : 12
                },
                {
                        "date" : ISODate("2012-05-08T00:00:00Z"),
                        "grade" : "A",
                        "score" : 12
                }
        ],
        "name" : "Wendy'S",
        "restaurant_id" : "30112340"
}
{
        "_id" : ObjectId("5c25f1db9dce437310501a3e"),
        "address" : {
                "building" : "2780",
                "coord" : [
                        -73.98241999999999,
                        40.579505
                ],
                "street" : "Stillwell Avenue",
                "zipcode" : "11224"
        },
        "borough" : "Brooklyn",
        "cuisine" : "American ",
        "grades" : [
                {
                        "date" : ISODate("2014-06-10T00:00:00Z"),
                        "grade" : "A",
                        "score" : 5
                },
                {
                        "date" : ISODate("2013-06-05T00:00:00Z"),
                        "grade" : "A",
                        "score" : 7
                },
                {
                        "date" : ISODate("2012-04-13T00:00:00Z"),
                        "grade" : "A",
                        "score" : 12
                },
                {
                        "date" : ISODate("2011-10-12T00:00:00Z"),
                        "grade" : "A",
                        "score" : 12
                }
        ],
        "name" : "Riviera Caterer",
        "restaurant_id" : "40356018"
}
{
        "_id" : ObjectId("5c25f1db9dce437310501a3f"),
        "address" : {
                "building" : "8825",
                "coord" : [
                        -73.8803827,
                        40.7643124
                ],
                "street" : "Astoria Boulevard",
                "zipcode" : "11369"
        },
        "borough" : "Queens",
        "cuisine" : "American ",
        "grades" : [
                {
                        "date" : ISODate("2014-11-15T00:00:00Z"),
                        "grade" : "Z",
                        "score" : 38
                },
                {
                        "date" : ISODate("2014-05-02T00:00:00Z"),
                        "grade" : "A",
                        "score" : 10
                },
                {
                        "date" : ISODate("2013-03-02T00:00:00Z"),
                        "grade" : "A",
                        "score" : 7
                },
                {
                        "date" : ISODate("2012-02-10T00:00:00Z"),
                        "grade" : "A",
                        "score" : 13
                }
        ],
        "name" : "Brunos On The Boulevard",
        "restaurant_id" : "40356151"
}
{
        "_id" : ObjectId("5c25f1db9dce437310501a40"),
        "address" : {
                "building" : "97-22",
                "coord" : [
                        -73.8601152,
                        40.7311739
                ],
                "street" : "63 Road",
                "zipcode" : "11374"
        },
        "borough" : "Queens",
        "cuisine" : "Jewish/Kosher",
        "grades" : [
                {
                        "date" : ISODate("2014-11-24T00:00:00Z"),
                        "grade" : "Z",
                        "score" : 20
                },
                {
                        "date" : ISODate("2013-01-17T00:00:00Z"),
                        "grade" : "A",
                        "score" : 13
                },
                {
                        "date" : ISODate("2012-08-02T00:00:00Z"),
                        "grade" : "A",
                        "score" : 13
                },
                {
                        "date" : ISODate("2011-12-15T00:00:00Z"),
                        "grade" : "B",
                        "score" : 25
                }
        ],
        "name" : "Tov Kosher Kitchen",
        "restaurant_id" : "40356068"
}
{
        "_id" : ObjectId("5c25f1db9dce437310501a41"),
        "address" : {
                "building" : "2206",
                "coord" : [
                        -74.1377286,
                        40.6119572
                ],
                "street" : "Victory Boulevard",
                "zipcode" : "10314"
        },
        "borough" : "Staten Island",
        "cuisine" : "Jewish/Kosher",
        "grades" : [
                {
                        "date" : ISODate("2014-10-06T00:00:00Z"),
                        "grade" : "A",
                        "score" : 9
                },
                {
                        "date" : ISODate("2014-05-20T00:00:00Z"),
                        "grade" : "A",
                        "score" : 12
                },
                {
                        "date" : ISODate("2013-04-04T00:00:00Z"),
                        "grade" : "A",
                        "score" : 12
                },
                {
                        "date" : ISODate("2012-01-24T00:00:00Z"),
                        "grade" : "A",
                        "score" : 9
                }
        ],
        "name" : "Kosher Island",
        "restaurant_id" : "40356442"
}
{
        "_id" : ObjectId("5c25f1db9dce437310501a42"),
        "address" : {
                "building" : "7114",
                "coord" : [
                        -73.9068506,
                        40.6199034
                ],
                "street" : "Avenue U",
                "zipcode" : "11234"
        },
        "borough" : "Brooklyn",
        "cuisine" : "Delicatessen",
        "grades" : [
                {
                        "date" : ISODate("2014-05-29T00:00:00Z"),
                        "grade" : "A",
                        "score" : 10
                },
                {
                        "date" : ISODate("2014-01-14T00:00:00Z"),
                        "grade" : "A",
                        "score" : 10
                },
                {
                        "date" : ISODate("2013-08-03T00:00:00Z"),
                        "grade" : "A",
                        "score" : 8
                },
                {
                        "date" : ISODate("2012-07-18T00:00:00Z"),
                        "grade" : "A",
                        "score" : 10
                },
                {
                        "date" : ISODate("2012-03-09T00:00:00Z"),
                        "grade" : "A",
                        "score" : 13
                },
                {
                        "date" : ISODate("2011-10-14T00:00:00Z"),
                        "grade" : "A",
                        "score" : 9
                }
        ],
        "name" : "Wilken'S Fine Food",
        "restaurant_id" : "40356483"
}
{
        "_id" : ObjectId("5c25f1db9dce437310501a43"),
        "address" : {
                "building" : "351",
                "coord" : [
                        -73.98513559999999,
                        40.7676919
                ],
                "street" : "West   57 Street",
                "zipcode" : "10019"
        },
        "borough" : "Manhattan",
        "cuisine" : "Irish",
        "grades" : [
                {
                        "date" : ISODate("2014-09-06T00:00:00Z"),
                        "grade" : "A",
                        "score" : 2
                },
                {
                        "date" : ISODate("2013-07-22T00:00:00Z"),
                        "grade" : "A",
                        "score" : 11
                },
                {
                        "date" : ISODate("2012-07-31T00:00:00Z"),
                        "grade" : "A",
                        "score" : 12
                },
                {
                        "date" : ISODate("2011-12-29T00:00:00Z"),
                        "grade" : "A",
                        "score" : 12
                }
        ],
        "name" : "Dj Reynolds Pub And Restaurant",
        "restaurant_id" : "30191841"
}
{
        "_id" : ObjectId("5c25f1db9dce437310501a44"),
        "address" : {
                "building" : "6409",
                "coord" : [
                        -74.00528899999999,
                        40.628886
                ],
                "street" : "11 Avenue",
                "zipcode" : "11219"
        },
        "borough" : "Brooklyn",
        "cuisine" : "American ",
        "grades" : [
                {
                        "date" : ISODate("2014-07-18T00:00:00Z"),
                        "grade" : "A",
                        "score" : 12
                },
                {
                        "date" : ISODate("2013-07-30T00:00:00Z"),
                        "grade" : "A",
                        "score" : 12
                },
                {
                        "date" : ISODate("2013-02-13T00:00:00Z"),
                        "grade" : "A",
                        "score" : 11
                },
                {
                        "date" : ISODate("2012-08-16T00:00:00Z"),
                        "grade" : "A",
                        "score" : 2
                },
                {
                        "date" : ISODate("2011-08-17T00:00:00Z"),
                        "grade" : "A",
                        "score" : 11
                }
        ],
        "name" : "Regina Caterers",
        "restaurant_id" : "40356649"
}
{
        "_id" : ObjectId("5c25f1db9dce437310501a45"),
        "address" : {
                "building" : "7715",
                "coord" : [
                        -73.9973325,
                        40.61174889999999
                ],
                "street" : "18 Avenue",
                "zipcode" : "11214"
        },
        "borough" : "Brooklyn",
        "cuisine" : "American ",
        "grades" : [
                {
                        "date" : ISODate("2014-04-16T00:00:00Z"),
                        "grade" : "A",
                        "score" : 5
                },
                {
                        "date" : ISODate("2013-04-23T00:00:00Z"),
                        "grade" : "A",
                        "score" : 2
                },
                {
                        "date" : ISODate("2012-04-24T00:00:00Z"),
                        "grade" : "A",
                        "score" : 5
                },
                {
                        "date" : ISODate("2011-12-16T00:00:00Z"),
                        "grade" : "A",
                        "score" : 2
                }
        ],
        "name" : "C & C Catering Service",
        "restaurant_id" : "40357437"
}
{
        "_id" : ObjectId("5c25f1db9dce437310501a46"),
        "address" : {
                "building" : "1007",
                "coord" : [
                        -73.856077,
                        40.848447
                ],
                "street" : "Morris Park Ave",
                "zipcode" : "10462"
        },
        "borough" : "Bronx",
        "cuisine" : "Bakery",
        "grades" : [
                {
                        "date" : ISODate("2014-03-03T00:00:00Z"),
                        "grade" : "A",
                        "score" : 2
                },
                {
                        "date" : ISODate("2013-09-11T00:00:00Z"),
                        "grade" : "A",
                        "score" : 6
                },
                {
                        "date" : ISODate("2013-01-24T00:00:00Z"),
                        "grade" : "A",
                        "score" : 10
                },
                {
                        "date" : ISODate("2011-11-23T00:00:00Z"),
                        "grade" : "A",
                        "score" : 9
                },
                {
                        "date" : ISODate("2011-03-10T00:00:00Z"),
                        "grade" : "B",
                        "score" : 14
                }
        ],
        "name" : "Morris Park Bake Shop",
        "restaurant_id" : "30075445"
}
{
        "_id" : ObjectId("5c25f1db9dce437310501a47"),
        "address" : {
                "building" : "2300",
                "coord" : [
                        -73.8786113,
                        40.8502883
                ],
                "street" : "Southern Boulevard",
                "zipcode" : "10460"
        },
        "borough" : "Bronx",
        "cuisine" : "American ",
        "grades" : [
                {
                        "date" : ISODate("2014-05-28T00:00:00Z"),
                        "grade" : "A",
                        "score" : 11
                },
                {
                        "date" : ISODate("2013-06-19T00:00:00Z"),
                        "grade" : "A",
                        "score" : 4
                },
                {
                        "date" : ISODate("2012-06-15T00:00:00Z"),
                        "grade" : "A",
                        "score" : 3
                }
        ],
        "name" : "Wild Asia",
        "restaurant_id" : "40357217"
}
{
        "_id" : ObjectId("5c25f1db9dce437310501a48"),
        "address" : {
                "building" : "1269",
                "coord" : [
                        -73.871194,
                        40.6730975
                ],
                "street" : "Sutter Avenue",
                "zipcode" : "11208"
        },
        "borough" : "Brooklyn",
        "cuisine" : "Chinese",
        "grades" : [
                {
                        "date" : ISODate("2014-09-16T00:00:00Z"),
                        "grade" : "B",
                        "score" : 21
                },
                {
                        "date" : ISODate("2013-08-28T00:00:00Z"),
                        "grade" : "A",
                        "score" : 7
                },
                {
                        "date" : ISODate("2013-04-02T00:00:00Z"),
                        "grade" : "C",
                        "score" : 56
                },
                {
                        "date" : ISODate("2012-08-15T00:00:00Z"),
                        "grade" : "B",
                        "score" : 27
                },
                {
                        "date" : ISODate("2012-03-28T00:00:00Z"),
                        "grade" : "B",
                        "score" : 27
                }
        ],
        "name" : "May May Kitchen",
        "restaurant_id" : "40358429"
}
{
        "_id" : ObjectId("5c25f1db9dce437310501a49"),
        "address" : {
                "building" : "1",
                "coord" : [
                        -73.96926909999999,
                        40.7685235
                ],
                "street" : "East   66 Street",
                "zipcode" : "10065"
        },
        "borough" : "Manhattan",
        "cuisine" : "American ",
        "grades" : [
                {
                        "date" : ISODate("2014-05-07T00:00:00Z"),
                        "grade" : "A",
                        "score" : 3
                },
                {
                        "date" : ISODate("2013-05-03T00:00:00Z"),
                        "grade" : "A",
                        "score" : 4
                },
                {
                        "date" : ISODate("2012-04-30T00:00:00Z"),
                        "grade" : "A",
                        "score" : 6
                },
                {
                        "date" : ISODate("2011-12-27T00:00:00Z"),
                        "grade" : "A",
                        "score" : 0
                }
        ],
        "name" : "1 East 66Th Street Kitchen",
        "restaurant_id" : "40359480"
}
{
        "_id" : ObjectId("5c25f1db9dce437310501a4a"),
        "address" : {
                "building" : "705",
                "coord" : [
                        -73.9653967,
                        40.6064339
                ],
                "street" : "Kings Highway",
                "zipcode" : "11223"
        },
        "borough" : "Brooklyn",
        "cuisine" : "Jewish/Kosher",
        "grades" : [
                {
                        "date" : ISODate("2014-11-10T00:00:00Z"),
                        "grade" : "A",
                        "score" : 11
                },
                {
                        "date" : ISODate("2013-10-10T00:00:00Z"),
                        "grade" : "A",
                        "score" : 13
                },
                {
                        "date" : ISODate("2012-10-04T00:00:00Z"),
                        "grade" : "A",
                        "score" : 7
                },
                {
                        "date" : ISODate("2012-05-21T00:00:00Z"),
                        "grade" : "A",
                        "score" : 9
                },
                {
                        "date" : ISODate("2011-12-30T00:00:00Z"),
                        "grade" : "B",
                        "score" : 19
                }
        ],
        "name" : "Seuda Foods",
        "restaurant_id" : "40360045"
}
{
        "_id" : ObjectId("5c25f1db9dce437310501a4b"),
        "address" : {
                "building" : "203",
                "coord" : [
                        -73.97822040000001,
                        40.6435254
                ],
                "street" : "Church Avenue",
                "zipcode" : "11218"
        },
        "borough" : "Brooklyn",
        "cuisine" : "Ice Cream, Gelato, Yogurt, Ices",
        "grades" : [
                {
                        "date" : ISODate("2014-02-10T00:00:00Z"),
                        "grade" : "A",
                        "score" : 2
                },
                {
                        "date" : ISODate("2013-01-02T00:00:00Z"),
                        "grade" : "A",
                        "score" : 13
                },
                {
                        "date" : ISODate("2012-01-09T00:00:00Z"),
                        "grade" : "A",
                        "score" : 3
                },
                {
                        "date" : ISODate("2011-11-07T00:00:00Z"),
                        "grade" : "P",
                        "score" : 12
                },
                {
                        "date" : ISODate("2011-07-21T00:00:00Z"),
                        "grade" : "A",
                        "score" : 13
                }
        ],
        "name" : "Carvel Ice Cream",
        "restaurant_id" : "40360076"
}
{
        "_id" : ObjectId("5c25f1db9dce437310501a4c"),
        "address" : {
                "building" : "265-15",
                "coord" : [
                        -73.7032601,
                        40.7386417
                ],
                "street" : "Hillside Avenue",
                "zipcode" : "11004"
        },
        "borough" : "Queens",
        "cuisine" : "Ice Cream, Gelato, Yogurt, Ices",
        "grades" : [
                {
                        "date" : ISODate("2014-10-28T00:00:00Z"),
                        "grade" : "A",
                        "score" : 9
                },
                {
                        "date" : ISODate("2013-09-18T00:00:00Z"),
                        "grade" : "A",
                        "score" : 10
                },
                {
                        "date" : ISODate("2012-09-20T00:00:00Z"),
                        "grade" : "A",
                        "score" : 13
                }
        ],
        "name" : "Carvel Ice Cream",
        "restaurant_id" : "40361322"
}
{
        "_id" : ObjectId("5c25f1db9dce437310501a4d"),
        "address" : {
                "building" : "1839",
                "coord" : [
                        -73.9482609,
                        40.6408271
                ],
                "street" : "Nostrand Avenue",
                "zipcode" : "11226"
        },
        "borough" : "Brooklyn",
        "cuisine" : "Ice Cream, Gelato, Yogurt, Ices",
        "grades" : [
                {
                        "date" : ISODate("2014-07-14T00:00:00Z"),
                        "grade" : "A",
                        "score" : 12
                },
                {
                        "date" : ISODate("2013-07-10T00:00:00Z"),
                        "grade" : "A",
                        "score" : 8
                },
                {
                        "date" : ISODate("2012-07-11T00:00:00Z"),
                        "grade" : "A",
                        "score" : 5
                },
                {
                        "date" : ISODate("2012-02-23T00:00:00Z"),
                        "grade" : "A",
                        "score" : 8
                }
        ],
        "name" : "Taste The Tropics Ice Cream",
        "restaurant_id" : "40356731"
}
{
        "_id" : ObjectId("5c25f1db9dce437310501a4e"),
        "address" : {
                "building" : "6909",
                "coord" : [
                        -74.0259567,
                        40.6353674
                ],
                "street" : "3 Avenue",
                "zipcode" : "11209"
        },
        "borough" : "Brooklyn",
        "cuisine" : "Delicatessen",
        "grades" : [
                {
                        "date" : ISODate("2014-08-21T00:00:00Z"),
                        "grade" : "A",
                        "score" : 4
                },
                {
                        "date" : ISODate("2014-03-05T00:00:00Z"),
                        "grade" : "A",
                        "score" : 3
                },
                {
                        "date" : ISODate("2013-01-10T00:00:00Z"),
                        "grade" : "A",
                        "score" : 10
                }
        ],
        "name" : "Nordic Delicacies",
        "restaurant_id" : "40361390"
}
{
        "_id" : ObjectId("5c25f1db9dce437310501a4f"),
        "address" : {
                "building" : "129-08",
                "coord" : [
                        -73.839297,
                        40.78147
                ],
                "street" : "20 Avenue",
                "zipcode" : "11356"
        },
        "borough" : "Queens",
        "cuisine" : "Delicatessen",
        "grades" : [
                {
                        "date" : ISODate("2014-08-16T00:00:00Z"),
                        "grade" : "A",
                        "score" : 12
                },
                {
                        "date" : ISODate("2013-08-27T00:00:00Z"),
                        "grade" : "A",
                        "score" : 9
                },
                {
                        "date" : ISODate("2012-09-20T00:00:00Z"),
                        "grade" : "A",
                        "score" : 7
                },
                {
                        "date" : ISODate("2011-09-29T00:00:00Z"),
                        "grade" : "A",
                        "score" : 10
                }
        ],
        "name" : "Sal'S Deli",
        "restaurant_id" : "40361618"
}
{
        "_id" : ObjectId("5c25f1db9dce437310501a50"),
        "address" : {
                "building" : "759",
                "coord" : [
                        -73.9925306,
                        40.7309346
                ],
                "street" : "Broadway",
                "zipcode" : "10003"
        },
        "borough" : "Manhattan",
        "cuisine" : "Delicatessen",
        "grades" : [
                {
                        "date" : ISODate("2014-01-21T00:00:00Z"),
                        "grade" : "A",
                        "score" : 12
                },
                {
                        "date" : ISODate("2013-01-04T00:00:00Z"),
                        "grade" : "A",
                        "score" : 11
                },
                {
                        "date" : ISODate("2012-06-07T00:00:00Z"),
                        "grade" : "A",
                        "score" : 6
                },
                {
                        "date" : ISODate("2012-01-17T00:00:00Z"),
                        "grade" : "A",
                        "score" : 8
                }
        ],
        "name" : "Bully'S Deli",
        "restaurant_id" : "40361708"
}
Type "it" for more
> show collections
addresses
> db.addresses.find({},{restaurant_id:1,name:1,borough:1,cuisine:1).pretty()
...
...
> db.addresses.find({},{restaurant_id:1,name:1,borough:1,cuisine:1}).pretty()
{
        "_id" : ObjectId("5c25f1db9dce437310501a3d"),
        "borough" : "Brooklyn",
        "cuisine" : "Hamburgers",
        "name" : "Wendy'S",
        "restaurant_id" : "30112340"
}
{
        "_id" : ObjectId("5c25f1db9dce437310501a3e"),
        "borough" : "Brooklyn",
        "cuisine" : "American ",
        "name" : "Riviera Caterer",
        "restaurant_id" : "40356018"
}
{
        "_id" : ObjectId("5c25f1db9dce437310501a3f"),
        "borough" : "Queens",
        "cuisine" : "American ",
        "name" : "Brunos On The Boulevard",
        "restaurant_id" : "40356151"
}
{
        "_id" : ObjectId("5c25f1db9dce437310501a40"),
        "borough" : "Queens",
        "cuisine" : "Jewish/Kosher",
        "name" : "Tov Kosher Kitchen",
        "restaurant_id" : "40356068"
}
{
        "_id" : ObjectId("5c25f1db9dce437310501a41"),
        "borough" : "Staten Island",
        "cuisine" : "Jewish/Kosher",
        "name" : "Kosher Island",
        "restaurant_id" : "40356442"
}
{
        "_id" : ObjectId("5c25f1db9dce437310501a42"),
        "borough" : "Brooklyn",
        "cuisine" : "Delicatessen",
        "name" : "Wilken'S Fine Food",
        "restaurant_id" : "40356483"
}
{
        "_id" : ObjectId("5c25f1db9dce437310501a43"),
        "borough" : "Manhattan",
        "cuisine" : "Irish",
        "name" : "Dj Reynolds Pub And Restaurant",
        "restaurant_id" : "30191841"
}
{
        "_id" : ObjectId("5c25f1db9dce437310501a44"),
        "borough" : "Brooklyn",
        "cuisine" : "American ",
        "name" : "Regina Caterers",
        "restaurant_id" : "40356649"
}
{
        "_id" : ObjectId("5c25f1db9dce437310501a45"),
        "borough" : "Brooklyn",
        "cuisine" : "American ",
        "name" : "C & C Catering Service",
        "restaurant_id" : "40357437"
}
{
        "_id" : ObjectId("5c25f1db9dce437310501a46"),
        "borough" : "Bronx",
        "cuisine" : "Bakery",
        "name" : "Morris Park Bake Shop",
        "restaurant_id" : "30075445"
}
{
        "_id" : ObjectId("5c25f1db9dce437310501a47"),
        "borough" : "Bronx",
        "cuisine" : "American ",
        "name" : "Wild Asia",
        "restaurant_id" : "40357217"
}
{
        "_id" : ObjectId("5c25f1db9dce437310501a48"),
        "borough" : "Brooklyn",
        "cuisine" : "Chinese",
        "name" : "May May Kitchen",
        "restaurant_id" : "40358429"
}
{
        "_id" : ObjectId("5c25f1db9dce437310501a49"),
        "borough" : "Manhattan",
        "cuisine" : "American ",
        "name" : "1 East 66Th Street Kitchen",
        "restaurant_id" : "40359480"
}
{
        "_id" : ObjectId("5c25f1db9dce437310501a4a"),
        "borough" : "Brooklyn",
        "cuisine" : "Jewish/Kosher",
        "name" : "Seuda Foods",
        "restaurant_id" : "40360045"
}
{
        "_id" : ObjectId("5c25f1db9dce437310501a4b"),
        "borough" : "Brooklyn",
        "cuisine" : "Ice Cream, Gelato, Yogurt, Ices",
        "name" : "Carvel Ice Cream",
        "restaurant_id" : "40360076"
}
{
        "_id" : ObjectId("5c25f1db9dce437310501a4c"),
        "borough" : "Queens",
        "cuisine" : "Ice Cream, Gelato, Yogurt, Ices",
        "name" : "Carvel Ice Cream",
        "restaurant_id" : "40361322"
}
{
        "_id" : ObjectId("5c25f1db9dce437310501a4d"),
        "borough" : "Brooklyn",
        "cuisine" : "Ice Cream, Gelato, Yogurt, Ices",
        "name" : "Taste The Tropics Ice Cream",
        "restaurant_id" : "40356731"
}
{
        "_id" : ObjectId("5c25f1db9dce437310501a4e"),
        "borough" : "Brooklyn",
        "cuisine" : "Delicatessen",
        "name" : "Nordic Delicacies",
        "restaurant_id" : "40361390"
}
{
        "_id" : ObjectId("5c25f1db9dce437310501a4f"),
        "borough" : "Queens",
        "cuisine" : "Delicatessen",
        "name" : "Sal'S Deli",
        "restaurant_id" : "40361618"
}
{
        "_id" : ObjectId("5c25f1db9dce437310501a50"),
        "borough" : "Manhattan",
        "cuisine" : "Delicatessen",
        "name" : "Bully'S Deli",
        "restaurant_id" : "40361708"
}
Type "it" for more
> it
{
        "_id" : ObjectId("5c25f1db9dce437310501a51"),
        "borough" : "Queens",
        "cuisine" : "Delicatessen",
        "name" : "Steve Chu'S Deli & Grocery",
        "restaurant_id" : "40361998"
}
{
        "_id" : ObjectId("5c25f1db9dce437310501a52"),
        "borough" : "Brooklyn",
        "cuisine" : "American ",
        "name" : "The Movable Feast",
        "restaurant_id" : "40361606"
}
{
        "_id" : ObjectId("5c25f1db9dce437310501a53"),
        "borough" : "Manhattan",
        "cuisine" : "Chicken",
        "name" : "Harriet'S Kitchen",
        "restaurant_id" : "40362098"
}
{
        "_id" : ObjectId("5c25f1db9dce437310501a54"),
        "borough" : "Manhattan",
        "cuisine" : "American ",
        "name" : "P & S Deli Grocery",
        "restaurant_id" : "40362264"
}
{
        "_id" : ObjectId("5c25f1db9dce437310501a55"),
        "borough" : "Manhattan",
        "cuisine" : "American ",
        "name" : "Angelika Film Center",
        "restaurant_id" : "40362274"
}
{
        "_id" : ObjectId("5c25f1db9dce437310501a56"),
        "borough" : "Brooklyn",
        "cuisine" : "Hamburgers",
        "name" : "White Castle",
        "restaurant_id" : "40362344"
}
{
        "_id" : ObjectId("5c25f1db9dce437310501a57"),
        "borough" : "Manhattan",
        "cuisine" : "American ",
        "name" : "Glorious Food",
        "restaurant_id" : "40361521"
}
{
        "_id" : ObjectId("5c25f1db9dce437310501a58"),
        "borough" : "Brooklyn",
        "cuisine" : "Caribbean",
        "name" : "Shashemene Int'L Restaura",
        "restaurant_id" : "40362869"
}
{
        "_id" : ObjectId("5c25f1db9dce437310501a59"),
        "borough" : "Manhattan",
        "cuisine" : "Turkish",
        "name" : "The Country Cafe",
        "restaurant_id" : "40362715"
}
{
        "_id" : ObjectId("5c25f1db9dce437310501a5a"),
        "borough" : "Manhattan",
        "cuisine" : "American ",
        "name" : "Downtown Deli",
        "restaurant_id" : "40363021"
}
{
        "_id" : ObjectId("5c25f1db9dce437310501a5b"),
        "borough" : "Bronx",
        "cuisine" : "Ice Cream, Gelato, Yogurt, Ices",
        "name" : "Carvel Ice Cream",
        "restaurant_id" : "40363093"
}
{
        "_id" : ObjectId("5c25f1db9dce437310501a5c"),
        "borough" : "Brooklyn",
        "cuisine" : "Donuts",
        "name" : "Dunkin' Donuts",
        "restaurant_id" : "40363098"
}
{
        "_id" : ObjectId("5c25f1db9dce437310501a5d"),
        "borough" : "Brooklyn",
        "cuisine" : "American ",
        "name" : "Mejlander & Mulgannon",
        "restaurant_id" : "40363117"
}
{
        "_id" : ObjectId("5c25f1db9dce437310501a5e"),
        "borough" : "Manhattan",
        "cuisine" : "Bakery",
        "name" : "Olive'S",
        "restaurant_id" : "40363151"
}
{
        "_id" : ObjectId("5c25f1db9dce437310501a5f"),
        "borough" : "Bronx",
        "cuisine" : "Chinese",
        "name" : "Happy Garden",
        "restaurant_id" : "40363289"
}
{
        "_id" : ObjectId("5c25f1db9dce437310501a60"),
        "borough" : "Queens",
        "cuisine" : "Chinese",
        "name" : "Ho Mei Restaurant",
        "restaurant_id" : "40362432"
}
{
        "_id" : ObjectId("5c25f1db9dce437310501a61"),
        "borough" : "Manhattan",
        "cuisine" : "American ",
        "name" : "Cafe Metro",
        "restaurant_id" : "40363298"
}
{
        "_id" : ObjectId("5c25f1db9dce437310501a62"),
        "borough" : "Queens",
        "cuisine" : "Delicatessen",
        "name" : "Tony'S Deli",
        "restaurant_id" : "40363333"
}
{
        "_id" : ObjectId("5c25f1db9dce437310501a63"),
        "borough" : "Staten Island",
        "cuisine" : "Delicatessen",
        "name" : "Bagels N Buns",
        "restaurant_id" : "40363427"
}
{
        "_id" : ObjectId("5c25f1db9dce437310501a64"),
        "borough" : "Queens",
        "cuisine" : "Bagels/Pretzels",
        "name" : "Hot Bagels",
        "restaurant_id" : "40363565"
}
Type "it" for more
> db.addresses.find({},{restaurant_id:1,name:1,borough:1,zipcode:1,_id:0}).pretty()
{ "borough" : "Brooklyn", "name" : "Wendy'S", "restaurant_id" : "30112340" }
{
        "borough" : "Brooklyn",
        "name" : "Riviera Caterer",
        "restaurant_id" : "40356018"
}
{
        "borough" : "Queens",
        "name" : "Brunos On The Boulevard",
        "restaurant_id" : "40356151"
}
{
        "borough" : "Queens",
        "name" : "Tov Kosher Kitchen",
        "restaurant_id" : "40356068"
}
{
        "borough" : "Staten Island",
        "name" : "Kosher Island",
        "restaurant_id" : "40356442"
}
{
        "borough" : "Brooklyn",
        "name" : "Wilken'S Fine Food",
        "restaurant_id" : "40356483"
}
{
        "borough" : "Manhattan",
        "name" : "Dj Reynolds Pub And Restaurant",
        "restaurant_id" : "30191841"
}
{
        "borough" : "Brooklyn",
        "name" : "Regina Caterers",
        "restaurant_id" : "40356649"
}
{
        "borough" : "Brooklyn",
        "name" : "C & C Catering Service",
        "restaurant_id" : "40357437"
}
{
        "borough" : "Bronx",
        "name" : "Morris Park Bake Shop",
        "restaurant_id" : "30075445"
}
{ "borough" : "Bronx", "name" : "Wild Asia", "restaurant_id" : "40357217" }
{
        "borough" : "Brooklyn",
        "name" : "May May Kitchen",
        "restaurant_id" : "40358429"
}
{
        "borough" : "Manhattan",
        "name" : "1 East 66Th Street Kitchen",
        "restaurant_id" : "40359480"
}
{
        "borough" : "Brooklyn",
        "name" : "Seuda Foods",
        "restaurant_id" : "40360045"
}
{
        "borough" : "Brooklyn",
        "name" : "Carvel Ice Cream",
        "restaurant_id" : "40360076"
}
{
        "borough" : "Queens",
        "name" : "Carvel Ice Cream",
        "restaurant_id" : "40361322"
}
{
        "borough" : "Brooklyn",
        "name" : "Taste The Tropics Ice Cream",
        "restaurant_id" : "40356731"
}
{
        "borough" : "Brooklyn",
        "name" : "Nordic Delicacies",
        "restaurant_id" : "40361390"
}
{
        "borough" : "Queens",
        "name" : "Sal'S Deli",
        "restaurant_id" : "40361618"
}
{
        "borough" : "Manhattan",
        "name" : "Bully'S Deli",
        "restaurant_id" : "40361708"
}
Type "it" for more
> db.addresses.find({},{restaurant_id:1,name:1,borough:1,address:{zipcode:1},_id:0}).pretty()
Error: error: {
        "ok" : 0,
        "errmsg" : "Unsupported projection option: address: { zipcode: 1.0 }",
        "code" : 2,
        "codeName" : "BadValue"
}
> db.addresses.find({},{restaurant_id:1,name:1,borough:1,{address:{zipcode:1}},_id:0}).pretty()
2018-12-28T15:30:37.730+0530 E QUERY    [thread1] SyntaxError: invalid property id @(shell):1:55
> db.addresses.find({},{restaurant_id:1,name:1,borough:1,address.zipcode:1,_id:0}).pretty()
2018-12-28T15:33:08.779+0530 E QUERY    [thread1] SyntaxError: missing : after property id @(shell):1:62
> db.addresses.find({},{restaurant_id:1,name:1,borough:1,"address.zipcode":1,_id:0}).pretty()
{
        "address" : {
                "zipcode" : "11225"
        },
        "borough" : "Brooklyn",
        "name" : "Wendy'S",
        "restaurant_id" : "30112340"
}
{
        "address" : {
                "zipcode" : "11224"
        },
        "borough" : "Brooklyn",
        "name" : "Riviera Caterer",
        "restaurant_id" : "40356018"
}
{
        "address" : {
                "zipcode" : "11369"
        },
        "borough" : "Queens",
        "name" : "Brunos On The Boulevard",
        "restaurant_id" : "40356151"
}
{
        "address" : {
                "zipcode" : "11374"
        },
        "borough" : "Queens",
        "name" : "Tov Kosher Kitchen",
        "restaurant_id" : "40356068"
}
{
        "address" : {
                "zipcode" : "10314"
        },
        "borough" : "Staten Island",
        "name" : "Kosher Island",
        "restaurant_id" : "40356442"
}
{
        "address" : {
                "zipcode" : "11234"
        },
        "borough" : "Brooklyn",
        "name" : "Wilken'S Fine Food",
        "restaurant_id" : "40356483"
}
{
        "address" : {
                "zipcode" : "10019"
        },
        "borough" : "Manhattan",
        "name" : "Dj Reynolds Pub And Restaurant",
        "restaurant_id" : "30191841"
}
{
        "address" : {
                "zipcode" : "11219"
        },
        "borough" : "Brooklyn",
        "name" : "Regina Caterers",
        "restaurant_id" : "40356649"
}
{
        "address" : {
                "zipcode" : "11214"
        },
        "borough" : "Brooklyn",
        "name" : "C & C Catering Service",
        "restaurant_id" : "40357437"
}
{
        "address" : {
                "zipcode" : "10462"
        },
        "borough" : "Bronx",
        "name" : "Morris Park Bake Shop",
        "restaurant_id" : "30075445"
}
{
        "address" : {
                "zipcode" : "10460"
        },
        "borough" : "Bronx",
        "name" : "Wild Asia",
        "restaurant_id" : "40357217"
}
{
        "address" : {
                "zipcode" : "11208"
        },
        "borough" : "Brooklyn",
        "name" : "May May Kitchen",
        "restaurant_id" : "40358429"
}
{
        "address" : {
                "zipcode" : "10065"
        },
        "borough" : "Manhattan",
        "name" : "1 East 66Th Street Kitchen",
        "restaurant_id" : "40359480"
}
{
        "address" : {
                "zipcode" : "11223"
        },
        "borough" : "Brooklyn",
        "name" : "Seuda Foods",
        "restaurant_id" : "40360045"
}
{
        "address" : {
                "zipcode" : "11218"
        },
        "borough" : "Brooklyn",
        "name" : "Carvel Ice Cream",
        "restaurant_id" : "40360076"
}
{
        "address" : {
                "zipcode" : "11004"
        },
        "borough" : "Queens",
        "name" : "Carvel Ice Cream",
        "restaurant_id" : "40361322"
}
{
        "address" : {
                "zipcode" : "11226"
        },
        "borough" : "Brooklyn",
        "name" : "Taste The Tropics Ice Cream",
        "restaurant_id" : "40356731"
}
{
        "address" : {
                "zipcode" : "11209"
        },
        "borough" : "Brooklyn",
        "name" : "Nordic Delicacies",
        "restaurant_id" : "40361390"
}
{
        "address" : {
                "zipcode" : "11356"
        },
        "borough" : "Queens",
        "name" : "Sal'S Deli",
        "restaurant_id" : "40361618"
}
{
        "address" : {
                "zipcode" : "10003"
        },
        "borough" : "Manhattan",
        "name" : "Bully'S Deli",
        "restaurant_id" : "40361708"
}
Type "it" for more
> it
{
        "address" : {
                "zipcode" : "11106"
        },
        "borough" : "Queens",
        "name" : "Steve Chu'S Deli & Grocery",
        "restaurant_id" : "40361998"
}
{
        "address" : {
                "zipcode" : "11215"
        },
        "borough" : "Brooklyn",
        "name" : "The Movable Feast",
        "restaurant_id" : "40361606"
}
{
        "address" : {
                "zipcode" : "10024"
        },
        "borough" : "Manhattan",
        "name" : "Harriet'S Kitchen",
        "restaurant_id" : "40362098"
}
{
        "address" : {
                "zipcode" : "10025"
        },
        "borough" : "Manhattan",
        "name" : "P & S Deli Grocery",
        "restaurant_id" : "40362264"
}
{
        "address" : {
                "zipcode" : "10012"
        },
        "borough" : "Manhattan",
        "name" : "Angelika Film Center",
        "restaurant_id" : "40362274"
}
{
        "address" : {
                "zipcode" : "11205"
        },
        "borough" : "Brooklyn",
        "name" : "White Castle",
        "restaurant_id" : "40362344"
}
{
        "address" : {
                "zipcode" : "10021"
        },
        "borough" : "Manhattan",
        "name" : "Glorious Food",
        "restaurant_id" : "40361521"
}
{
        "address" : {
                "zipcode" : "11203"
        },
        "borough" : "Brooklyn",
        "name" : "Shashemene Int'L Restaura",
        "restaurant_id" : "40362869"
}
{
        "address" : {
                "zipcode" : "10005"
        },
        "borough" : "Manhattan",
        "name" : "The Country Cafe",
        "restaurant_id" : "40362715"
}
{
        "address" : {
                "zipcode" : "10007"
        },
        "borough" : "Manhattan",
        "name" : "Downtown Deli",
        "restaurant_id" : "40363021"
}
{
        "address" : {
                "zipcode" : "10466"
        },
        "borough" : "Bronx",
        "name" : "Carvel Ice Cream",
        "restaurant_id" : "40363093"
}
{
        "address" : {
                "zipcode" : "11201"
        },
        "borough" : "Brooklyn",
        "name" : "Dunkin' Donuts",
        "restaurant_id" : "40363098"
}
{
        "address" : {
                "zipcode" : "11209"
        },
        "borough" : "Brooklyn",
        "name" : "Mejlander & Mulgannon",
        "restaurant_id" : "40363117"
}
{
        "address" : {
                "zipcode" : "10012"
        },
        "borough" : "Manhattan",
        "name" : "Olive'S",
        "restaurant_id" : "40363151"
}
{
        "address" : {
                "zipcode" : "10474"
        },
        "borough" : "Bronx",
        "name" : "Happy Garden",
        "restaurant_id" : "40363289"
}
{
        "address" : {
                "zipcode" : "11368"
        },
        "borough" : "Queens",
        "name" : "Ho Mei Restaurant",
        "restaurant_id" : "40362432"
}
{
        "address" : {
                "zipcode" : "10018"
        },
        "borough" : "Manhattan",
        "name" : "Cafe Metro",
        "restaurant_id" : "40363298"
}
{
        "address" : {
                "zipcode" : "11385"
        },
        "borough" : "Queens",
        "name" : "Tony'S Deli",
        "restaurant_id" : "40363333"
}
{
        "address" : {
                "zipcode" : "10314"
        },
        "borough" : "Staten Island",
        "name" : "Bagels N Buns",
        "restaurant_id" : "40363427"
}
{
        "address" : {
                "zipcode" : "11379"
        },
        "borough" : "Queens",
        "name" : "Hot Bagels",
        "restaurant_id" : "40363565"
}
Type "it" for more
> db.addresses.find({borough:"Bronx"},{restaurant_id:1,name:1,borough:1,"address.zipcode":1,_id:0}).pretty()
{
        "address" : {
                "zipcode" : "10462"
        },
        "borough" : "Bronx",
        "name" : "Morris Park Bake Shop",
        "restaurant_id" : "30075445"
}
{
        "address" : {
                "zipcode" : "10460"
        },
        "borough" : "Bronx",
        "name" : "Wild Asia",
        "restaurant_id" : "40357217"
}
{
        "address" : {
                "zipcode" : "10466"
        },
        "borough" : "Bronx",
        "name" : "Carvel Ice Cream",
        "restaurant_id" : "40363093"
}
{
        "address" : {
                "zipcode" : "10474"
        },
        "borough" : "Bronx",
        "name" : "Happy Garden",
        "restaurant_id" : "40363289"
}
{
        "address" : {
                "zipcode" : "10458"
        },
        "borough" : "Bronx",
        "name" : "Happy Garden",
        "restaurant_id" : "40364296"
}
{
        "address" : {
                "zipcode" : "10465"
        },
        "borough" : "Bronx",
        "name" : "Manhem Club",
        "restaurant_id" : "40364363"
}
{
        "address" : {
                "zipcode" : "10462"
        },
        "borough" : "Bronx",
        "name" : "The New Starling Athletic Club Of The Bronx",
        "restaurant_id" : "40364956"
}
{
        "address" : {
                "zipcode" : "10451"
        },
        "borough" : "Bronx",
        "name" : "Yankee Tavern",
        "restaurant_id" : "40365499"
}
{
        "address" : {
                "zipcode" : "10467"
        },
        "borough" : "Bronx",
        "name" : "Mcdwyers Pub",
        "restaurant_id" : "40365893"
}
{
        "address" : {
                "zipcode" : "10463"
        },
        "borough" : "Bronx",
        "name" : "The Punch Bowl",
        "restaurant_id" : "40366497"
}
{
        "address" : {
                "zipcode" : "10452"
        },
        "borough" : "Bronx",
        "name" : "Munchtime",
        "restaurant_id" : "40366748"
}
{
        "address" : {
                "zipcode" : "10475"
        },
        "borough" : "Bronx",
        "name" : "Ihop",
        "restaurant_id" : "40366833"
}
{
        "address" : {
                "zipcode" : "10462"
        },
        "borough" : "Bronx",
        "name" : "Lulu'S Coffee Shop",
        "restaurant_id" : "40366938"
}
{
        "address" : {
                "zipcode" : "10465"
        },
        "borough" : "Bronx",
        "name" : "Marina Delray",
        "restaurant_id" : "40367161"
}
{
        "address" : {
                "zipcode" : "10460"
        },
        "borough" : "Bronx",
        "name" : "Terrace Cafe",
        "restaurant_id" : "40368018"
}
{
        "address" : {
                "zipcode" : "10470"
        },
        "borough" : "Bronx",
        "name" : "The Lark'S Nest",
        "restaurant_id" : "40367946"
}
{
        "address" : {
                "zipcode" : "10460"
        },
        "borough" : "Bronx",
        "name" : "African Terrace",
        "restaurant_id" : "40368021"
}
{
        "address" : {
                "zipcode" : "10460"
        },
        "borough" : "Bronx",
        "name" : "Cool Zone",
        "restaurant_id" : "40368022"
}
{
        "address" : {
                "zipcode" : "10460"
        },
        "borough" : "Bronx",
        "name" : "Beaver Pond",
        "restaurant_id" : "40368025"
}
{
        "address" : {
                "zipcode" : "10460"
        },
        "borough" : "Bronx",
        "name" : "African Market (Baboon Cafe)",
        "restaurant_id" : "40368026"
}
Type "it" for more
> db.addresses.find({borough:"Bronx"}).pretty()
{
        "_id" : ObjectId("5c25f1db9dce437310501a46"),
        "address" : {
                "building" : "1007",
                "coord" : [
                        -73.856077,
                        40.848447
                ],
                "street" : "Morris Park Ave",
                "zipcode" : "10462"
        },
        "borough" : "Bronx",
        "cuisine" : "Bakery",
        "grades" : [
                {
                        "date" : ISODate("2014-03-03T00:00:00Z"),
                        "grade" : "A",
                        "score" : 2
                },
                {
                        "date" : ISODate("2013-09-11T00:00:00Z"),
                        "grade" : "A",
                        "score" : 6
                },
                {
                        "date" : ISODate("2013-01-24T00:00:00Z"),
                        "grade" : "A",
                        "score" : 10
                },
                {
                        "date" : ISODate("2011-11-23T00:00:00Z"),
                        "grade" : "A",
                        "score" : 9
                },
                {
                        "date" : ISODate("2011-03-10T00:00:00Z"),
                        "grade" : "B",
                        "score" : 14
                }
        ],
        "name" : "Morris Park Bake Shop",
        "restaurant_id" : "30075445"
}
{
        "_id" : ObjectId("5c25f1db9dce437310501a47"),
        "address" : {
                "building" : "2300",
                "coord" : [
                        -73.8786113,
                        40.8502883
                ],
                "street" : "Southern Boulevard",
                "zipcode" : "10460"
        },
        "borough" : "Bronx",
        "cuisine" : "American ",
        "grades" : [
                {
                        "date" : ISODate("2014-05-28T00:00:00Z"),
                        "grade" : "A",
                        "score" : 11
                },
                {
                        "date" : ISODate("2013-06-19T00:00:00Z"),
                        "grade" : "A",
                        "score" : 4
                },
                {
                        "date" : ISODate("2012-06-15T00:00:00Z"),
                        "grade" : "A",
                        "score" : 3
                }
        ],
        "name" : "Wild Asia",
        "restaurant_id" : "40357217"
}
{
        "_id" : ObjectId("5c25f1db9dce437310501a5b"),
        "address" : {
                "building" : "1006",
                "coord" : [
                        -73.84856870000002,
                        40.8903781
                ],
                "street" : "East 233 Street",
                "zipcode" : "10466"
        },
        "borough" : "Bronx",
        "cuisine" : "Ice Cream, Gelato, Yogurt, Ices",
        "grades" : [
                {
                        "date" : ISODate("2014-04-24T00:00:00Z"),
                        "grade" : "A",
                        "score" : 10
                },
                {
                        "date" : ISODate("2013-09-05T00:00:00Z"),
                        "grade" : "A",
                        "score" : 10
                },
                {
                        "date" : ISODate("2013-02-21T00:00:00Z"),
                        "grade" : "A",
                        "score" : 9
                },
                {
                        "date" : ISODate("2012-07-03T00:00:00Z"),
                        "grade" : "A",
                        "score" : 11
                },
                {
                        "date" : ISODate("2011-07-11T00:00:00Z"),
                        "grade" : "A",
                        "score" : 5
                }
        ],
        "name" : "Carvel Ice Cream",
        "restaurant_id" : "40363093"
}
{
        "_id" : ObjectId("5c25f1db9dce437310501a5f"),
        "address" : {
                "building" : "1236",
                "coord" : [
                        -73.8893654,
                        40.81376179999999
                ],
                "street" : "238 Spofford Ave",
                "zipcode" : "10474"
        },
        "borough" : "Bronx",
        "cuisine" : "Chinese",
        "grades" : [
                {
                        "date" : ISODate("2013-12-30T00:00:00Z"),
                        "grade" : "A",
                        "score" : 8
                },
                {
                        "date" : ISODate("2013-01-08T00:00:00Z"),
                        "grade" : "A",
                        "score" : 10
                },
                {
                        "date" : ISODate("2012-06-12T00:00:00Z"),
                        "grade" : "B",
                        "score" : 15
                }
        ],
        "name" : "Happy Garden",
        "restaurant_id" : "40363289"
}
{
        "_id" : ObjectId("5c25f1db9dce437310501a72"),
        "address" : {
                "building" : "277",
                "coord" : [
                        -73.8941893,
                        40.8634684
                ],
                "street" : "East Kingsbridge Road",
                "zipcode" : "10458"
        },
        "borough" : "Bronx",
        "cuisine" : "Chinese",
        "grades" : [
                {
                        "date" : ISODate("2014-03-03T00:00:00Z"),
                        "grade" : "A",
                        "score" : 10
                },
                {
                        "date" : ISODate("2013-09-26T00:00:00Z"),
                        "grade" : "A",
                        "score" : 10
                },
                {
                        "date" : ISODate("2013-03-19T00:00:00Z"),
                        "grade" : "A",
                        "score" : 10
                },
                {
                        "date" : ISODate("2012-08-29T00:00:00Z"),
                        "grade" : "A",
                        "score" : 11
                },
                {
                        "date" : ISODate("2011-08-17T00:00:00Z"),
                        "grade" : "A",
                        "score" : 13
                }
        ],
        "name" : "Happy Garden",
        "restaurant_id" : "40364296"
}
{
        "_id" : ObjectId("5c25f1db9dce437310501a78"),
        "address" : {
                "building" : "658",
                "coord" : [
                        -73.81363999999999,
                        40.82941100000001
                ],
                "street" : "Clarence Ave",
                "zipcode" : "10465"
        },
        "borough" : "Bronx",
        "cuisine" : "American ",
        "grades" : [
                {
                        "date" : ISODate("2014-06-21T00:00:00Z"),
                        "grade" : "A",
                        "score" : 5
                },
                {
                        "date" : ISODate("2012-07-11T00:00:00Z"),
                        "grade" : "A",
                        "score" : 10
                }
        ],
        "name" : "Manhem Club",
        "restaurant_id" : "40364363"
}
{
        "_id" : ObjectId("5c25f1db9dce437310501a92"),
        "address" : {
                "building" : "2222",
                "coord" : [
                        -73.84971759999999,
                        40.8304811
                ],
                "street" : "Haviland Avenue",
                "zipcode" : "10462"
        },
        "borough" : "Bronx",
        "cuisine" : "American ",
        "grades" : [
                {
                        "date" : ISODate("2014-12-18T00:00:00Z"),
                        "grade" : "A",
                        "score" : 7
                },
                {
                        "date" : ISODate("2014-05-01T00:00:00Z"),
                        "grade" : "B",
                        "score" : 17
                },
                {
                        "date" : ISODate("2013-03-14T00:00:00Z"),
                        "grade" : "A",
                        "score" : 12
                },
                {
                        "date" : ISODate("2012-09-20T00:00:00Z"),
                        "grade" : "A",
                        "score" : 9
                },
                {
                        "date" : ISODate("2012-02-08T00:00:00Z"),
                        "grade" : "B",
                        "score" : 19
                }
        ],
        "name" : "The New Starling Athletic Club Of The Bronx",
        "restaurant_id" : "40364956"
}
{
        "_id" : ObjectId("5c25f1db9dce437310501aab"),
        "address" : {
                "building" : "72",
                "coord" : [
                        -73.92506,
                        40.8275556
                ],
                "street" : "East  161 Street",
                "zipcode" : "10451"
        },
        "borough" : "Bronx",
        "cuisine" : "American ",
        "grades" : [
                {
                        "date" : ISODate("2014-04-15T00:00:00Z"),
                        "grade" : "A",
                        "score" : 9
                },
                {
                        "date" : ISODate("2013-11-14T00:00:00Z"),
                        "grade" : "A",
                        "score" : 4
                },
                {
                        "date" : ISODate("2013-07-29T00:00:00Z"),
                        "grade" : "A",
                        "score" : 10
                },
                {
                        "date" : ISODate("2012-12-31T00:00:00Z"),
                        "grade" : "B",
                        "score" : 15
                },
                {
                        "date" : ISODate("2012-05-30T00:00:00Z"),
                        "grade" : "A",
                        "score" : 13
                },
                {
                        "date" : ISODate("2012-01-09T00:00:00Z"),
                        "grade" : "A",
                        "score" : 10
                },
                {
                        "date" : ISODate("2011-08-15T00:00:00Z"),
                        "grade" : "C",
                        "score" : 37
                }
        ],
        "name" : "Yankee Tavern",
        "restaurant_id" : "40365499"
}
{
        "_id" : ObjectId("5c25f1db9dce437310501abc"),
        "address" : {
                "building" : "331",
                "coord" : [
                        -73.87786539999999,
                        40.8724377
                ],
                "street" : "East  204 Street",
                "zipcode" : "10467"
        },
        "borough" : "Bronx",
        "cuisine" : "Irish",
        "grades" : [
                {
                        "date" : ISODate("2014-08-26T00:00:00Z"),
                        "grade" : "A",
                        "score" : 10
                },
                {
                        "date" : ISODate("2014-03-26T00:00:00Z"),
                        "grade" : "B",
                        "score" : 23
                },
                {
                        "date" : ISODate("2013-09-11T00:00:00Z"),
                        "grade" : "A",
                        "score" : 13
                },
                {
                        "date" : ISODate("2012-12-18T00:00:00Z"),
                        "grade" : "B",
                        "score" : 27
                },
                {
                        "date" : ISODate("2011-10-20T00:00:00Z"),
                        "grade" : "A",
                        "score" : 13
                }
        ],
        "name" : "Mcdwyers Pub",
        "restaurant_id" : "40365893"
}
{
        "_id" : ObjectId("5c25f1db9dce437310501ad5"),
        "address" : {
                "building" : "5820",
                "coord" : [
                        -73.9002615,
                        40.885186
                ],
                "street" : "Broadway",
                "zipcode" : "10463"
        },
        "borough" : "Bronx",
        "cuisine" : "American ",
        "grades" : [
                {
                        "date" : ISODate("2014-02-26T00:00:00Z"),
                        "grade" : "A",
                        "score" : 5
                },
                {
                        "date" : ISODate("2013-10-09T00:00:00Z"),
                        "grade" : "B",
                        "score" : 19
                },
                {
                        "date" : ISODate("2013-05-15T00:00:00Z"),
                        "grade" : "A",
                        "score" : 9
                },
                {
                        "date" : ISODate("2012-11-20T00:00:00Z"),
                        "grade" : "B",
                        "score" : 18
                },
                {
                        "date" : ISODate("2011-10-17T00:00:00Z"),
                        "grade" : "A",
                        "score" : 10
                },
                {
                        "date" : ISODate("2011-06-22T00:00:00Z"),
                        "grade" : "C",
                        "score" : 35
                }
        ],
        "name" : "The Punch Bowl",
        "restaurant_id" : "40366497"
}
{
        "_id" : ObjectId("5c25f1db9dce437310501ae1"),
        "address" : {
                "building" : "21",
                "coord" : [
                        -73.9168424,
                        40.8401362
                ],
                "street" : "East  170 Street",
                "zipcode" : "10452"
        },
        "borough" : "Bronx",
        "cuisine" : "American ",
        "grades" : [
                {
                        "date" : ISODate("2014-12-16T00:00:00Z"),
                        "grade" : "B",
                        "score" : 22
                },
                {
                        "date" : ISODate("2014-08-12T00:00:00Z"),
                        "grade" : "A",
                        "score" : 7
                },
                {
                        "date" : ISODate("2014-03-03T00:00:00Z"),
                        "grade" : "B",
                        "score" : 22
                },
                {
                        "date" : ISODate("2013-08-29T00:00:00Z"),
                        "grade" : "A",
                        "score" : 12
                },
                {
                        "date" : ISODate("2012-08-29T00:00:00Z"),
                        "grade" : "A",
                        "score" : 10
                },
                {
                        "date" : ISODate("2012-02-13T00:00:00Z"),
                        "grade" : "B",
                        "score" : 16
                }
        ],
        "name" : "Munchtime",
        "restaurant_id" : "40366748"
}
{
        "_id" : ObjectId("5c25f1db9dce437310501ae2"),
        "address" : {
                "building" : "4340",
                "coord" : [
                        -73.8194559,
                        40.8899176
                ],
                "street" : "Boston Road",
                "zipcode" : "10475"
        },
        "borough" : "Bronx",
        "cuisine" : "Pancakes/Waffles",
        "grades" : [
                {
                        "date" : ISODate("2014-09-22T00:00:00Z"),
                        "grade" : "A",
                        "score" : 11
                },
                {
                        "date" : ISODate("2014-05-16T00:00:00Z"),
                        "grade" : "A",
                        "score" : 9
                },
                {
                        "date" : ISODate("2013-10-30T00:00:00Z"),
                        "grade" : "A",
                        "score" : 3
                },
                {
                        "date" : ISODate("2013-06-05T00:00:00Z"),
                        "grade" : "B",
                        "score" : 24
                },
                {
                        "date" : ISODate("2012-05-14T00:00:00Z"),
                        "grade" : "A",
                        "score" : 13
                },
                {
                        "date" : ISODate("2012-01-04T00:00:00Z"),
                        "grade" : "A",
                        "score" : 7
                }
        ],
        "name" : "Ihop",
        "restaurant_id" : "40366833"
}
{
        "_id" : ObjectId("5c25f1db9dce437310501ae8"),
        "address" : {
                "building" : "1191",
                "coord" : [
                        -73.8513114,
                        40.8316981
                ],
                "street" : "Castle Hill Avenue",
                "zipcode" : "10462"
        },
        "borough" : "Bronx",
        "cuisine" : "Caf/Coffee/Tea",
        "grades" : [
                {
                        "date" : ISODate("2014-07-03T00:00:00Z"),
                        "grade" : "A",
                        "score" : 12
                },
                {
                        "date" : ISODate("2013-07-08T00:00:00Z"),
                        "grade" : "A",
                        "score" : 9
                },
                {
                        "date" : ISODate("2013-02-11T00:00:00Z"),
                        "grade" : "A",
                        "score" : 11
                },
                {
                        "date" : ISODate("2012-08-14T00:00:00Z"),
                        "grade" : "B",
                        "score" : 14
                },
                {
                        "date" : ISODate("2011-08-23T00:00:00Z"),
                        "grade" : "A",
                        "score" : 12
                }
        ],
        "name" : "Lulu'S Coffee Shop",
        "restaurant_id" : "40366938"
}
{
        "_id" : ObjectId("5c25f1db9dce437310501aee"),
        "address" : {
                "building" : "2894",
                "coord" : [
                        -73.815175,
                        40.8137649
                ],
                "street" : "Schurz Ave",
                "zipcode" : "10465"
        },
        "borough" : "Bronx",
        "cuisine" : "American ",
        "grades" : [
                {
                        "date" : ISODate("2014-10-31T00:00:00Z"),
                        "grade" : "B",
                        "score" : 18
                },
                {
                        "date" : ISODate("2014-02-20T00:00:00Z"),
                        "grade" : "A",
                        "score" : 4
                },
                {
                        "date" : ISODate("2013-06-07T00:00:00Z"),
                        "grade" : "A",
                        "score" : 12
                },
                {
                        "date" : ISODate("2012-05-17T00:00:00Z"),
                        "grade" : "A",
                        "score" : 2
                }
        ],
        "name" : "Marina Delray",
        "restaurant_id" : "40367161"
}
{
        "_id" : ObjectId("5c25f1db9dce437310501b12"),
        "address" : {
                "building" : "2300",
                "coord" : [
                        -73.8786113,
                        40.8502883
                ],
                "street" : "Southern Boulevard",
                "zipcode" : "10460"
        },
        "borough" : "Bronx",
        "cuisine" : "Caf/Coffee/Tea",
        "grades" : [
                {
                        "date" : ISODate("2014-05-21T00:00:00Z"),
                        "grade" : "A",
                        "score" : 8
                },
                {
                        "date" : ISODate("2013-05-29T00:00:00Z"),
                        "grade" : "A",
                        "score" : 9
                },
                {
                        "date" : ISODate("2012-06-18T00:00:00Z"),
                        "grade" : "A",
                        "score" : 8
                }
        ],
        "name" : "Terrace Cafe",
        "restaurant_id" : "40368018"
}
{
        "_id" : ObjectId("5c25f1db9dce437310501b14"),
        "address" : {
                "building" : "4280",
                "coord" : [
                        -73.86697,
                        40.89794699999999
                ],
                "street" : "Katonah Ave",
                "zipcode" : "10470"
        },
        "borough" : "Bronx",
        "cuisine" : "Not Listed/Not Applicable",
        "grades" : [
                {
                        "date" : ISODate("2014-06-04T00:00:00Z"),
                        "grade" : "A",
                        "score" : 5
                },
                {
                        "date" : ISODate("2013-06-07T00:00:00Z"),
                        "grade" : "A",
                        "score" : 2
                },
                {
                        "date" : ISODate("2012-06-27T00:00:00Z"),
                        "grade" : "A",
                        "score" : 2
                },
                {
                        "date" : ISODate("2011-07-13T00:00:00Z"),
                        "grade" : "A",
                        "score" : 10
                }
        ],
        "name" : "The Lark'S Nest",
        "restaurant_id" : "40367946"
}
{
        "_id" : ObjectId("5c25f1db9dce437310501b15"),
        "address" : {
                "building" : "2300",
                "coord" : [
                        -73.8786113,
                        40.8502883
                ],
                "street" : "Southern Boulevard",
                "zipcode" : "10460"
        },
        "borough" : "Bronx",
        "cuisine" : "African",
        "grades" : [
                {
                        "date" : ISODate("2014-05-21T00:00:00Z"),
                        "grade" : "A",
                        "score" : 8
                },
                {
                        "date" : ISODate("2013-06-01T00:00:00Z"),
                        "grade" : "A",
                        "score" : 6
                },
                {
                        "date" : ISODate("2012-06-12T00:00:00Z"),
                        "grade" : "A",
                        "score" : 0
                },
                {
                        "date" : ISODate("2011-06-08T00:00:00Z"),
                        "grade" : "A",
                        "score" : 0
                }
        ],
        "name" : "African Terrace",
        "restaurant_id" : "40368021"
}
{
        "_id" : ObjectId("5c25f1db9dce437310501b16"),
        "address" : {
                "building" : "2300",
                "coord" : [
                        -73.8786113,
                        40.8502883
                ],
                "street" : "Southern Boulevard",
                "zipcode" : "10460"
        },
        "borough" : "Bronx",
        "cuisine" : "American ",
        "grades" : [
                {
                        "date" : ISODate("2014-05-21T00:00:00Z"),
                        "grade" : "A",
                        "score" : 2
                },
                {
                        "date" : ISODate("2013-05-22T00:00:00Z"),
                        "grade" : "A",
                        "score" : 11
                },
                {
                        "date" : ISODate("2012-05-17T00:00:00Z"),
                        "grade" : "A",
                        "score" : 12
                },
                {
                        "date" : ISODate("2011-06-08T00:00:00Z"),
                        "grade" : "A",
                        "score" : 5
                }
        ],
        "name" : "Cool Zone",
        "restaurant_id" : "40368022"
}
{
        "_id" : ObjectId("5c25f1db9dce437310501b17"),
        "address" : {
                "building" : "2300",
                "coord" : [
                        -73.8786113,
                        40.8502883
                ],
                "street" : "Southern Boulevard",
                "zipcode" : "10460"
        },
        "borough" : "Bronx",
        "cuisine" : "American ",
        "grades" : [
                {
                        "date" : ISODate("2014-05-21T00:00:00Z"),
                        "grade" : "A",
                        "score" : 11
                },
                {
                        "date" : ISODate("2013-05-29T00:00:00Z"),
                        "grade" : "A",
                        "score" : 10
                },
                {
                        "date" : ISODate("2012-06-15T00:00:00Z"),
                        "grade" : "A",
                        "score" : 2
                },
                {
                        "date" : ISODate("2011-06-08T00:00:00Z"),
                        "grade" : "A",
                        "score" : 0
                }
        ],
        "name" : "Beaver Pond",
        "restaurant_id" : "40368025"
}
{
        "_id" : ObjectId("5c25f1db9dce437310501b18"),
        "address" : {
                "building" : "2300",
                "coord" : [
                        -73.8786113,
                        40.8502883
                ],
                "street" : "Southern Boulevard",
                "zipcode" : "10460"
        },
        "borough" : "Bronx",
        "cuisine" : "American ",
        "grades" : [
                {
                        "date" : ISODate("2014-05-21T00:00:00Z"),
                        "grade" : "A",
                        "score" : 5
                },
                {
                        "date" : ISODate("2013-05-28T00:00:00Z"),
                        "grade" : "A",
                        "score" : 3
                },
                {
                        "date" : ISODate("2012-06-18T00:00:00Z"),
                        "grade" : "A",
                        "score" : 4
                },
                {
                        "date" : ISODate("2011-06-07T00:00:00Z"),
                        "grade" : "A",
                        "score" : 9
                }
        ],
        "name" : "African Market (Baboon Cafe)",
        "restaurant_id" : "40368026"
}
Type "it" for more
> db.addresses.find({borough:"Bronx"},{$limit:5}).pretty()
{ "_id" : ObjectId("5c25f1db9dce437310501a46") }
{ "_id" : ObjectId("5c25f1db9dce437310501a47") }
{ "_id" : ObjectId("5c25f1db9dce437310501a5b") }
{ "_id" : ObjectId("5c25f1db9dce437310501a5f") }
{ "_id" : ObjectId("5c25f1db9dce437310501a72") }
{ "_id" : ObjectId("5c25f1db9dce437310501a78") }
{ "_id" : ObjectId("5c25f1db9dce437310501a92") }
{ "_id" : ObjectId("5c25f1db9dce437310501aab") }
{ "_id" : ObjectId("5c25f1db9dce437310501abc") }
{ "_id" : ObjectId("5c25f1db9dce437310501ad5") }
{ "_id" : ObjectId("5c25f1db9dce437310501ae1") }
{ "_id" : ObjectId("5c25f1db9dce437310501ae2") }
{ "_id" : ObjectId("5c25f1db9dce437310501ae8") }
{ "_id" : ObjectId("5c25f1db9dce437310501aee") }
{ "_id" : ObjectId("5c25f1db9dce437310501b12") }
{ "_id" : ObjectId("5c25f1db9dce437310501b14") }
{ "_id" : ObjectId("5c25f1db9dce437310501b15") }
{ "_id" : ObjectId("5c25f1db9dce437310501b16") }
{ "_id" : ObjectId("5c25f1db9dce437310501b17") }
{ "_id" : ObjectId("5c25f1db9dce437310501b18") }
Type "it" for more
> db.addresses.aggregate([{$match:{borough:"Bronx"}},{$limit:5}]).pretty()
{
        "_id" : ObjectId("5c25f1db9dce437310501a46"),
        "address" : {
                "building" : "1007",
                "coord" : [
                        -73.856077,
                        40.848447
                ],
                "street" : "Morris Park Ave",
                "zipcode" : "10462"
        },
        "borough" : "Bronx",
        "cuisine" : "Bakery",
        "grades" : [
                {
                        "date" : ISODate("2014-03-03T00:00:00Z"),
                        "grade" : "A",
                        "score" : 2
                },
                {
                        "date" : ISODate("2013-09-11T00:00:00Z"),
                        "grade" : "A",
                        "score" : 6
                },
                {
                        "date" : ISODate("2013-01-24T00:00:00Z"),
                        "grade" : "A",
                        "score" : 10
                },
                {
                        "date" : ISODate("2011-11-23T00:00:00Z"),
                        "grade" : "A",
                        "score" : 9
                },
                {
                        "date" : ISODate("2011-03-10T00:00:00Z"),
                        "grade" : "B",
                        "score" : 14
                }
        ],
        "name" : "Morris Park Bake Shop",
        "restaurant_id" : "30075445"
}
{
        "_id" : ObjectId("5c25f1db9dce437310501a47"),
        "address" : {
                "building" : "2300",
                "coord" : [
                        -73.8786113,
                        40.8502883
                ],
                "street" : "Southern Boulevard",
                "zipcode" : "10460"
        },
        "borough" : "Bronx",
        "cuisine" : "American ",
        "grades" : [
                {
                        "date" : ISODate("2014-05-28T00:00:00Z"),
                        "grade" : "A",
                        "score" : 11
                },
                {
                        "date" : ISODate("2013-06-19T00:00:00Z"),
                        "grade" : "A",
                        "score" : 4
                },
                {
                        "date" : ISODate("2012-06-15T00:00:00Z"),
                        "grade" : "A",
                        "score" : 3
                }
        ],
        "name" : "Wild Asia",
        "restaurant_id" : "40357217"
}
{
        "_id" : ObjectId("5c25f1db9dce437310501a5b"),
        "address" : {
                "building" : "1006",
                "coord" : [
                        -73.84856870000002,
                        40.8903781
                ],
                "street" : "East 233 Street",
                "zipcode" : "10466"
        },
        "borough" : "Bronx",
        "cuisine" : "Ice Cream, Gelato, Yogurt, Ices",
        "grades" : [
                {
                        "date" : ISODate("2014-04-24T00:00:00Z"),
                        "grade" : "A",
                        "score" : 10
                },
                {
                        "date" : ISODate("2013-09-05T00:00:00Z"),
                        "grade" : "A",
                        "score" : 10
                },
                {
                        "date" : ISODate("2013-02-21T00:00:00Z"),
                        "grade" : "A",
                        "score" : 9
                },
                {
                        "date" : ISODate("2012-07-03T00:00:00Z"),
                        "grade" : "A",
                        "score" : 11
                },
                {
                        "date" : ISODate("2011-07-11T00:00:00Z"),
                        "grade" : "A",
                        "score" : 5
                }
        ],
        "name" : "Carvel Ice Cream",
        "restaurant_id" : "40363093"
}
{
        "_id" : ObjectId("5c25f1db9dce437310501a5f"),
        "address" : {
                "building" : "1236",
                "coord" : [
                        -73.8893654,
                        40.81376179999999
                ],
                "street" : "238 Spofford Ave",
                "zipcode" : "10474"
        },
        "borough" : "Bronx",
        "cuisine" : "Chinese",
        "grades" : [
                {
                        "date" : ISODate("2013-12-30T00:00:00Z"),
                        "grade" : "A",
                        "score" : 8
                },
                {
                        "date" : ISODate("2013-01-08T00:00:00Z"),
                        "grade" : "A",
                        "score" : 10
                },
                {
                        "date" : ISODate("2012-06-12T00:00:00Z"),
                        "grade" : "B",
                        "score" : 15
                }
        ],
        "name" : "Happy Garden",
        "restaurant_id" : "40363289"
}
{
        "_id" : ObjectId("5c25f1db9dce437310501a72"),
        "address" : {
                "building" : "277",
                "coord" : [
                        -73.8941893,
                        40.8634684
                ],
                "street" : "East Kingsbridge Road",
                "zipcode" : "10458"
        },
        "borough" : "Bronx",
        "cuisine" : "Chinese",
        "grades" : [
                {
                        "date" : ISODate("2014-03-03T00:00:00Z"),
                        "grade" : "A",
                        "score" : 10
                },
                {
                        "date" : ISODate("2013-09-26T00:00:00Z"),
                        "grade" : "A",
                        "score" : 10
                },
                {
                        "date" : ISODate("2013-03-19T00:00:00Z"),
                        "grade" : "A",
                        "score" : 10
                },
                {
                        "date" : ISODate("2012-08-29T00:00:00Z"),
                        "grade" : "A",
                        "score" : 11
                },
                {
                        "date" : ISODate("2011-08-17T00:00:00Z"),
                        "grade" : "A",
                        "score" : 13
                }
        ],
        "name" : "Happy Garden",
        "restaurant_id" : "40364296"
}
> db.addresses.aggregate([{$match:{borough:"Bronx"}}]).pretty()
{
        "_id" : ObjectId("5c25f1db9dce437310501a46"),
        "address" : {
                "building" : "1007",
                "coord" : [
                        -73.856077,
                        40.848447
                ],
                "street" : "Morris Park Ave",
                "zipcode" : "10462"
        },
        "borough" : "Bronx",
        "cuisine" : "Bakery",
        "grades" : [
                {
                        "date" : ISODate("2014-03-03T00:00:00Z"),
                        "grade" : "A",
                        "score" : 2
                },
                {
                        "date" : ISODate("2013-09-11T00:00:00Z"),
                        "grade" : "A",
                        "score" : 6
                },
                {
                        "date" : ISODate("2013-01-24T00:00:00Z"),
                        "grade" : "A",
                        "score" : 10
                },
                {
                        "date" : ISODate("2011-11-23T00:00:00Z"),
                        "grade" : "A",
                        "score" : 9
                },
                {
                        "date" : ISODate("2011-03-10T00:00:00Z"),
                        "grade" : "B",
                        "score" : 14
                }
        ],
        "name" : "Morris Park Bake Shop",
        "restaurant_id" : "30075445"
}
{
        "_id" : ObjectId("5c25f1db9dce437310501a47"),
        "address" : {
                "building" : "2300",
                "coord" : [
                        -73.8786113,
                        40.8502883
                ],
                "street" : "Southern Boulevard",
                "zipcode" : "10460"
        },
        "borough" : "Bronx",
        "cuisine" : "American ",
        "grades" : [
                {
                        "date" : ISODate("2014-05-28T00:00:00Z"),
                        "grade" : "A",
                        "score" : 11
                },
                {
                        "date" : ISODate("2013-06-19T00:00:00Z"),
                        "grade" : "A",
                        "score" : 4
                },
                {
                        "date" : ISODate("2012-06-15T00:00:00Z"),
                        "grade" : "A",
                        "score" : 3
                }
        ],
        "name" : "Wild Asia",
        "restaurant_id" : "40357217"
}
{
        "_id" : ObjectId("5c25f1db9dce437310501a5b"),
        "address" : {
                "building" : "1006",
                "coord" : [
                        -73.84856870000002,
                        40.8903781
                ],
                "street" : "East 233 Street",
                "zipcode" : "10466"
        },
        "borough" : "Bronx",
        "cuisine" : "Ice Cream, Gelato, Yogurt, Ices",
        "grades" : [
                {
                        "date" : ISODate("2014-04-24T00:00:00Z"),
                        "grade" : "A",
                        "score" : 10
                },
                {
                        "date" : ISODate("2013-09-05T00:00:00Z"),
                        "grade" : "A",
                        "score" : 10
                },
                {
                        "date" : ISODate("2013-02-21T00:00:00Z"),
                        "grade" : "A",
                        "score" : 9
                },
                {
                        "date" : ISODate("2012-07-03T00:00:00Z"),
                        "grade" : "A",
                        "score" : 11
                },
                {
                        "date" : ISODate("2011-07-11T00:00:00Z"),
                        "grade" : "A",
                        "score" : 5
                }
        ],
        "name" : "Carvel Ice Cream",
        "restaurant_id" : "40363093"
}
{
        "_id" : ObjectId("5c25f1db9dce437310501a5f"),
        "address" : {
                "building" : "1236",
                "coord" : [
                        -73.8893654,
                        40.81376179999999
                ],
                "street" : "238 Spofford Ave",
                "zipcode" : "10474"
        },
        "borough" : "Bronx",
        "cuisine" : "Chinese",
        "grades" : [
                {
                        "date" : ISODate("2013-12-30T00:00:00Z"),
                        "grade" : "A",
                        "score" : 8
                },
                {
                        "date" : ISODate("2013-01-08T00:00:00Z"),
                        "grade" : "A",
                        "score" : 10
                },
                {
                        "date" : ISODate("2012-06-12T00:00:00Z"),
                        "grade" : "B",
                        "score" : 15
                }
        ],
        "name" : "Happy Garden",
        "restaurant_id" : "40363289"
}
{
        "_id" : ObjectId("5c25f1db9dce437310501a72"),
        "address" : {
                "building" : "277",
                "coord" : [
                        -73.8941893,
                        40.8634684
                ],
                "street" : "East Kingsbridge Road",
                "zipcode" : "10458"
        },
        "borough" : "Bronx",
        "cuisine" : "Chinese",
        "grades" : [
                {
                        "date" : ISODate("2014-03-03T00:00:00Z"),
                        "grade" : "A",
                        "score" : 10
                },
                {
                        "date" : ISODate("2013-09-26T00:00:00Z"),
                        "grade" : "A",
                        "score" : 10
                },
                {
                        "date" : ISODate("2013-03-19T00:00:00Z"),
                        "grade" : "A",
                        "score" : 10
                },
                {
                        "date" : ISODate("2012-08-29T00:00:00Z"),
                        "grade" : "A",
                        "score" : 11
                },
                {
                        "date" : ISODate("2011-08-17T00:00:00Z"),
                        "grade" : "A",
                        "score" : 13
                }
        ],
        "name" : "Happy Garden",
        "restaurant_id" : "40364296"
}
{
        "_id" : ObjectId("5c25f1db9dce437310501a78"),
        "address" : {
                "building" : "658",
                "coord" : [
                        -73.81363999999999,
                        40.82941100000001
                ],
                "street" : "Clarence Ave",
                "zipcode" : "10465"
        },
        "borough" : "Bronx",
        "cuisine" : "American ",
        "grades" : [
                {
                        "date" : ISODate("2014-06-21T00:00:00Z"),
                        "grade" : "A",
                        "score" : 5
                },
                {
                        "date" : ISODate("2012-07-11T00:00:00Z"),
                        "grade" : "A",
                        "score" : 10
                }
        ],
        "name" : "Manhem Club",
        "restaurant_id" : "40364363"
}
{
        "_id" : ObjectId("5c25f1db9dce437310501a92"),
        "address" : {
                "building" : "2222",
                "coord" : [
                        -73.84971759999999,
                        40.8304811
                ],
                "street" : "Haviland Avenue",
                "zipcode" : "10462"
        },
        "borough" : "Bronx",
        "cuisine" : "American ",
        "grades" : [
                {
                        "date" : ISODate("2014-12-18T00:00:00Z"),
                        "grade" : "A",
                        "score" : 7
                },
                {
                        "date" : ISODate("2014-05-01T00:00:00Z"),
                        "grade" : "B",
                        "score" : 17
                },
                {
                        "date" : ISODate("2013-03-14T00:00:00Z"),
                        "grade" : "A",
                        "score" : 12
                },
                {
                        "date" : ISODate("2012-09-20T00:00:00Z"),
                        "grade" : "A",
                        "score" : 9
                },
                {
                        "date" : ISODate("2012-02-08T00:00:00Z"),
                        "grade" : "B",
                        "score" : 19
                }
        ],
        "name" : "The New Starling Athletic Club Of The Bronx",
        "restaurant_id" : "40364956"
}
{
        "_id" : ObjectId("5c25f1db9dce437310501aab"),
        "address" : {
                "building" : "72",
                "coord" : [
                        -73.92506,
                        40.8275556
                ],
                "street" : "East  161 Street",
                "zipcode" : "10451"
        },
        "borough" : "Bronx",
        "cuisine" : "American ",
        "grades" : [
                {
                        "date" : ISODate("2014-04-15T00:00:00Z"),
                        "grade" : "A",
                        "score" : 9
                },
                {
                        "date" : ISODate("2013-11-14T00:00:00Z"),
                        "grade" : "A",
                        "score" : 4
                },
                {
                        "date" : ISODate("2013-07-29T00:00:00Z"),
                        "grade" : "A",
                        "score" : 10
                },
                {
                        "date" : ISODate("2012-12-31T00:00:00Z"),
                        "grade" : "B",
                        "score" : 15
                },
                {
                        "date" : ISODate("2012-05-30T00:00:00Z"),
                        "grade" : "A",
                        "score" : 13
                },
                {
                        "date" : ISODate("2012-01-09T00:00:00Z"),
                        "grade" : "A",
                        "score" : 10
                },
                {
                        "date" : ISODate("2011-08-15T00:00:00Z"),
                        "grade" : "C",
                        "score" : 37
                }
        ],
        "name" : "Yankee Tavern",
        "restaurant_id" : "40365499"
}
{
        "_id" : ObjectId("5c25f1db9dce437310501abc"),
        "address" : {
                "building" : "331",
                "coord" : [
                        -73.87786539999999,
                        40.8724377
                ],
                "street" : "East  204 Street",
                "zipcode" : "10467"
        },
        "borough" : "Bronx",
        "cuisine" : "Irish",
        "grades" : [
                {
                        "date" : ISODate("2014-08-26T00:00:00Z"),
                        "grade" : "A",
                        "score" : 10
                },
                {
                        "date" : ISODate("2014-03-26T00:00:00Z"),
                        "grade" : "B",
                        "score" : 23
                },
                {
                        "date" : ISODate("2013-09-11T00:00:00Z"),
                        "grade" : "A",
                        "score" : 13
                },
                {
                        "date" : ISODate("2012-12-18T00:00:00Z"),
                        "grade" : "B",
                        "score" : 27
                },
                {
                        "date" : ISODate("2011-10-20T00:00:00Z"),
                        "grade" : "A",
                        "score" : 13
                }
        ],
        "name" : "Mcdwyers Pub",
        "restaurant_id" : "40365893"
}
{
        "_id" : ObjectId("5c25f1db9dce437310501ad5"),
        "address" : {
                "building" : "5820",
                "coord" : [
                        -73.9002615,
                        40.885186
                ],
                "street" : "Broadway",
                "zipcode" : "10463"
        },
        "borough" : "Bronx",
        "cuisine" : "American ",
        "grades" : [
                {
                        "date" : ISODate("2014-02-26T00:00:00Z"),
                        "grade" : "A",
                        "score" : 5
                },
                {
                        "date" : ISODate("2013-10-09T00:00:00Z"),
                        "grade" : "B",
                        "score" : 19
                },
                {
                        "date" : ISODate("2013-05-15T00:00:00Z"),
                        "grade" : "A",
                        "score" : 9
                },
                {
                        "date" : ISODate("2012-11-20T00:00:00Z"),
                        "grade" : "B",
                        "score" : 18
                },
                {
                        "date" : ISODate("2011-10-17T00:00:00Z"),
                        "grade" : "A",
                        "score" : 10
                },
                {
                        "date" : ISODate("2011-06-22T00:00:00Z"),
                        "grade" : "C",
                        "score" : 35
                }
        ],
        "name" : "The Punch Bowl",
        "restaurant_id" : "40366497"
}
{
        "_id" : ObjectId("5c25f1db9dce437310501ae1"),
        "address" : {
                "building" : "21",
                "coord" : [
                        -73.9168424,
                        40.8401362
                ],
                "street" : "East  170 Street",
                "zipcode" : "10452"
        },
        "borough" : "Bronx",
        "cuisine" : "American ",
        "grades" : [
                {
                        "date" : ISODate("2014-12-16T00:00:00Z"),
                        "grade" : "B",
                        "score" : 22
                },
                {
                        "date" : ISODate("2014-08-12T00:00:00Z"),
                        "grade" : "A",
                        "score" : 7
                },
                {
                        "date" : ISODate("2014-03-03T00:00:00Z"),
                        "grade" : "B",
                        "score" : 22
                },
                {
                        "date" : ISODate("2013-08-29T00:00:00Z"),
                        "grade" : "A",
                        "score" : 12
                },
                {
                        "date" : ISODate("2012-08-29T00:00:00Z"),
                        "grade" : "A",
                        "score" : 10
                },
                {
                        "date" : ISODate("2012-02-13T00:00:00Z"),
                        "grade" : "B",
                        "score" : 16
                }
        ],
        "name" : "Munchtime",
        "restaurant_id" : "40366748"
}
{
        "_id" : ObjectId("5c25f1db9dce437310501ae2"),
        "address" : {
                "building" : "4340",
                "coord" : [
                        -73.8194559,
                        40.8899176
                ],
                "street" : "Boston Road",
                "zipcode" : "10475"
        },
        "borough" : "Bronx",
        "cuisine" : "Pancakes/Waffles",
        "grades" : [
                {
                        "date" : ISODate("2014-09-22T00:00:00Z"),
                        "grade" : "A",
                        "score" : 11
                },
                {
                        "date" : ISODate("2014-05-16T00:00:00Z"),
                        "grade" : "A",
                        "score" : 9
                },
                {
                        "date" : ISODate("2013-10-30T00:00:00Z"),
                        "grade" : "A",
                        "score" : 3
                },
                {
                        "date" : ISODate("2013-06-05T00:00:00Z"),
                        "grade" : "B",
                        "score" : 24
                },
                {
                        "date" : ISODate("2012-05-14T00:00:00Z"),
                        "grade" : "A",
                        "score" : 13
                },
                {
                        "date" : ISODate("2012-01-04T00:00:00Z"),
                        "grade" : "A",
                        "score" : 7
                }
        ],
        "name" : "Ihop",
        "restaurant_id" : "40366833"
}
{
        "_id" : ObjectId("5c25f1db9dce437310501ae8"),
        "address" : {
                "building" : "1191",
                "coord" : [
                        -73.8513114,
                        40.8316981
                ],
                "street" : "Castle Hill Avenue",
                "zipcode" : "10462"
        },
        "borough" : "Bronx",
        "cuisine" : "Caf/Coffee/Tea",
        "grades" : [
                {
                        "date" : ISODate("2014-07-03T00:00:00Z"),
                        "grade" : "A",
                        "score" : 12
                },
                {
                        "date" : ISODate("2013-07-08T00:00:00Z"),
                        "grade" : "A",
                        "score" : 9
                },
                {
                        "date" : ISODate("2013-02-11T00:00:00Z"),
                        "grade" : "A",
                        "score" : 11
                },
                {
                        "date" : ISODate("2012-08-14T00:00:00Z"),
                        "grade" : "B",
                        "score" : 14
                },
                {
                        "date" : ISODate("2011-08-23T00:00:00Z"),
                        "grade" : "A",
                        "score" : 12
                }
        ],
        "name" : "Lulu'S Coffee Shop",
        "restaurant_id" : "40366938"
}
{
        "_id" : ObjectId("5c25f1db9dce437310501aee"),
        "address" : {
                "building" : "2894",
                "coord" : [
                        -73.815175,
                        40.8137649
                ],
                "street" : "Schurz Ave",
                "zipcode" : "10465"
        },
        "borough" : "Bronx",
        "cuisine" : "American ",
        "grades" : [
                {
                        "date" : ISODate("2014-10-31T00:00:00Z"),
                        "grade" : "B",
                        "score" : 18
                },
                {
                        "date" : ISODate("2014-02-20T00:00:00Z"),
                        "grade" : "A",
                        "score" : 4
                },
                {
                        "date" : ISODate("2013-06-07T00:00:00Z"),
                        "grade" : "A",
                        "score" : 12
                },
                {
                        "date" : ISODate("2012-05-17T00:00:00Z"),
                        "grade" : "A",
                        "score" : 2
                }
        ],
        "name" : "Marina Delray",
        "restaurant_id" : "40367161"
}
{
        "_id" : ObjectId("5c25f1db9dce437310501b12"),
        "address" : {
                "building" : "2300",
                "coord" : [
                        -73.8786113,
                        40.8502883
                ],
                "street" : "Southern Boulevard",
                "zipcode" : "10460"
        },
        "borough" : "Bronx",
        "cuisine" : "Caf/Coffee/Tea",
        "grades" : [
                {
                        "date" : ISODate("2014-05-21T00:00:00Z"),
                        "grade" : "A",
                        "score" : 8
                },
                {
                        "date" : ISODate("2013-05-29T00:00:00Z"),
                        "grade" : "A",
                        "score" : 9
                },
                {
                        "date" : ISODate("2012-06-18T00:00:00Z"),
                        "grade" : "A",
                        "score" : 8
                }
        ],
        "name" : "Terrace Cafe",
        "restaurant_id" : "40368018"
}
{
        "_id" : ObjectId("5c25f1db9dce437310501b14"),
        "address" : {
                "building" : "4280",
                "coord" : [
                        -73.86697,
                        40.89794699999999
                ],
                "street" : "Katonah Ave",
                "zipcode" : "10470"
        },
        "borough" : "Bronx",
        "cuisine" : "Not Listed/Not Applicable",
        "grades" : [
                {
                        "date" : ISODate("2014-06-04T00:00:00Z"),
                        "grade" : "A",
                        "score" : 5
                },
                {
                        "date" : ISODate("2013-06-07T00:00:00Z"),
                        "grade" : "A",
                        "score" : 2
                },
                {
                        "date" : ISODate("2012-06-27T00:00:00Z"),
                        "grade" : "A",
                        "score" : 2
                },
                {
                        "date" : ISODate("2011-07-13T00:00:00Z"),
                        "grade" : "A",
                        "score" : 10
                }
        ],
        "name" : "The Lark'S Nest",
        "restaurant_id" : "40367946"
}
{
        "_id" : ObjectId("5c25f1db9dce437310501b15"),
        "address" : {
                "building" : "2300",
                "coord" : [
                        -73.8786113,
                        40.8502883
                ],
                "street" : "Southern Boulevard",
                "zipcode" : "10460"
        },
        "borough" : "Bronx",
        "cuisine" : "African",
        "grades" : [
                {
                        "date" : ISODate("2014-05-21T00:00:00Z"),
                        "grade" : "A",
                        "score" : 8
                },
                {
                        "date" : ISODate("2013-06-01T00:00:00Z"),
                        "grade" : "A",
                        "score" : 6
                },
                {
                        "date" : ISODate("2012-06-12T00:00:00Z"),
                        "grade" : "A",
                        "score" : 0
                },
                {
                        "date" : ISODate("2011-06-08T00:00:00Z"),
                        "grade" : "A",
                        "score" : 0
                }
        ],
        "name" : "African Terrace",
        "restaurant_id" : "40368021"
}
{
        "_id" : ObjectId("5c25f1db9dce437310501b16"),
        "address" : {
                "building" : "2300",
                "coord" : [
                        -73.8786113,
                        40.8502883
                ],
                "street" : "Southern Boulevard",
                "zipcode" : "10460"
        },
        "borough" : "Bronx",
        "cuisine" : "American ",
        "grades" : [
                {
                        "date" : ISODate("2014-05-21T00:00:00Z"),
                        "grade" : "A",
                        "score" : 2
                },
                {
                        "date" : ISODate("2013-05-22T00:00:00Z"),
                        "grade" : "A",
                        "score" : 11
                },
                {
                        "date" : ISODate("2012-05-17T00:00:00Z"),
                        "grade" : "A",
                        "score" : 12
                },
                {
                        "date" : ISODate("2011-06-08T00:00:00Z"),
                        "grade" : "A",
                        "score" : 5
                }
        ],
        "name" : "Cool Zone",
        "restaurant_id" : "40368022"
}
{
        "_id" : ObjectId("5c25f1db9dce437310501b17"),
        "address" : {
                "building" : "2300",
                "coord" : [
                        -73.8786113,
                        40.8502883
                ],
                "street" : "Southern Boulevard",
                "zipcode" : "10460"
        },
        "borough" : "Bronx",
        "cuisine" : "American ",
        "grades" : [
                {
                        "date" : ISODate("2014-05-21T00:00:00Z"),
                        "grade" : "A",
                        "score" : 11
                },
                {
                        "date" : ISODate("2013-05-29T00:00:00Z"),
                        "grade" : "A",
                        "score" : 10
                },
                {
                        "date" : ISODate("2012-06-15T00:00:00Z"),
                        "grade" : "A",
                        "score" : 2
                },
                {
                        "date" : ISODate("2011-06-08T00:00:00Z"),
                        "grade" : "A",
                        "score" : 0
                }
        ],
        "name" : "Beaver Pond",
        "restaurant_id" : "40368025"
}
{
        "_id" : ObjectId("5c25f1db9dce437310501b18"),
        "address" : {
                "building" : "2300",
                "coord" : [
                        -73.8786113,
                        40.8502883
                ],
                "street" : "Southern Boulevard",
                "zipcode" : "10460"
        },
        "borough" : "Bronx",
        "cuisine" : "American ",
        "grades" : [
                {
                        "date" : ISODate("2014-05-21T00:00:00Z"),
                        "grade" : "A",
                        "score" : 5
                },
                {
                        "date" : ISODate("2013-05-28T00:00:00Z"),
                        "grade" : "A",
                        "score" : 3
                },
                {
                        "date" : ISODate("2012-06-18T00:00:00Z"),
                        "grade" : "A",
                        "score" : 4
                },
                {
                        "date" : ISODate("2011-06-07T00:00:00Z"),
                        "grade" : "A",
                        "score" : 9
                }
        ],
        "name" : "African Market (Baboon Cafe)",
        "restaurant_id" : "40368026"
}
Type "it" for more
> it
{
        "_id" : ObjectId("5c25f1db9dce437310501b36"),
        "address" : {
                "building" : "3533",
                "coord" : [
                        -73.9100082,
                        40.8863835
                ],
                "street" : "Johnson Avenue",
                "zipcode" : "10463"
        },
        "borough" : "Bronx",
        "cuisine" : "American ",
        "grades" : [
                {
                        "date" : ISODate("2014-02-20T00:00:00Z"),
                        "grade" : "A",
                        "score" : 12
                },
                {
                        "date" : ISODate("2013-09-09T00:00:00Z"),
                        "grade" : "A",
                        "score" : 12
                },
                {
                        "date" : ISODate("2013-03-26T00:00:00Z"),
                        "grade" : "A",
                        "score" : 5
                },
                {
                        "date" : ISODate("2013-03-08T00:00:00Z"),
                        "grade" : "P",
                        "score" : 2
                },
                {
                        "date" : ISODate("2012-09-26T00:00:00Z"),
                        "grade" : "A",
                        "score" : 9
                },
                {
                        "date" : ISODate("2012-04-13T00:00:00Z"),
                        "grade" : "A",
                        "score" : 11
                },
                {
                        "date" : ISODate("2011-07-26T00:00:00Z"),
                        "grade" : "A",
                        "score" : 13
                },
                {
                        "date" : ISODate("2011-02-26T00:00:00Z"),
                        "grade" : "A",
                        "score" : 13
                }
        ],
        "name" : "Blue Bay Restaurant",
        "restaurant_id" : "40369087"
}
{
        "_id" : ObjectId("5c25f1db9dce437310501b3e"),
        "address" : {
                "building" : "591",
                "coord" : [
                        -73.790804,
                        40.8541848
                ],
                "street" : "City Island Ave",
                "zipcode" : "10464"
        },
        "borough" : "Bronx",
        "cuisine" : "Seafood",
        "grades" : [
                {
                        "date" : ISODate("2014-12-11T00:00:00Z"),
                        "grade" : "A",
                        "score" : 13
                },
                {
                        "date" : ISODate("2014-06-07T00:00:00Z"),
                        "grade" : "A",
                        "score" : 12
                },
                {
                        "date" : ISODate("2013-11-09T00:00:00Z"),
                        "grade" : "A",
                        "score" : 12
                },
                {
                        "date" : ISODate("2013-04-16T00:00:00Z"),
                        "grade" : "B",
                        "score" : 22
                },
                {
                        "date" : ISODate("2012-02-29T00:00:00Z"),
                        "grade" : "A",
                        "score" : 9
                }
        ],
        "name" : "Seashore Restaurant",
        "restaurant_id" : "40369299"
}
{
        "_id" : ObjectId("5c25f1db9dce437310501b4a"),
        "address" : {
                "building" : "2375",
                "coord" : [
                        -73.85534559999999,
                        40.8426433
                ],
                "street" : "East Tremont Avenue",
                "zipcode" : "10462"
        },
        "borough" : "Bronx",
        "cuisine" : "American ",
        "grades" : [
                {
                        "date" : ISODate("2014-10-14T00:00:00Z"),
                        "grade" : "A",
                        "score" : 13
                },
                {
                        "date" : ISODate("2014-04-08T00:00:00Z"),
                        "grade" : "A",
                        "score" : 8
                },
                {
                        "date" : ISODate("2013-11-04T00:00:00Z"),
                        "grade" : "C",
                        "score" : 45
                },
                {
                        "date" : ISODate("2013-05-23T00:00:00Z"),
                        "grade" : "A",
                        "score" : 10
                },
                {
                        "date" : ISODate("2012-10-18T00:00:00Z"),
                        "grade" : "B",
                        "score" : 15
                },
                {
                        "date" : ISODate("2012-10-05T00:00:00Z"),
                        "grade" : "P",
                        "score" : 12
                },
                {
                        "date" : ISODate("2012-05-14T00:00:00Z"),
                        "grade" : "A",
                        "score" : 12
                },
                {
                        "date" : ISODate("2011-12-21T00:00:00Z"),
                        "grade" : "A",
                        "score" : 11
                }
        ],
        "name" : "Bronx Grill",
        "restaurant_id" : "40369601"
}
{
        "_id" : ObjectId("5c25f1db9dce437310501b4c"),
        "address" : {
                "building" : "2",
                "coord" : [
                        -73.7826735,
                        40.8377713
                ],
                "street" : "City Island Ave",
                "zipcode" : "10464"
        },
        "borough" : "Bronx",
        "cuisine" : "Seafood",
        "grades" : [
                {
                        "date" : ISODate("2014-05-17T00:00:00Z"),
                        "grade" : "A",
                        "score" : 13
                },
                {
                        "date" : ISODate("2013-06-24T00:00:00Z"),
                        "grade" : "A",
                        "score" : 10
                },
                {
                        "date" : ISODate("2012-05-10T00:00:00Z"),
                        "grade" : "A",
                        "score" : 13
                },
                {
                        "date" : ISODate("2011-05-23T00:00:00Z"),
                        "grade" : "A",
                        "score" : 12
                }
        ],
        "name" : "Johnny'S Reef Restaurant",
        "restaurant_id" : "40369641"
}
{
        "_id" : ObjectId("5c25f1db9dce437310501b4f"),
        "address" : {
                "building" : "2701",
                "coord" : [
                        -72.7329266,
                        41.3099228
                ],
                "street" : "Boston Post Road",
                "zipcode" : "10467"
        },
        "borough" : "Bronx",
        "cuisine" : "Hamburgers",
        "grades" : [
                {
                        "date" : ISODate("2014-05-28T00:00:00Z"),
                        "grade" : "A",
                        "score" : 9
                },
                {
                        "date" : ISODate("2014-01-16T00:00:00Z"),
                        "grade" : "A",
                        "score" : 5
                },
                {
                        "date" : ISODate("2013-01-02T00:00:00Z"),
                        "grade" : "A",
                        "score" : 12
                },
                {
                        "date" : ISODate("2011-12-27T00:00:00Z"),
                        "grade" : "A",
                        "score" : 2
                }
        ],
        "name" : "White Castle",
        "restaurant_id" : "40369669"
}
{
        "_id" : ObjectId("5c25f1db9dce437310501b5b"),
        "address" : {
                "building" : "576581",
                "coord" : [
                        -73.9030535,
                        40.8812538
                ],
                "street" : "Broadway",
                "zipcode" : "10463"
        },
        "borough" : "Bronx",
        "cuisine" : "Hamburgers",
        "grades" : [
                {
                        "date" : ISODate("2014-04-16T00:00:00Z"),
                        "grade" : "A",
                        "score" : 7
                },
                {
                        "date" : ISODate("2013-11-06T00:00:00Z"),
                        "grade" : "A",
                        "score" : 9
                },
                {
                        "date" : ISODate("2013-06-17T00:00:00Z"),
                        "grade" : "A",
                        "score" : 11
                },
                {
                        "date" : ISODate("2012-12-31T00:00:00Z"),
                        "grade" : "A",
                        "score" : 9
                },
                {
                        "date" : ISODate("2012-07-10T00:00:00Z"),
                        "grade" : "A",
                        "score" : 4
                },
                {
                        "date" : ISODate("2012-02-07T00:00:00Z"),
                        "grade" : "A",
                        "score" : 5
                }
        ],
        "name" : "Mcdonald'S",
        "restaurant_id" : "40369915"
}
{
        "_id" : ObjectId("5c25f1db9dce437310501b5d"),
        "address" : {
                "building" : "170",
                "coord" : [
                        -73.9035553,
                        40.878342
                ],
                "street" : "West  231 Street",
                "zipcode" : "10463"
        },
        "borough" : "Bronx",
        "cuisine" : "American ",
        "grades" : [
                {
                        "date" : ISODate("2014-10-01T00:00:00Z"),
                        "grade" : "B",
                        "score" : 18
                },
                {
                        "date" : ISODate("2014-04-23T00:00:00Z"),
                        "grade" : "A",
                        "score" : 12
                },
                {
                        "date" : ISODate("2013-10-23T00:00:00Z"),
                        "grade" : "A",
                        "score" : 11
                },
                {
                        "date" : ISODate("2013-05-21T00:00:00Z"),
                        "grade" : "B",
                        "score" : 19
                },
                {
                        "date" : ISODate("2013-05-02T00:00:00Z"),
                        "grade" : "P",
                        "score" : 3
                },
                {
                        "date" : ISODate("2012-11-20T00:00:00Z"),
                        "grade" : "B",
                        "score" : 24
                }
        ],
        "name" : "P & K'S Grill",
        "restaurant_id" : "40369895"
}
{
        "_id" : ObjectId("5c25f1db9dce437310501b6c"),
        "address" : {
                "building" : "4272",
                "coord" : [
                        -73.86720489999999,
                        40.8977501
                ],
                "street" : "Katonah Avenue",
                "zipcode" : "10470"
        },
        "borough" : "Bronx",
        "cuisine" : "American ",
        "grades" : [
                {
                        "date" : ISODate("2014-05-23T00:00:00Z"),
                        "grade" : "A",
                        "score" : 11
                },
                {
                        "date" : ISODate("2013-11-04T00:00:00Z"),
                        "grade" : "A",
                        "score" : 10
                },
                {
                        "date" : ISODate("2013-04-29T00:00:00Z"),
                        "grade" : "A",
                        "score" : 10
                },
                {
                        "date" : ISODate("2012-09-24T00:00:00Z"),
                        "grade" : "B",
                        "score" : 15
                }
        ],
        "name" : "John Mulligan'S Fireside Pub",
        "restaurant_id" : "40370150"
}
{
        "_id" : ObjectId("5c25f1db9dce437310501b90"),
        "address" : {
                "building" : "3660",
                "coord" : [
                        -73.82339809999999,
                        40.8276846
                ],
                "street" : "East Tremont Avenue",
                "zipcode" : "10465"
        },
        "borough" : "Bronx",
        "cuisine" : "Hamburgers",
        "grades" : [
                {
                        "date" : ISODate("2014-04-28T00:00:00Z"),
                        "grade" : "A",
                        "score" : 13
                },
                {
                        "date" : ISODate("2013-04-30T00:00:00Z"),
                        "grade" : "A",
                        "score" : 2
                },
                {
                        "date" : ISODate("2012-04-26T00:00:00Z"),
                        "grade" : "A",
                        "score" : 9
                },
                {
                        "date" : ISODate("2011-10-11T00:00:00Z"),
                        "grade" : "B",
                        "score" : 20
                },
                {
                        "date" : ISODate("2011-05-26T00:00:00Z"),
                        "grade" : "A",
                        "score" : 10
                }
        ],
        "name" : "Mcdonald'S",
        "restaurant_id" : "40372196"
}
{
        "_id" : ObjectId("5c25f1db9dce437310501ba1"),
        "address" : {
                "building" : "1599",
                "coord" : [
                        -73.87575,
                        40.8294396
                ],
                "street" : "Westchester Avenue",
                "zipcode" : "10472"
        },
        "borough" : "Bronx",
        "cuisine" : "Pizza",
        "grades" : [
                {
                        "date" : ISODate("2015-01-13T00:00:00Z"),
                        "grade" : "Z",
                        "score" : 17
                },
                {
                        "date" : ISODate("2014-08-04T00:00:00Z"),
                        "grade" : "A",
                        "score" : 2
                },
                {
                        "date" : ISODate("2014-07-21T00:00:00Z"),
                        "grade" : "P",
                        "score" : 12
                },
                {
                        "date" : ISODate("2014-02-20T00:00:00Z"),
                        "grade" : "A",
                        "score" : 9
                },
                {
                        "date" : ISODate("2013-08-15T00:00:00Z"),
                        "grade" : "A",
                        "score" : 9
                },
                {
                        "date" : ISODate("2013-03-13T00:00:00Z"),
                        "grade" : "A",
                        "score" : 9
                },
                {
                        "date" : ISODate("2012-01-17T00:00:00Z"),
                        "grade" : "A",
                        "score" : 10
                }
        ],
        "name" : "Yankee Jz Pizza",
        "restaurant_id" : "40372631"
}
{
        "_id" : ObjectId("5c25f1db9dce437310501bb6"),
        "address" : {
                "building" : "5655",
                "coord" : [
                        -73.90401159999999,
                        40.8803571
                ],
                "street" : "Broadway",
                "zipcode" : "10463"
        },
        "borough" : "Bronx",
        "cuisine" : "Pancakes/Waffles",
        "grades" : [
                {
                        "date" : ISODate("2014-08-08T00:00:00Z"),
                        "grade" : "A",
                        "score" : 3
                },
                {
                        "date" : ISODate("2014-03-11T00:00:00Z"),
                        "grade" : "A",
                        "score" : 12
                },
                {
                        "date" : ISODate("2013-09-04T00:00:00Z"),
                        "grade" : "A",
                        "score" : 10
                },
                {
                        "date" : ISODate("2013-01-28T00:00:00Z"),
                        "grade" : "A",
                        "score" : 12
                },
                {
                        "date" : ISODate("2012-07-31T00:00:00Z"),
                        "grade" : "A",
                        "score" : 8
                },
                {
                        "date" : ISODate("2012-03-13T00:00:00Z"),
                        "grade" : "B",
                        "score" : 21
                }
        ],
        "name" : "Ihop",
        "restaurant_id" : "40373938"
}
{
        "_id" : ObjectId("5c25f1db9dce437310501bbc"),
        "address" : {
                "building" : "1",
                "coord" : [
                        -73.78309349999999,
                        40.8374725
                ],
                "street" : "City Island Ave",
                "zipcode" : "10464"
        },
        "borough" : "Bronx",
        "cuisine" : "Seafood",
        "grades" : [
                {
                        "date" : ISODate("2014-06-25T00:00:00Z"),
                        "grade" : "B",
                        "score" : 15
                },
                {
                        "date" : ISODate("2013-12-11T00:00:00Z"),
                        "grade" : "A",
                        "score" : 6
                },
                {
                        "date" : ISODate("2012-10-16T00:00:00Z"),
                        "grade" : "A",
                        "score" : 10
                },
                {
                        "date" : ISODate("2011-10-17T00:00:00Z"),
                        "grade" : "A",
                        "score" : 13
                }
        ],
        "name" : "Tony'S Pier Restaurant",
        "restaurant_id" : "40374136"
}
{
        "_id" : ObjectId("5c25f1db9dce437310501bc0"),
        "address" : {
                "building" : "2942",
                "coord" : [
                        -73.832183,
                        40.84710099999999
                ],
                "street" : "Westchester Avenue",
                "zipcode" : "10461"
        },
        "borough" : "Bronx",
        "cuisine" : "American ",
        "grades" : [
                {
                        "date" : ISODate("2014-02-10T00:00:00Z"),
                        "grade" : "A",
                        "score" : 8
                },
                {
                        "date" : ISODate("2013-09-18T00:00:00Z"),
                        "grade" : "A",
                        "score" : 12
                },
                {
                        "date" : ISODate("2013-04-17T00:00:00Z"),
                        "grade" : "B",
                        "score" : 25
                },
                {
                        "date" : ISODate("2012-10-15T00:00:00Z"),
                        "grade" : "B",
                        "score" : 25
                },
                {
                        "date" : ISODate("2011-10-17T00:00:00Z"),
                        "grade" : "A",
                        "score" : 12
                },
                {
                        "date" : ISODate("2011-07-14T00:00:00Z"),
                        "grade" : "B",
                        "score" : 18
                }
        ],
        "name" : "Quality Cafe & Restaurant",
        "restaurant_id" : "40374259"
}
{
        "_id" : ObjectId("5c25f1db9dce437310501bcd"),
        "address" : {
                "building" : "1200",
                "coord" : [
                        -73.8507489,
                        40.832069
                ],
                "street" : "Castle Hill Avenue",
                "zipcode" : "10462"
        },
        "borough" : "Bronx",
        "cuisine" : "Chinese/Cuban",
        "grades" : [
                {
                        "date" : ISODate("2014-10-29T00:00:00Z"),
                        "grade" : "B",
                        "score" : 15
                },
                {
                        "date" : ISODate("2014-04-03T00:00:00Z"),
                        "grade" : "A",
                        "score" : 7
                },
                {
                        "date" : ISODate("2012-02-16T00:00:00Z"),
                        "grade" : "A",
                        "score" : 5
                }
        ],
        "name" : "Sabrosura Restaurant",
        "restaurant_id" : "40375136"
}
{
        "_id" : ObjectId("5c25f1db9dce437310501bf2"),
        "address" : {
                "building" : "703",
                "coord" : [
                        -73.79064389999999,
                        40.8575687
                ],
                "street" : "Minnieford Ave",
                "zipcode" : "10464"
        },
        "borough" : "Bronx",
        "cuisine" : "Seafood",
        "grades" : [
                {
                        "date" : ISODate("2014-09-09T00:00:00Z"),
                        "grade" : "A",
                        "score" : 12
                },
                {
                        "date" : ISODate("2014-04-01T00:00:00Z"),
                        "grade" : "A",
                        "score" : 13
                },
                {
                        "date" : ISODate("2013-08-26T00:00:00Z"),
                        "grade" : "A",
                        "score" : 10
                },
                {
                        "date" : ISODate("2013-03-04T00:00:00Z"),
                        "grade" : "A",
                        "score" : 13
                },
                {
                        "date" : ISODate("2012-06-14T00:00:00Z"),
                        "grade" : "A",
                        "score" : 10
                }
        ],
        "name" : "Jp'S Waterside Restaurant",
        "restaurant_id" : "40377124"
}
{
        "_id" : ObjectId("5c25f1db9dce437310501bf5"),
        "address" : {
                "building" : "749",
                "coord" : [
                        -73.8657838,
                        40.8544744
                ],
                "street" : "Lydig Avenue",
                "zipcode" : "10462"
        },
        "borough" : "Bronx",
        "cuisine" : "Pizza/Italian",
        "grades" : [
                {
                        "date" : ISODate("2015-01-09T00:00:00Z"),
                        "grade" : "Z",
                        "score" : 17
                },
                {
                        "date" : ISODate("2014-06-25T00:00:00Z"),
                        "grade" : "B",
                        "score" : 20
                },
                {
                        "date" : ISODate("2013-12-09T00:00:00Z"),
                        "grade" : "B",
                        "score" : 22
                },
                {
                        "date" : ISODate("2013-06-15T00:00:00Z"),
                        "grade" : "B",
                        "score" : 24
                },
                {
                        "date" : ISODate("2012-05-30T00:00:00Z"),
                        "grade" : "A",
                        "score" : 7
                }
        ],
        "name" : "John & Joe Pizzeria & Restaurant",
        "restaurant_id" : "40377243"
}
{
        "_id" : ObjectId("5c25f1db9dce437310501c08"),
        "address" : {
                "building" : "1014",
                "coord" : [
                        -73.89687649999999,
                        40.8166811
                ],
                "street" : "Longwood Avenue",
                "zipcode" : "10459"
        },
        "borough" : "Bronx",
        "cuisine" : "Pizza",
        "grades" : [
                {
                        "date" : ISODate("2014-09-25T00:00:00Z"),
                        "grade" : "Z",
                        "score" : 24
                },
                {
                        "date" : ISODate("2014-03-19T00:00:00Z"),
                        "grade" : "A",
                        "score" : 7
                },
                {
                        "date" : ISODate("2014-01-21T00:00:00Z"),
                        "grade" : "P",
                        "score" : 10
                },
                {
                        "date" : ISODate("2013-06-14T00:00:00Z"),
                        "grade" : "C",
                        "score" : 40
                },
                {
                        "date" : ISODate("2012-11-29T00:00:00Z"),
                        "grade" : "A",
                        "score" : 11
                },
                {
                        "date" : ISODate("2012-06-22T00:00:00Z"),
                        "grade" : "B",
                        "score" : 22
                },
                {
                        "date" : ISODate("2012-01-19T00:00:00Z"),
                        "grade" : "B",
                        "score" : 22
                }
        ],
        "name" : "Tony'S Pizza",
        "restaurant_id" : "40378347"
}
{
        "_id" : ObjectId("5c25f1db9dce437310501c19"),
        "address" : {
                "building" : "4090",
                "coord" : [
                        -83.8842292,
                        30.6928463
                ],
                "street" : "Boston Post Road",
                "zipcode" : "10475"
        },
        "borough" : "Bronx",
        "cuisine" : "Donuts",
        "grades" : [
                {
                        "date" : ISODate("2014-07-09T00:00:00Z"),
                        "grade" : "A",
                        "score" : 12
                },
                {
                        "date" : ISODate("2013-07-16T00:00:00Z"),
                        "grade" : "A",
                        "score" : 8
                },
                {
                        "date" : ISODate("2012-08-01T00:00:00Z"),
                        "grade" : "A",
                        "score" : 12
                }
        ],
        "name" : "Dunkin' Donuts",
        "restaurant_id" : "40379573"
}
{
        "_id" : ObjectId("5c25f1db9dce437310501c21"),
        "address" : {
                "building" : "4277",
                "coord" : [
                        -73.8675389,
                        40.8977829
                ],
                "street" : "Katonah Ave",
                "zipcode" : "10470"
        },
        "borough" : "Bronx",
        "cuisine" : "Irish",
        "grades" : [
                {
                        "date" : ISODate("2014-10-06T00:00:00Z"),
                        "grade" : "A",
                        "score" : 2
                },
                {
                        "date" : ISODate("2013-10-16T00:00:00Z"),
                        "grade" : "A",
                        "score" : 7
                },
                {
                        "date" : ISODate("2013-04-30T00:00:00Z"),
                        "grade" : "A",
                        "score" : 12
                },
                {
                        "date" : ISODate("2012-04-30T00:00:00Z"),
                        "grade" : "A",
                        "score" : 8
                },
                {
                        "date" : ISODate("2011-11-01T00:00:00Z"),
                        "grade" : "A",
                        "score" : 11
                }
        ],
        "name" : "Aqueduct North",
        "restaurant_id" : "40379894"
}
{
        "_id" : ObjectId("5c25f1db9dce437310501c29"),
        "address" : {
                "building" : "158",
                "coord" : [
                        -73.8982405,
                        40.8616283
                ],
                "street" : "E. 188 Th St",
                "zipcode" : "10468"
        },
        "borough" : "Bronx",
        "cuisine" : "Spanish",
        "grades" : [
                {
                        "date" : ISODate("2014-12-11T00:00:00Z"),
                        "grade" : "A",
                        "score" : 7
                },
                {
                        "date" : ISODate("2014-07-24T00:00:00Z"),
                        "grade" : "A",
                        "score" : 9
                },
                {
                        "date" : ISODate("2014-02-10T00:00:00Z"),
                        "grade" : "A",
                        "score" : 12
                },
                {
                        "date" : ISODate("2013-08-12T00:00:00Z"),
                        "grade" : "B",
                        "score" : 21
                },
                {
                        "date" : ISODate("2013-01-08T00:00:00Z"),
                        "grade" : "A",
                        "score" : 8
                },
                {
                        "date" : ISODate("2011-12-15T00:00:00Z"),
                        "grade" : "A",
                        "score" : 9
                }
        ],
        "name" : "Cuchifritos",
        "restaurant_id" : "40380164"
}
Type "it" for more
> db.addresses.aggregate([{$match:{borough:"Bronx"}},{$skip:5},{$limit:5}]).pretty()
{
        "_id" : ObjectId("5c25f1db9dce437310501a78"),
        "address" : {
                "building" : "658",
                "coord" : [
                        -73.81363999999999,
                        40.82941100000001
                ],
                "street" : "Clarence Ave",
                "zipcode" : "10465"
        },
        "borough" : "Bronx",
        "cuisine" : "American ",
        "grades" : [
                {
                        "date" : ISODate("2014-06-21T00:00:00Z"),
                        "grade" : "A",
                        "score" : 5
                },
                {
                        "date" : ISODate("2012-07-11T00:00:00Z"),
                        "grade" : "A",
                        "score" : 10
                }
        ],
        "name" : "Manhem Club",
        "restaurant_id" : "40364363"
}
{
        "_id" : ObjectId("5c25f1db9dce437310501a92"),
        "address" : {
                "building" : "2222",
                "coord" : [
                        -73.84971759999999,
                        40.8304811
                ],
                "street" : "Haviland Avenue",
                "zipcode" : "10462"
        },
        "borough" : "Bronx",
        "cuisine" : "American ",
        "grades" : [
                {
                        "date" : ISODate("2014-12-18T00:00:00Z"),
                        "grade" : "A",
                        "score" : 7
                },
                {
                        "date" : ISODate("2014-05-01T00:00:00Z"),
                        "grade" : "B",
                        "score" : 17
                },
                {
                        "date" : ISODate("2013-03-14T00:00:00Z"),
                        "grade" : "A",
                        "score" : 12
                },
                {
                        "date" : ISODate("2012-09-20T00:00:00Z"),
                        "grade" : "A",
                        "score" : 9
                },
                {
                        "date" : ISODate("2012-02-08T00:00:00Z"),
                        "grade" : "B",
                        "score" : 19
                }
        ],
        "name" : "The New Starling Athletic Club Of The Bronx",
        "restaurant_id" : "40364956"
}
{
        "_id" : ObjectId("5c25f1db9dce437310501aab"),
        "address" : {
                "building" : "72",
                "coord" : [
                        -73.92506,
                        40.8275556
                ],
                "street" : "East  161 Street",
                "zipcode" : "10451"
        },
        "borough" : "Bronx",
        "cuisine" : "American ",
        "grades" : [
                {
                        "date" : ISODate("2014-04-15T00:00:00Z"),
                        "grade" : "A",
                        "score" : 9
                },
                {
                        "date" : ISODate("2013-11-14T00:00:00Z"),
                        "grade" : "A",
                        "score" : 4
                },
                {
                        "date" : ISODate("2013-07-29T00:00:00Z"),
                        "grade" : "A",
                        "score" : 10
                },
                {
                        "date" : ISODate("2012-12-31T00:00:00Z"),
                        "grade" : "B",
                        "score" : 15
                },
                {
                        "date" : ISODate("2012-05-30T00:00:00Z"),
                        "grade" : "A",
                        "score" : 13
                },
                {
                        "date" : ISODate("2012-01-09T00:00:00Z"),
                        "grade" : "A",
                        "score" : 10
                },
                {
                        "date" : ISODate("2011-08-15T00:00:00Z"),
                        "grade" : "C",
                        "score" : 37
                }
        ],
        "name" : "Yankee Tavern",
        "restaurant_id" : "40365499"
}
{
        "_id" : ObjectId("5c25f1db9dce437310501abc"),
        "address" : {
                "building" : "331",
                "coord" : [
                        -73.87786539999999,
                        40.8724377
                ],
                "street" : "East  204 Street",
                "zipcode" : "10467"
        },
        "borough" : "Bronx",
        "cuisine" : "Irish",
        "grades" : [
                {
                        "date" : ISODate("2014-08-26T00:00:00Z"),
                        "grade" : "A",
                        "score" : 10
                },
                {
                        "date" : ISODate("2014-03-26T00:00:00Z"),
                        "grade" : "B",
                        "score" : 23
                },
                {
                        "date" : ISODate("2013-09-11T00:00:00Z"),
                        "grade" : "A",
                        "score" : 13
                },
                {
                        "date" : ISODate("2012-12-18T00:00:00Z"),
                        "grade" : "B",
                        "score" : 27
                },
                {
                        "date" : ISODate("2011-10-20T00:00:00Z"),
                        "grade" : "A",
                        "score" : 13
                }
        ],
        "name" : "Mcdwyers Pub",
        "restaurant_id" : "40365893"
}
{
        "_id" : ObjectId("5c25f1db9dce437310501ad5"),
        "address" : {
                "building" : "5820",
                "coord" : [
                        -73.9002615,
                        40.885186
                ],
                "street" : "Broadway",
                "zipcode" : "10463"
        },
        "borough" : "Bronx",
        "cuisine" : "American ",
        "grades" : [
                {
                        "date" : ISODate("2014-02-26T00:00:00Z"),
                        "grade" : "A",
                        "score" : 5
                },
                {
                        "date" : ISODate("2013-10-09T00:00:00Z"),
                        "grade" : "B",
                        "score" : 19
                },
                {
                        "date" : ISODate("2013-05-15T00:00:00Z"),
                        "grade" : "A",
                        "score" : 9
                },
                {
                        "date" : ISODate("2012-11-20T00:00:00Z"),
                        "grade" : "B",
                        "score" : 18
                },
                {
                        "date" : ISODate("2011-10-17T00:00:00Z"),
                        "grade" : "A",
                        "score" : 10
                },
                {
                        "date" : ISODate("2011-06-22T00:00:00Z"),
                        "grade" : "C",
                        "score" : 35
                }
        ],
        "name" : "The Punch Bowl",
        "restaurant_id" : "40366497"
}
> db.addresses.find({"grades.score":{$gt:90}}).pretty()
{
        "_id" : ObjectId("5c25f1db9dce437310501b9b"),
        "address" : {
                "building" : "65",
                "coord" : [
                        -73.9782725,
                        40.7624022
                ],
                "street" : "West   54 Street",
                "zipcode" : "10019"
        },
        "borough" : "Manhattan",
        "cuisine" : "American ",
        "grades" : [
                {
                        "date" : ISODate("2014-08-22T00:00:00Z"),
                        "grade" : "A",
                        "score" : 11
                },
                {
                        "date" : ISODate("2014-03-28T00:00:00Z"),
                        "grade" : "C",
                        "score" : 131
                },
                {
                        "date" : ISODate("2013-09-25T00:00:00Z"),
                        "grade" : "A",
                        "score" : 11
                },
                {
                        "date" : ISODate("2013-04-08T00:00:00Z"),
                        "grade" : "B",
                        "score" : 25
                },
                {
                        "date" : ISODate("2012-10-15T00:00:00Z"),
                        "grade" : "A",
                        "score" : 11
                },
                {
                        "date" : ISODate("2011-10-19T00:00:00Z"),
                        "grade" : "A",
                        "score" : 13
                }
        ],
        "name" : "Murals On 54/Randolphs'S",
        "restaurant_id" : "40372466"
}
{
        "_id" : ObjectId("5c25f1db9dce437310501c3c"),
        "address" : {
                "building" : "345",
                "coord" : [
                        -73.9864626,
                        40.7266739
                ],
                "street" : "East 6 Street",
                "zipcode" : "10003"
        },
        "borough" : "Manhattan",
        "cuisine" : "Indian",
        "grades" : [
                {
                        "date" : ISODate("2014-09-15T00:00:00Z"),
                        "grade" : "A",
                        "score" : 5
                },
                {
                        "date" : ISODate("2014-01-14T00:00:00Z"),
                        "grade" : "A",
                        "score" : 8
                },
                {
                        "date" : ISODate("2013-05-30T00:00:00Z"),
                        "grade" : "A",
                        "score" : 12
                },
                {
                        "date" : ISODate("2013-04-24T00:00:00Z"),
                        "grade" : "P",
                        "score" : 2
                },
                {
                        "date" : ISODate("2012-10-01T00:00:00Z"),
                        "grade" : "A",
                        "score" : 9
                },
                {
                        "date" : ISODate("2012-04-06T00:00:00Z"),
                        "grade" : "C",
                        "score" : 92
                },
                {
                        "date" : ISODate("2011-11-03T00:00:00Z"),
                        "grade" : "C",
                        "score" : 41
                }
        ],
        "name" : "Gandhi",
        "restaurant_id" : "40381295"
}
{
        "_id" : ObjectId("5c25f1db9dce437310501d9f"),
        "address" : {
                "building" : "130",
                "coord" : [
                        -73.984758,
                        40.7457939
                ],
                "street" : "Madison Avenue",
                "zipcode" : "10016"
        },
        "borough" : "Manhattan",
        "cuisine" : "Pizza/Italian",
        "grades" : [
                {
                        "date" : ISODate("2014-12-24T00:00:00Z"),
                        "grade" : "Z",
                        "score" : 31
                },
                {
                        "date" : ISODate("2014-06-17T00:00:00Z"),
                        "grade" : "C",
                        "score" : 98
                },
                {
                        "date" : ISODate("2013-12-12T00:00:00Z"),
                        "grade" : "C",
                        "score" : 32
                },
                {
                        "date" : ISODate("2013-05-22T00:00:00Z"),
                        "grade" : "B",
                        "score" : 21
                },
                {
                        "date" : ISODate("2012-05-02T00:00:00Z"),
                        "grade" : "A",
                        "score" : 11
                }
        ],
        "name" : "Bella Napoli",
        "restaurant_id" : "40393488"
}
> db.addresses.find({"grades.score":{$gt:0=80},$or:{"grades.score":{$lt:100}}}).pretty()
2018-12-28T15:55:06.549+0530 E QUERY    [thread1] ReferenceError: invalid assignment left-hand side @(shell):1:39
> db.addresses.find({"grades.score":{$gt:0=80},$or:[{"grades.score":{$lt:100}}]}).pretty()
2018-12-28T15:55:50.070+0530 E QUERY    [thread1] ReferenceError: invalid assignment left-hand side @(shell):1:39
> db.addresses.find({"grades.score":[{$gt:0=80},{$lt:100}]}).pretty()
2018-12-28T15:56:18.206+0530 E QUERY    [thread1] ReferenceError: invalid assignment left-hand side @(shell):1:40
> db.addresses.find({"grades.score":{$gt:0=80,$lt:100}}).pretty()
2018-12-28T15:57:55.071+0530 E QUERY    [thread1] ReferenceError: invalid assignment left-hand side @(shell):1:39
> db.addresses.find({"grades.score":{$gt:=80,$lt:100}}).pretty()
2018-12-28T15:58:03.359+0530 E QUERY    [thread1] SyntaxError: expected expression, got '=' @(shell):1:39
> db.addresses.find({"grades.score":{$gt:80,$lt:100}}).pretty()
{
        "_id" : ObjectId("5c25f1db9dce437310501b9b"),
        "address" : {
                "building" : "65",
                "coord" : [
                        -73.9782725,
                        40.7624022
                ],
                "street" : "West   54 Street",
                "zipcode" : "10019"
        },
        "borough" : "Manhattan",
        "cuisine" : "American ",
        "grades" : [
                {
                        "date" : ISODate("2014-08-22T00:00:00Z"),
                        "grade" : "A",
                        "score" : 11
                },
                {
                        "date" : ISODate("2014-03-28T00:00:00Z"),
                        "grade" : "C",
                        "score" : 131
                },
                {
                        "date" : ISODate("2013-09-25T00:00:00Z"),
                        "grade" : "A",
                        "score" : 11
                },
                {
                        "date" : ISODate("2013-04-08T00:00:00Z"),
                        "grade" : "B",
                        "score" : 25
                },
                {
                        "date" : ISODate("2012-10-15T00:00:00Z"),
                        "grade" : "A",
                        "score" : 11
                },
                {
                        "date" : ISODate("2011-10-19T00:00:00Z"),
                        "grade" : "A",
                        "score" : 13
                }
        ],
        "name" : "Murals On 54/Randolphs'S",
        "restaurant_id" : "40372466"
}
{
        "_id" : ObjectId("5c25f1db9dce437310501c3c"),
        "address" : {
                "building" : "345",
                "coord" : [
                        -73.9864626,
                        40.7266739
                ],
                "street" : "East 6 Street",
                "zipcode" : "10003"
        },
        "borough" : "Manhattan",
        "cuisine" : "Indian",
        "grades" : [
                {
                        "date" : ISODate("2014-09-15T00:00:00Z"),
                        "grade" : "A",
                        "score" : 5
                },
                {
                        "date" : ISODate("2014-01-14T00:00:00Z"),
                        "grade" : "A",
                        "score" : 8
                },
                {
                        "date" : ISODate("2013-05-30T00:00:00Z"),
                        "grade" : "A",
                        "score" : 12
                },
                {
                        "date" : ISODate("2013-04-24T00:00:00Z"),
                        "grade" : "P",
                        "score" : 2
                },
                {
                        "date" : ISODate("2012-10-01T00:00:00Z"),
                        "grade" : "A",
                        "score" : 9
                },
                {
                        "date" : ISODate("2012-04-06T00:00:00Z"),
                        "grade" : "C",
                        "score" : 92
                },
                {
                        "date" : ISODate("2011-11-03T00:00:00Z"),
                        "grade" : "C",
                        "score" : 41
                }
        ],
        "name" : "Gandhi",
        "restaurant_id" : "40381295"
}
{
        "_id" : ObjectId("5c25f1db9dce437310501d9f"),
        "address" : {
                "building" : "130",
                "coord" : [
                        -73.984758,
                        40.7457939
                ],
                "street" : "Madison Avenue",
                "zipcode" : "10016"
        },
        "borough" : "Manhattan",
        "cuisine" : "Pizza/Italian",
        "grades" : [
                {
                        "date" : ISODate("2014-12-24T00:00:00Z"),
                        "grade" : "Z",
                        "score" : 31
                },
                {
                        "date" : ISODate("2014-06-17T00:00:00Z"),
                        "grade" : "C",
                        "score" : 98
                },
                {
                        "date" : ISODate("2013-12-12T00:00:00Z"),
                        "grade" : "C",
                        "score" : 32
                },
                {
                        "date" : ISODate("2013-05-22T00:00:00Z"),
                        "grade" : "B",
                        "score" : 21
                },
                {
                        "date" : ISODate("2012-05-02T00:00:00Z"),
                        "grade" : "A",
                        "score" : 11
                }
        ],
        "name" : "Bella Napoli",
        "restaurant_id" : "40393488"
}
{
        "_id" : ObjectId("5c25f1db9dce437310502610"),
        "address" : {
                "building" : "",
                "coord" : [
                        -74.0163793,
                        40.7167671
                ],
                "street" : "Hudson River",
                "zipcode" : "10282"
        },
        "borough" : "Manhattan",
        "cuisine" : "American ",
        "grades" : [
                {
                        "date" : ISODate("2014-06-27T00:00:00Z"),
                        "grade" : "C",
                        "score" : 89
                },
                {
                        "date" : ISODate("2013-06-06T00:00:00Z"),
                        "grade" : "A",
                        "score" : 6
                },
                {
                        "date" : ISODate("2012-06-19T00:00:00Z"),
                        "grade" : "A",
                        "score" : 13
                }
        ],
        "name" : "West 79Th Street Boat Basin Cafe",
        "restaurant_id" : "40756344"
}
> db.addresses.find({"address.coords":{$lt:-95.754168}}).pretty()
> db.addresses.find({"address.coord":{$lt:-95.754168}}).pretty()
{
        "_id" : ObjectId("5c25f1db9dce437310502086"),
        "address" : {
                "building" : "3707",
                "coord" : [
                        -101.8945214,
                        33.5197474
                ],
                "street" : "82 Street",
                "zipcode" : "11372"
        },
        "borough" : "Queens",
        "cuisine" : "American ",
        "grades" : [
                {
                        "date" : ISODate("2014-06-04T00:00:00Z"),
                        "grade" : "A",
                        "score" : 12
                },
                {
                        "date" : ISODate("2013-11-07T00:00:00Z"),
                        "grade" : "B",
                        "score" : 19
                },
                {
                        "date" : ISODate("2013-05-17T00:00:00Z"),
                        "grade" : "A",
                        "score" : 11
                },
                {
                        "date" : ISODate("2012-08-29T00:00:00Z"),
                        "grade" : "A",
                        "score" : 11
                },
                {
                        "date" : ISODate("2012-04-03T00:00:00Z"),
                        "grade" : "A",
                        "score" : 12
                },
                {
                        "date" : ISODate("2011-11-16T00:00:00Z"),
                        "grade" : "A",
                        "score" : 7
                }
        ],
        "name" : "Burger King",
        "restaurant_id" : "40534067"
}
{
        "_id" : ObjectId("5c25f1db9dce4373105023f2"),
        "address" : {
                "building" : "15259",
                "coord" : [
                        -119.6368672,
                        36.2504996
                ],
                "street" : "10 Avenue",
                "zipcode" : "11357"
        },
        "borough" : "Queens",
        "cuisine" : "Italian",
        "grades" : [
                {
                        "date" : ISODate("2014-09-04T00:00:00Z"),
                        "grade" : "A",
                        "score" : 11
                },
                {
                        "date" : ISODate("2014-03-26T00:00:00Z"),
                        "grade" : "A",
                        "score" : 8
                },
                {
                        "date" : ISODate("2013-03-04T00:00:00Z"),
                        "grade" : "A",
                        "score" : 10
                },
                {
                        "date" : ISODate("2012-09-27T00:00:00Z"),
                        "grade" : "A",
                        "score" : 10
                },
                {
                        "date" : ISODate("2012-04-20T00:00:00Z"),
                        "grade" : "A",
                        "score" : 7
                },
                {
                        "date" : ISODate("2011-11-23T00:00:00Z"),
                        "grade" : "C",
                        "score" : 34
                }
        ],
        "name" : "Cascarino'S",
        "restaurant_id" : "40668681"
}
{
        "_id" : ObjectId("5c25f1db9dce437310502899"),
        "address" : {
                "building" : "60",
                "coord" : [
                        -111.9975205,
                        42.0970258
                ],
                "street" : "West Side Highway",
                "zipcode" : "10006"
        },
        "borough" : "Manhattan",
        "cuisine" : "Japanese",
        "grades" : [
                {
                        "date" : ISODate("2014-03-20T00:00:00Z"),
                        "grade" : "A",
                        "score" : 9
                },
                {
                        "date" : ISODate("2013-06-28T00:00:00Z"),
                        "grade" : "A",
                        "score" : 11
                },
                {
                        "date" : ISODate("2012-07-05T00:00:00Z"),
                        "grade" : "A",
                        "score" : 13
                },
                {
                        "date" : ISODate("2011-07-27T00:00:00Z"),
                        "grade" : "A",
                        "score" : 2
                }
        ],
        "name" : "Sports Center At Chelsea Piers (Sushi Bar)",
        "restaurant_id" : "40882356"
}
> db.addresses.find({$and:[{cuisine:"-American"},{"grades.score":{$gt:70}},{"address.coord":{$lt:-95.754168}}]}).pretty()
> db.addresses.find({$and:[{$nor:[{cuisine:"American"}]},{"grades.score":{$gt:70}},{"address.coord":{$lt:-95.754168}}]}).pretty()
> db.addresses.find({$and:[{$nor:[{cuisine:"American"}]},{"grades.score":{$gt:70}},{"address.coord":{$lt:-65.754168}}]}).pretty()
{
        "_id" : ObjectId("5c25f1db9dce437310501b9b"),
        "address" : {
                "building" : "65",
                "coord" : [
                        -73.9782725,
                        40.7624022
                ],
                "street" : "West   54 Street",
                "zipcode" : "10019"
        },
        "borough" : "Manhattan",
        "cuisine" : "American ",
        "grades" : [
                {
                        "date" : ISODate("2014-08-22T00:00:00Z"),
                        "grade" : "A",
                        "score" : 11
                },
                {
                        "date" : ISODate("2014-03-28T00:00:00Z"),
                        "grade" : "C",
                        "score" : 131
                },
                {
                        "date" : ISODate("2013-09-25T00:00:00Z"),
                        "grade" : "A",
                        "score" : 11
                },
                {
                        "date" : ISODate("2013-04-08T00:00:00Z"),
                        "grade" : "B",
                        "score" : 25
                },
                {
                        "date" : ISODate("2012-10-15T00:00:00Z"),
                        "grade" : "A",
                        "score" : 11
                },
                {
                        "date" : ISODate("2011-10-19T00:00:00Z"),
                        "grade" : "A",
                        "score" : 13
                }
        ],
        "name" : "Murals On 54/Randolphs'S",
        "restaurant_id" : "40372466"
}
{
        "_id" : ObjectId("5c25f1db9dce437310501c3c"),
        "address" : {
                "building" : "345",
                "coord" : [
                        -73.9864626,
                        40.7266739
                ],
                "street" : "East 6 Street",
                "zipcode" : "10003"
        },
        "borough" : "Manhattan",
        "cuisine" : "Indian",
        "grades" : [
                {
                        "date" : ISODate("2014-09-15T00:00:00Z"),
                        "grade" : "A",
                        "score" : 5
                },
                {
                        "date" : ISODate("2014-01-14T00:00:00Z"),
                        "grade" : "A",
                        "score" : 8
                },
                {
                        "date" : ISODate("2013-05-30T00:00:00Z"),
                        "grade" : "A",
                        "score" : 12
                },
                {
                        "date" : ISODate("2013-04-24T00:00:00Z"),
                        "grade" : "P",
                        "score" : 2
                },
                {
                        "date" : ISODate("2012-10-01T00:00:00Z"),
                        "grade" : "A",
                        "score" : 9
                },
                {
                        "date" : ISODate("2012-04-06T00:00:00Z"),
                        "grade" : "C",
                        "score" : 92
                },
                {
                        "date" : ISODate("2011-11-03T00:00:00Z"),
                        "grade" : "C",
                        "score" : 41
                }
        ],
        "name" : "Gandhi",
        "restaurant_id" : "40381295"
}
{
        "_id" : ObjectId("5c25f1db9dce437310501cca"),
        "address" : {
                "building" : "14",
                "coord" : [
                        -73.9883909,
                        40.740735
                ],
                "street" : "East   23 Street",
                "zipcode" : "10010"
        },
        "borough" : "Manhattan",
        "cuisine" : "American ",
        "grades" : [
                {
                        "date" : ISODate("2014-10-28T00:00:00Z"),
                        "grade" : "A",
                        "score" : 9
                },
                {
                        "date" : ISODate("2014-04-10T00:00:00Z"),
                        "grade" : "A",
                        "score" : 12
                },
                {
                        "date" : ISODate("2013-08-08T00:00:00Z"),
                        "grade" : "C",
                        "score" : 58
                },
                {
                        "date" : ISODate("2013-02-14T00:00:00Z"),
                        "grade" : "A",
                        "score" : 13
                },
                {
                        "date" : ISODate("2012-06-15T00:00:00Z"),
                        "grade" : "C",
                        "score" : 71
                }
        ],
        "name" : "Live Bait Bar & Restaurant",
        "restaurant_id" : "40387237"
}
{
        "_id" : ObjectId("5c25f1db9dce437310501d9f"),
        "address" : {
                "building" : "130",
                "coord" : [
                        -73.984758,
                        40.7457939
                ],
                "street" : "Madison Avenue",
                "zipcode" : "10016"
        },
        "borough" : "Manhattan",
        "cuisine" : "Pizza/Italian",
        "grades" : [
                {
                        "date" : ISODate("2014-12-24T00:00:00Z"),
                        "grade" : "Z",
                        "score" : 31
                },
                {
                        "date" : ISODate("2014-06-17T00:00:00Z"),
                        "grade" : "C",
                        "score" : 98
                },
                {
                        "date" : ISODate("2013-12-12T00:00:00Z"),
                        "grade" : "C",
                        "score" : 32
                },
                {
                        "date" : ISODate("2013-05-22T00:00:00Z"),
                        "grade" : "B",
                        "score" : 21
                },
                {
                        "date" : ISODate("2012-05-02T00:00:00Z"),
                        "grade" : "A",
                        "score" : 11
                }
        ],
        "name" : "Bella Napoli",
        "restaurant_id" : "40393488"
}
{
        "_id" : ObjectId("5c25f1db9dce437310501dac"),
        "address" : {
                "building" : "101",
                "coord" : [
                        -73.9243061,
                        40.8276297
                ],
                "street" : "East 161 Street",
                "zipcode" : "10451"
        },
        "borough" : "Bronx",
        "cuisine" : "Latin (Cuban, Dominican, Puerto Rican, South & Central American)",
        "grades" : [
                {
                        "date" : ISODate("2014-04-10T00:00:00Z"),
                        "grade" : "A",
                        "score" : 10
                },
                {
                        "date" : ISODate("2013-10-01T00:00:00Z"),
                        "grade" : "A",
                        "score" : 6
                },
                {
                        "date" : ISODate("2013-04-11T00:00:00Z"),
                        "grade" : "B",
                        "score" : 25
                },
                {
                        "date" : ISODate("2012-10-25T00:00:00Z"),
                        "grade" : "A",
                        "score" : 12
                },
                {
                        "date" : ISODate("2012-10-10T00:00:00Z"),
                        "grade" : "P",
                        "score" : 12
                },
                {
                        "date" : ISODate("2012-05-25T00:00:00Z"),
                        "grade" : "B",
                        "score" : 14
                },
                {
                        "date" : ISODate("2011-09-14T00:00:00Z"),
                        "grade" : "B",
                        "score" : 26
                },
                {
                        "date" : ISODate("2011-04-25T00:00:00Z"),
                        "grade" : "C",
                        "score" : 76
                }
        ],
        "name" : "El Molino Rojo Restaurant",
        "restaurant_id" : "40393688"
}
{
        "_id" : ObjectId("5c25f1db9dce437310501efd"),
        "address" : {
                "building" : "289",
                "coord" : [
                        -73.94610279999999,
                        40.7137587
                ],
                "street" : "Manhattan Avenue",
                "zipcode" : "11211"
        },
        "borough" : "Brooklyn",
        "cuisine" : "Bakery",
        "grades" : [
                {
                        "date" : ISODate("2014-03-19T00:00:00Z"),
                        "grade" : "A",
                        "score" : 10
                },
                {
                        "date" : ISODate("2013-10-10T00:00:00Z"),
                        "grade" : "A",
                        "score" : 10
                },
                {
                        "date" : ISODate("2013-05-07T00:00:00Z"),
                        "grade" : "A",
                        "score" : 13
                },
                {
                        "date" : ISODate("2012-09-11T00:00:00Z"),
                        "grade" : "B",
                        "score" : 18
                },
                {
                        "date" : ISODate("2012-04-18T00:00:00Z"),
                        "grade" : "A",
                        "score" : 9
                },
                {
                        "date" : ISODate("2011-09-27T00:00:00Z"),
                        "grade" : "A",
                        "score" : 8
                },
                {
                        "date" : ISODate("2011-05-03T00:00:00Z"),
                        "grade" : "C",
                        "score" : 77
                }
        ],
        "name" : "Fortunato Bros Cafe & Bakery",
        "restaurant_id" : "40400561"
}
{
        "_id" : ObjectId("5c25f1db9dce437310502499"),
        "address" : {
                "building" : "243",
                "coord" : [
                        -73.9889479,
                        40.7568894
                ],
                "street" : "West   42 Street",
                "zipcode" : "10036"
        },
        "borough" : "Manhattan",
        "cuisine" : "American ",
        "grades" : [
                {
                        "date" : ISODate("2014-10-31T00:00:00Z"),
                        "grade" : "A",
                        "score" : 9
                },
                {
                        "date" : ISODate("2014-05-16T00:00:00Z"),
                        "grade" : "A",
                        "score" : 11
                },
                {
                        "date" : ISODate("2013-11-19T00:00:00Z"),
                        "grade" : "A",
                        "score" : 5
                },
                {
                        "date" : ISODate("2013-03-25T00:00:00Z"),
                        "grade" : "B",
                        "score" : 19
                },
                {
                        "date" : ISODate("2012-09-05T00:00:00Z"),
                        "grade" : "B",
                        "score" : 26
                },
                {
                        "date" : ISODate("2012-04-10T00:00:00Z"),
                        "grade" : "C",
                        "score" : 49
                },
                {
                        "date" : ISODate("2011-11-21T00:00:00Z"),
                        "grade" : "C",
                        "score" : 80
                }
        ],
        "name" : "B.B. Kings",
        "restaurant_id" : "40704853"
}
{
        "_id" : ObjectId("5c25f1db9dce437310502525"),
        "address" : {
                "building" : "231",
                "coord" : [
                        -73.9772294,
                        40.7527262
                ],
                "street" : "Grand Central Station",
                "zipcode" : "10017"
        },
        "borough" : "Manhattan",
        "cuisine" : "Italian",
        "grades" : [
                {
                        "date" : ISODate("2015-01-07T00:00:00Z"),
                        "grade" : "Z",
                        "score" : 20
                },
                {
                        "date" : ISODate("2014-07-03T00:00:00Z"),
                        "grade" : "B",
                        "score" : 14
                },
                {
                        "date" : ISODate("2013-12-21T00:00:00Z"),
                        "grade" : "A",
                        "score" : 13
                },
                {
                        "date" : ISODate("2013-05-17T00:00:00Z"),
                        "grade" : "C",
                        "score" : 76
                },
                {
                        "date" : ISODate("2012-04-20T00:00:00Z"),
                        "grade" : "A",
                        "score" : 12
                }
        ],
        "name" : "Two Boots Grand Central",
        "restaurant_id" : "40725591"
}
{
        "_id" : ObjectId("5c25f1db9dce437310502610"),
        "address" : {
                "building" : "",
                "coord" : [
                        -74.0163793,
                        40.7167671
                ],
                "street" : "Hudson River",
                "zipcode" : "10282"
        },
        "borough" : "Manhattan",
        "cuisine" : "American ",
        "grades" : [
                {
                        "date" : ISODate("2014-06-27T00:00:00Z"),
                        "grade" : "C",
                        "score" : 89
                },
                {
                        "date" : ISODate("2013-06-06T00:00:00Z"),
                        "grade" : "A",
                        "score" : 6
                },
                {
                        "date" : ISODate("2012-06-19T00:00:00Z"),
                        "grade" : "A",
                        "score" : 13
                }
        ],
        "name" : "West 79Th Street Boat Basin Cafe",
        "restaurant_id" : "40756344"
}
> db.restaurants.find(
...                {$and:
...                     [
...                        {"cuisine" : {$ne :"American "}},
...                        {"grades.score" : {$gt : 70}},
...                        {"address.coord" : {$lt : -65.754168}}
...                     ]
...                 }
...                     );
>
> db.restaurants.find({$and:[{"cuisine" : {$ne :"American "}},{"grades.score" : {$gt : 70}},{"address.coord" : {$lt : -65.754168}}]});
> db.restaurants.find({$and:[{"cuisine" : {$ne :"American "}},{"grades.score" : {$gt : 70}},{"address.coord" : {$lt : -65.754168}}]})
> db.addressdb.restaurants.find(s.find({$and:[{"cuisine" : {$ne :"American "}},{"grades.score" : {$gt : 70}},{"address.coord" : {$lt : -65.754168}}]})
...                {$and:
...                     [
...                        {"cuisine" : {$ne :"American "}},
...                        {"grades.score" : {$gt : 70}},
...                        {"address.coord" : {$lt : -65.754168}}
...                     ]
...                 }
...                     );
2018-12-28T16:16:02.421+0530 E QUERY    [thread1] SyntaxError: missing ) after argument list @(shell):2:15
>
>
> db.addresses.find({$and:[{"cuisine" : {$ne :"American "}},{"grades.score" : {$gt : 70}},{"address.coord" : {$lt : -65.754168}}]})
{ "_id" : ObjectId("5c25f1db9dce437310501c3c"), "address" : { "building" : "345", "coord" : [ -73.9864626, 40.7266739 ], "street" : "East 6 Street", "zipcode" : "10003" }, "borough" : "Manhattan", "cuisine" : "Indian", "grades" : [ { "date" : ISODate("2014-09-15T00:00:00Z"), "grade" : "A", "score" : 5 }, { "date" : ISODate("2014-01-14T00:00:00Z"), "grade" : "A", "score" : 8 }, { "date" : ISODate("2013-05-30T00:00:00Z"), "grade" : "A", "score" : 12 }, { "date" : ISODate("2013-04-24T00:00:00Z"), "grade" : "P", "score" : 2 }, { "date" : ISODate("2012-10-01T00:00:00Z"), "grade" : "A", "score" : 9 }, { "date" : ISODate("2012-04-06T00:00:00Z"), "grade" : "C", "score" : 92 }, { "date" : ISODate("2011-11-03T00:00:00Z"), "grade" : "C", "score" : 41 } ], "name" : "Gandhi", "restaurant_id" : "40381295" }
{ "_id" : ObjectId("5c25f1db9dce437310501d9f"), "address" : { "building" : "130", "coord" : [ -73.984758, 40.7457939 ], "street" : "Madison Avenue", "zipcode" : "10016" }, "borough" : "Manhattan", "cuisine" : "Pizza/Italian", "grades" : [ { "date" : ISODate("2014-12-24T00:00:00Z"), "grade" : "Z", "score" : 31 }, { "date" : ISODate("2014-06-17T00:00:00Z"), "grade" : "C", "score" : 98 }, { "date" : ISODate("2013-12-12T00:00:00Z"), "grade" : "C", "score" : 32 }, { "date" : ISODate("2013-05-22T00:00:00Z"), "grade" : "B", "score" : 21 }, { "date" : ISODate("2012-05-02T00:00:00Z"), "grade" : "A", "score" : 11 } ], "name" : "Bella Napoli", "restaurant_id" : "40393488" }
{ "_id" : ObjectId("5c25f1db9dce437310501dac"), "address" : { "building" : "101", "coord" : [ -73.9243061, 40.8276297 ], "street" : "East 161 Street", "zipcode" : "10451" }, "borough" : "Bronx", "cuisine" : "Latin (Cuban, Dominican, Puerto Rican, South & Central American)", "grades" : [ { "date" : ISODate("2014-04-10T00:00:00Z"), "grade" : "A", "score" : 10 }, { "date" : ISODate("2013-10-01T00:00:00Z"), "grade" : "A", "score" : 6 }, { "date" : ISODate("2013-04-11T00:00:00Z"), "grade" : "B", "score" : 25 }, { "date" : ISODate("2012-10-25T00:00:00Z"), "grade" : "A", "score" : 12 }, { "date" : ISODate("2012-10-10T00:00:00Z"), "grade" : "P", "score" : 12 }, { "date" : ISODate("2012-05-25T00:00:00Z"), "grade" : "B", "score" : 14 }, { "date" : ISODate("2011-09-14T00:00:00Z"), "grade" : "B", "score" : 26 }, { "date" : ISODate("2011-04-25T00:00:00Z"), "grade" : "C", "score" : 76 } ], "name" : "El Molino Rojo Restaurant", "restaurant_id" : "40393688" }
{ "_id" : ObjectId("5c25f1db9dce437310501efd"), "address" : { "building" : "289", "coord" : [ -73.94610279999999, 40.7137587 ], "street" : "Manhattan Avenue", "zipcode" : "11211" }, "borough" : "Brooklyn", "cuisine" : "Bakery", "grades" : [ { "date" : ISODate("2014-03-19T00:00:00Z"), "grade" : "A", "score" : 10 }, { "date" : ISODate("2013-10-10T00:00:00Z"), "grade" : "A", "score" : 10 }, { "date" : ISODate("2013-05-07T00:00:00Z"), "grade" : "A", "score" : 13 }, { "date" : ISODate("2012-09-11T00:00:00Z"), "grade" : "B", "score" : 18 }, { "date" : ISODate("2012-04-18T00:00:00Z"), "grade" : "A", "score" : 9 }, { "date" : ISODate("2011-09-27T00:00:00Z"), "grade" : "A", "score" : 8 }, { "date" : ISODate("2011-05-03T00:00:00Z"), "grade" : "C", "score" : 77 } ], "name" : "Fortunato Bros Cafe & Bakery", "restaurant_id" : "40400561" }
{ "_id" : ObjectId("5c25f1db9dce437310502525"), "address" : { "building" : "231", "coord" : [ -73.9772294, 40.7527262 ], "street" : "Grand Central Station", "zipcode" : "10017" }, "borough" : "Manhattan", "cuisine" : "Italian", "grades" : [ { "date" : ISODate("2015-01-07T00:00:00Z"), "grade" : "Z", "score" : 20 }, { "date" : ISODate("2014-07-03T00:00:00Z"), "grade" : "B", "score" : 14 }, { "date" : ISODate("2013-12-21T00:00:00Z"), "grade" : "A", "score" : 13 }, { "date" : ISODate("2013-05-17T00:00:00Z"), "grade" : "C", "score" : 76 }, { "date" : ISODate("2012-04-20T00:00:00Z"), "grade" : "A", "score" : 12 } ], "name" : "Two Boots Grand Central", "restaurant_id" : "40725591" }
> db.addresses.find({$and:[{"cuisine" : {$ne :"American "}},{"grades.score" : {$gt : 70}},{"address.coord" : {$lt : -65.754168}}]}).pretty()
{
        "_id" : ObjectId("5c25f1db9dce437310501c3c"),
        "address" : {
                "building" : "345",
                "coord" : [
                        -73.9864626,
                        40.7266739
                ],
                "street" : "East 6 Street",
                "zipcode" : "10003"
        },
        "borough" : "Manhattan",
        "cuisine" : "Indian",
        "grades" : [
                {
                        "date" : ISODate("2014-09-15T00:00:00Z"),
                        "grade" : "A",
                        "score" : 5
                },
                {
                        "date" : ISODate("2014-01-14T00:00:00Z"),
                        "grade" : "A",
                        "score" : 8
                },
                {
                        "date" : ISODate("2013-05-30T00:00:00Z"),
                        "grade" : "A",
                        "score" : 12
                },
                {
                        "date" : ISODate("2013-04-24T00:00:00Z"),
                        "grade" : "P",
                        "score" : 2
                },
                {
                        "date" : ISODate("2012-10-01T00:00:00Z"),
                        "grade" : "A",
                        "score" : 9
                },
                {
                        "date" : ISODate("2012-04-06T00:00:00Z"),
                        "grade" : "C",
                        "score" : 92
                },
                {
                        "date" : ISODate("2011-11-03T00:00:00Z"),
                        "grade" : "C",
                        "score" : 41
                }
        ],
        "name" : "Gandhi",
        "restaurant_id" : "40381295"
}
{
        "_id" : ObjectId("5c25f1db9dce437310501d9f"),
        "address" : {
                "building" : "130",
                "coord" : [
                        -73.984758,
                        40.7457939
                ],
                "street" : "Madison Avenue",
                "zipcode" : "10016"
        },
        "borough" : "Manhattan",
        "cuisine" : "Pizza/Italian",
        "grades" : [
                {
                        "date" : ISODate("2014-12-24T00:00:00Z"),
                        "grade" : "Z",
                        "score" : 31
                },
                {
                        "date" : ISODate("2014-06-17T00:00:00Z"),
                        "grade" : "C",
                        "score" : 98
                },
                {
                        "date" : ISODate("2013-12-12T00:00:00Z"),
                        "grade" : "C",
                        "score" : 32
                },
                {
                        "date" : ISODate("2013-05-22T00:00:00Z"),
                        "grade" : "B",
                        "score" : 21
                },
                {
                        "date" : ISODate("2012-05-02T00:00:00Z"),
                        "grade" : "A",
                        "score" : 11
                }
        ],
        "name" : "Bella Napoli",
        "restaurant_id" : "40393488"
}
{
        "_id" : ObjectId("5c25f1db9dce437310501dac"),
        "address" : {
                "building" : "101",
                "coord" : [
                        -73.9243061,
                        40.8276297
                ],
                "street" : "East 161 Street",
                "zipcode" : "10451"
        },
        "borough" : "Bronx",
        "cuisine" : "Latin (Cuban, Dominican, Puerto Rican, South & Central American)",
        "grades" : [
                {
                        "date" : ISODate("2014-04-10T00:00:00Z"),
                        "grade" : "A",
                        "score" : 10
                },
                {
                        "date" : ISODate("2013-10-01T00:00:00Z"),
                        "grade" : "A",
                        "score" : 6
                },
                {
                        "date" : ISODate("2013-04-11T00:00:00Z"),
                        "grade" : "B",
                        "score" : 25
                },
                {
                        "date" : ISODate("2012-10-25T00:00:00Z"),
                        "grade" : "A",
                        "score" : 12
                },
                {
                        "date" : ISODate("2012-10-10T00:00:00Z"),
                        "grade" : "P",
                        "score" : 12
                },
                {
                        "date" : ISODate("2012-05-25T00:00:00Z"),
                        "grade" : "B",
                        "score" : 14
                },
                {
                        "date" : ISODate("2011-09-14T00:00:00Z"),
                        "grade" : "B",
                        "score" : 26
                },
                {
                        "date" : ISODate("2011-04-25T00:00:00Z"),
                        "grade" : "C",
                        "score" : 76
                }
        ],
        "name" : "El Molino Rojo Restaurant",
        "restaurant_id" : "40393688"
}
{
        "_id" : ObjectId("5c25f1db9dce437310501efd"),
        "address" : {
                "building" : "289",
                "coord" : [
                        -73.94610279999999,
                        40.7137587
                ],
                "street" : "Manhattan Avenue",
                "zipcode" : "11211"
        },
        "borough" : "Brooklyn",
        "cuisine" : "Bakery",
        "grades" : [
                {
                        "date" : ISODate("2014-03-19T00:00:00Z"),
                        "grade" : "A",
                        "score" : 10
                },
                {
                        "date" : ISODate("2013-10-10T00:00:00Z"),
                        "grade" : "A",
                        "score" : 10
                },
                {
                        "date" : ISODate("2013-05-07T00:00:00Z"),
                        "grade" : "A",
                        "score" : 13
                },
                {
                        "date" : ISODate("2012-09-11T00:00:00Z"),
                        "grade" : "B",
                        "score" : 18
                },
                {
                        "date" : ISODate("2012-04-18T00:00:00Z"),
                        "grade" : "A",
                        "score" : 9
                },
                {
                        "date" : ISODate("2011-09-27T00:00:00Z"),
                        "grade" : "A",
                        "score" : 8
                },
                {
                        "date" : ISODate("2011-05-03T00:00:00Z"),
                        "grade" : "C",
                        "score" : 77
                }
        ],
        "name" : "Fortunato Bros Cafe & Bakery",
        "restaurant_id" : "40400561"
}
{
        "_id" : ObjectId("5c25f1db9dce437310502525"),
        "address" : {
                "building" : "231",
                "coord" : [
                        -73.9772294,
                        40.7527262
                ],
                "street" : "Grand Central Station",
                "zipcode" : "10017"
        },
        "borough" : "Manhattan",
        "cuisine" : "Italian",
        "grades" : [
                {
                        "date" : ISODate("2015-01-07T00:00:00Z"),
                        "grade" : "Z",
                        "score" : 20
                },
                {
                        "date" : ISODate("2014-07-03T00:00:00Z"),
                        "grade" : "B",
                        "score" : 14
                },
                {
                        "date" : ISODate("2013-12-21T00:00:00Z"),
                        "grade" : "A",
                        "score" : 13
                },
                {
                        "date" : ISODate("2013-05-17T00:00:00Z"),
                        "grade" : "C",
                        "score" : 76
                },
                {
                        "date" : ISODate("2012-04-20T00:00:00Z"),
                        "grade" : "A",
                        "score" : 12
                }
        ],
        "name" : "Two Boots Grand Central",
        "restaurant_id" : "40725591"
}
> db.addresses.find({$and:[{$nor:[{cuisine:"American"}]},{"grades.score":{$gt:70}},{"address.coord":{$lt:-65.754168}}]}).pretty()
{
        "_id" : ObjectId("5c25f1db9dce437310501b9b"),
        "address" : {
                "building" : "65",
                "coord" : [
                        -73.9782725,
                        40.7624022
                ],
                "street" : "West   54 Street",
                "zipcode" : "10019"
        },
        "borough" : "Manhattan",
        "cuisine" : "American ",
        "grades" : [
                {
                        "date" : ISODate("2014-08-22T00:00:00Z"),
                        "grade" : "A",
                        "score" : 11
                },
                {
                        "date" : ISODate("2014-03-28T00:00:00Z"),
                        "grade" : "C",
                        "score" : 131
                },
                {
                        "date" : ISODate("2013-09-25T00:00:00Z"),
                        "grade" : "A",
                        "score" : 11
                },
                {
                        "date" : ISODate("2013-04-08T00:00:00Z"),
                        "grade" : "B",
                        "score" : 25
                },
                {
                        "date" : ISODate("2012-10-15T00:00:00Z"),
                        "grade" : "A",
                        "score" : 11
                },
                {
                        "date" : ISODate("2011-10-19T00:00:00Z"),
                        "grade" : "A",
                        "score" : 13
                }
        ],
        "name" : "Murals On 54/Randolphs'S",
        "restaurant_id" : "40372466"
}
{
        "_id" : ObjectId("5c25f1db9dce437310501c3c"),
        "address" : {
                "building" : "345",
                "coord" : [
                        -73.9864626,
                        40.7266739
                ],
                "street" : "East 6 Street",
                "zipcode" : "10003"
        },
        "borough" : "Manhattan",
        "cuisine" : "Indian",
        "grades" : [
                {
                        "date" : ISODate("2014-09-15T00:00:00Z"),
                        "grade" : "A",
                        "score" : 5
                },
                {
                        "date" : ISODate("2014-01-14T00:00:00Z"),
                        "grade" : "A",
                        "score" : 8
                },
                {
                        "date" : ISODate("2013-05-30T00:00:00Z"),
                        "grade" : "A",
                        "score" : 12
                },
                {
                        "date" : ISODate("2013-04-24T00:00:00Z"),
                        "grade" : "P",
                        "score" : 2
                },
                {
                        "date" : ISODate("2012-10-01T00:00:00Z"),
                        "grade" : "A",
                        "score" : 9
                },
                {
                        "date" : ISODate("2012-04-06T00:00:00Z"),
                        "grade" : "C",
                        "score" : 92
                },
                {
                        "date" : ISODate("2011-11-03T00:00:00Z"),
                        "grade" : "C",
                        "score" : 41
                }
        ],
        "name" : "Gandhi",
        "restaurant_id" : "40381295"
}
{
        "_id" : ObjectId("5c25f1db9dce437310501cca"),
        "address" : {
                "building" : "14",
                "coord" : [
                        -73.9883909,
                        40.740735
                ],
                "street" : "East   23 Street",
                "zipcode" : "10010"
        },
        "borough" : "Manhattan",
        "cuisine" : "American ",
        "grades" : [
                {
                        "date" : ISODate("2014-10-28T00:00:00Z"),
                        "grade" : "A",
                        "score" : 9
                },
                {
                        "date" : ISODate("2014-04-10T00:00:00Z"),
                        "grade" : "A",
                        "score" : 12
                },
                {
                        "date" : ISODate("2013-08-08T00:00:00Z"),
                        "grade" : "C",
                        "score" : 58
                },
                {
                        "date" : ISODate("2013-02-14T00:00:00Z"),
                        "grade" : "A",
                        "score" : 13
                },
                {
                        "date" : ISODate("2012-06-15T00:00:00Z"),
                        "grade" : "C",
                        "score" : 71
                }
        ],
        "name" : "Live Bait Bar & Restaurant",
        "restaurant_id" : "40387237"
}
{
        "_id" : ObjectId("5c25f1db9dce437310501d9f"),
        "address" : {
                "building" : "130",
                "coord" : [
                        -73.984758,
                        40.7457939
                ],
                "street" : "Madison Avenue",
                "zipcode" : "10016"
        },
        "borough" : "Manhattan",
        "cuisine" : "Pizza/Italian",
        "grades" : [
                {
                        "date" : ISODate("2014-12-24T00:00:00Z"),
                        "grade" : "Z",
                        "score" : 31
                },
                {
                        "date" : ISODate("2014-06-17T00:00:00Z"),
                        "grade" : "C",
                        "score" : 98
                },
                {
                        "date" : ISODate("2013-12-12T00:00:00Z"),
                        "grade" : "C",
                        "score" : 32
                },
                {
                        "date" : ISODate("2013-05-22T00:00:00Z"),
                        "grade" : "B",
                        "score" : 21
                },
                {
                        "date" : ISODate("2012-05-02T00:00:00Z"),
                        "grade" : "A",
                        "score" : 11
                }
        ],
        "name" : "Bella Napoli",
        "restaurant_id" : "40393488"
}
{
        "_id" : ObjectId("5c25f1db9dce437310501dac"),
        "address" : {
                "building" : "101",
                "coord" : [
                        -73.9243061,
                        40.8276297
                ],
                "street" : "East 161 Street",
                "zipcode" : "10451"
        },
        "borough" : "Bronx",
        "cuisine" : "Latin (Cuban, Dominican, Puerto Rican, South & Central American)",
        "grades" : [
                {
                        "date" : ISODate("2014-04-10T00:00:00Z"),
                        "grade" : "A",
                        "score" : 10
                },
                {
                        "date" : ISODate("2013-10-01T00:00:00Z"),
                        "grade" : "A",
                        "score" : 6
                },
                {
                        "date" : ISODate("2013-04-11T00:00:00Z"),
                        "grade" : "B",
                        "score" : 25
                },
                {
                        "date" : ISODate("2012-10-25T00:00:00Z"),
                        "grade" : "A",
                        "score" : 12
                },
                {
                        "date" : ISODate("2012-10-10T00:00:00Z"),
                        "grade" : "P",
                        "score" : 12
                },
                {
                        "date" : ISODate("2012-05-25T00:00:00Z"),
                        "grade" : "B",
                        "score" : 14
                },
                {
                        "date" : ISODate("2011-09-14T00:00:00Z"),
                        "grade" : "B",
                        "score" : 26
                },
                {
                        "date" : ISODate("2011-04-25T00:00:00Z"),
                        "grade" : "C",
                        "score" : 76
                }
        ],
        "name" : "El Molino Rojo Restaurant",
        "restaurant_id" : "40393688"
}
{
        "_id" : ObjectId("5c25f1db9dce437310501efd"),
        "address" : {
                "building" : "289",
                "coord" : [
                        -73.94610279999999,
                        40.7137587
                ],
                "street" : "Manhattan Avenue",
                "zipcode" : "11211"
        },
        "borough" : "Brooklyn",
        "cuisine" : "Bakery",
        "grades" : [
                {
                        "date" : ISODate("2014-03-19T00:00:00Z"),
                        "grade" : "A",
                        "score" : 10
                },
                {
                        "date" : ISODate("2013-10-10T00:00:00Z"),
                        "grade" : "A",
                        "score" : 10
                },
                {
                        "date" : ISODate("2013-05-07T00:00:00Z"),
                        "grade" : "A",
                        "score" : 13
                },
                {
                        "date" : ISODate("2012-09-11T00:00:00Z"),
                        "grade" : "B",
                        "score" : 18
                },
                {
                        "date" : ISODate("2012-04-18T00:00:00Z"),
                        "grade" : "A",
                        "score" : 9
                },
                {
                        "date" : ISODate("2011-09-27T00:00:00Z"),
                        "grade" : "A",
                        "score" : 8
                },
                {
                        "date" : ISODate("2011-05-03T00:00:00Z"),
                        "grade" : "C",
                        "score" : 77
                }
        ],
        "name" : "Fortunato Bros Cafe & Bakery",
        "restaurant_id" : "40400561"
}
{
        "_id" : ObjectId("5c25f1db9dce437310502499"),
        "address" : {
                "building" : "243",
                "coord" : [
                        -73.9889479,
                        40.7568894
                ],
                "street" : "West   42 Street",
                "zipcode" : "10036"
        },
        "borough" : "Manhattan",
        "cuisine" : "American ",
        "grades" : [
                {
                        "date" : ISODate("2014-10-31T00:00:00Z"),
                        "grade" : "A",
                        "score" : 9
                },
                {
                        "date" : ISODate("2014-05-16T00:00:00Z"),
                        "grade" : "A",
                        "score" : 11
                },
                {
                        "date" : ISODate("2013-11-19T00:00:00Z"),
                        "grade" : "A",
                        "score" : 5
                },
                {
                        "date" : ISODate("2013-03-25T00:00:00Z"),
                        "grade" : "B",
                        "score" : 19
                },
                {
                        "date" : ISODate("2012-09-05T00:00:00Z"),
                        "grade" : "B",
                        "score" : 26
                },
                {
                        "date" : ISODate("2012-04-10T00:00:00Z"),
                        "grade" : "C",
                        "score" : 49
                },
                {
                        "date" : ISODate("2011-11-21T00:00:00Z"),
                        "grade" : "C",
                        "score" : 80
                }
        ],
        "name" : "B.B. Kings",
        "restaurant_id" : "40704853"
}
{
        "_id" : ObjectId("5c25f1db9dce437310502525"),
        "address" : {
                "building" : "231",
                "coord" : [
                        -73.9772294,
                        40.7527262
                ],
                "street" : "Grand Central Station",
                "zipcode" : "10017"
        },
        "borough" : "Manhattan",
        "cuisine" : "Italian",
        "grades" : [
                {
                        "date" : ISODate("2015-01-07T00:00:00Z"),
                        "grade" : "Z",
                        "score" : 20
                },
                {
                        "date" : ISODate("2014-07-03T00:00:00Z"),
                        "grade" : "B",
                        "score" : 14
                },
                {
                        "date" : ISODate("2013-12-21T00:00:00Z"),
                        "grade" : "A",
                        "score" : 13
                },
                {
                        "date" : ISODate("2013-05-17T00:00:00Z"),
                        "grade" : "C",
                        "score" : 76
                },
                {
                        "date" : ISODate("2012-04-20T00:00:00Z"),
                        "grade" : "A",
                        "score" : 12
                }
        ],
        "name" : "Two Boots Grand Central",
        "restaurant_id" : "40725591"
}
{
        "_id" : ObjectId("5c25f1db9dce437310502610"),
        "address" : {
                "building" : "",
                "coord" : [
                        -74.0163793,
                        40.7167671
                ],
                "street" : "Hudson River",
                "zipcode" : "10282"
        },
        "borough" : "Manhattan",
        "cuisine" : "American ",
        "grades" : [
                {
                        "date" : ISODate("2014-06-27T00:00:00Z"),
                        "grade" : "C",
                        "score" : 89
                },
                {
                        "date" : ISODate("2013-06-06T00:00:00Z"),
                        "grade" : "A",
                        "score" : 6
                },
                {
                        "date" : ISODate("2012-06-19T00:00:00Z"),
                        "grade" : "A",
                        "score" : 13
                }
        ],
        "name" : "West 79Th Street Boat Basin Cafe",
        "restaurant_id" : "40756344"
}
> db.addresses.find({$and:[{$nor:[{cuisine:"American"}]},{"grades.score":{$gt:70}},{"address.coord":{$lt:-65.754168}}]}).pretty()
{
        "_id" : ObjectId("5c25f1db9dce437310501b9b"),
        "address" : {
                "building" : "65",
                "coord" : [
                        -73.9782725,
                        40.7624022
                ],
                "street" : "West   54 Street",
                "zipcode" : "10019"
        },
        "borough" : "Manhattan",
        "cuisine" : "American ",
        "grades" : [
                {
                        "date" : ISODate("2014-08-22T00:00:00Z"),
                        "grade" : "A",
                        "score" : 11
                },
                {
                        "date" : ISODate("2014-03-28T00:00:00Z"),
                        "grade" : "C",
                        "score" : 131
                },
                {
                        "date" : ISODate("2013-09-25T00:00:00Z"),
                        "grade" : "A",
                        "score" : 11
                },
                {
                        "date" : ISODate("2013-04-08T00:00:00Z"),
                        "grade" : "B",
                        "score" : 25
                },
                {
                        "date" : ISODate("2012-10-15T00:00:00Z"),
                        "grade" : "A",
                        "score" : 11
                },
                {
                        "date" : ISODate("2011-10-19T00:00:00Z"),
                        "grade" : "A",
                        "score" : 13
                }
        ],
        "name" : "Murals On 54/Randolphs'S",
        "restaurant_id" : "40372466"
}
{
        "_id" : ObjectId("5c25f1db9dce437310501c3c"),
        "address" : {
                "building" : "345",
                "coord" : [
                        -73.9864626,
                        40.7266739
                ],
                "street" : "East 6 Street",
                "zipcode" : "10003"
        },
        "borough" : "Manhattan",
        "cuisine" : "Indian",
        "grades" : [
                {
                        "date" : ISODate("2014-09-15T00:00:00Z"),
                        "grade" : "A",
                        "score" : 5
                },
                {
                        "date" : ISODate("2014-01-14T00:00:00Z"),
                        "grade" : "A",
                        "score" : 8
                },
                {
                        "date" : ISODate("2013-05-30T00:00:00Z"),
                        "grade" : "A",
                        "score" : 12
                },
                {
                        "date" : ISODate("2013-04-24T00:00:00Z"),
                        "grade" : "P",
                        "score" : 2
                },
                {
                        "date" : ISODate("2012-10-01T00:00:00Z"),
                        "grade" : "A",
                        "score" : 9
                },
                {
                        "date" : ISODate("2012-04-06T00:00:00Z"),
                        "grade" : "C",
                        "score" : 92
                },
                {
                        "date" : ISODate("2011-11-03T00:00:00Z"),
                        "grade" : "C",
                        "score" : 41
                }
        ],
        "name" : "Gandhi",
        "restaurant_id" : "40381295"
}
{
        "_id" : ObjectId("5c25f1db9dce437310501cca"),
        "address" : {
                "building" : "14",
                "coord" : [
                        -73.9883909,
                        40.740735
                ],
                "street" : "East   23 Street",
                "zipcode" : "10010"
        },
        "borough" : "Manhattan",
        "cuisine" : "American ",
        "grades" : [
                {
                        "date" : ISODate("2014-10-28T00:00:00Z"),
                        "grade" : "A",
                        "score" : 9
                },
                {
                        "date" : ISODate("2014-04-10T00:00:00Z"),
                        "grade" : "A",
                        "score" : 12
                },
                {
                        "date" : ISODate("2013-08-08T00:00:00Z"),
                        "grade" : "C",
                        "score" : 58
                },
                {
                        "date" : ISODate("2013-02-14T00:00:00Z"),
                        "grade" : "A",
                        "score" : 13
                },
                {
                        "date" : ISODate("2012-06-15T00:00:00Z"),
                        "grade" : "C",
                        "score" : 71
                }
        ],
        "name" : "Live Bait Bar & Restaurant",
        "restaurant_id" : "40387237"
}
{
        "_id" : ObjectId("5c25f1db9dce437310501d9f"),
        "address" : {
                "building" : "130",
                "coord" : [
                        -73.984758,
                        40.7457939
                ],
                "street" : "Madison Avenue",
                "zipcode" : "10016"
        },
        "borough" : "Manhattan",
        "cuisine" : "Pizza/Italian",
        "grades" : [
                {
                        "date" : ISODate("2014-12-24T00:00:00Z"),
                        "grade" : "Z",
                        "score" : 31
                },
                {
                        "date" : ISODate("2014-06-17T00:00:00Z"),
                        "grade" : "C",
                        "score" : 98
                },
                {
                        "date" : ISODate("2013-12-12T00:00:00Z"),
                        "grade" : "C",
                        "score" : 32
                },
                {
                        "date" : ISODate("2013-05-22T00:00:00Z"),
                        "grade" : "B",
                        "score" : 21
                },
                {
                        "date" : ISODate("2012-05-02T00:00:00Z"),
                        "grade" : "A",
                        "score" : 11
                }
        ],
        "name" : "Bella Napoli",
        "restaurant_id" : "40393488"
}
{
        "_id" : ObjectId("5c25f1db9dce437310501dac"),
        "address" : {
                "building" : "101",
                "coord" : [
                        -73.9243061,
                        40.8276297
                ],
                "street" : "East 161 Street",
                "zipcode" : "10451"
        },
        "borough" : "Bronx",
        "cuisine" : "Latin (Cuban, Dominican, Puerto Rican, South & Central American)",
        "grades" : [
                {
                        "date" : ISODate("2014-04-10T00:00:00Z"),
                        "grade" : "A",
                        "score" : 10
                },
                {
                        "date" : ISODate("2013-10-01T00:00:00Z"),
                        "grade" : "A",
                        "score" : 6
                },
                {
                        "date" : ISODate("2013-04-11T00:00:00Z"),
                        "grade" : "B",
                        "score" : 25
                },
                {
                        "date" : ISODate("2012-10-25T00:00:00Z"),
                        "grade" : "A",
                        "score" : 12
                },
                {
                        "date" : ISODate("2012-10-10T00:00:00Z"),
                        "grade" : "P",
                        "score" : 12
                },
                {
                        "date" : ISODate("2012-05-25T00:00:00Z"),
                        "grade" : "B",
                        "score" : 14
                },
                {
                        "date" : ISODate("2011-09-14T00:00:00Z"),
                        "grade" : "B",
                        "score" : 26
                },
                {
                        "date" : ISODate("2011-04-25T00:00:00Z"),
                        "grade" : "C",
                        "score" : 76
                }
        ],
        "name" : "El Molino Rojo Restaurant",
        "restaurant_id" : "40393688"
}
{
        "_id" : ObjectId("5c25f1db9dce437310501efd"),
        "address" : {
                "building" : "289",
                "coord" : [
                        -73.94610279999999,
                        40.7137587
                ],
                "street" : "Manhattan Avenue",
                "zipcode" : "11211"
        },
        "borough" : "Brooklyn",
        "cuisine" : "Bakery",
        "grades" : [
                {
                        "date" : ISODate("2014-03-19T00:00:00Z"),
                        "grade" : "A",
                        "score" : 10
                },
                {
                        "date" : ISODate("2013-10-10T00:00:00Z"),
                        "grade" : "A",
                        "score" : 10
                },
                {
                        "date" : ISODate("2013-05-07T00:00:00Z"),
                        "grade" : "A",
                        "score" : 13
                },
                {
                        "date" : ISODate("2012-09-11T00:00:00Z"),
                        "grade" : "B",
                        "score" : 18
                },
                {
                        "date" : ISODate("2012-04-18T00:00:00Z"),
                        "grade" : "A",
                        "score" : 9
                },
                {
                        "date" : ISODate("2011-09-27T00:00:00Z"),
                        "grade" : "A",
                        "score" : 8
                },
                {
                        "date" : ISODate("2011-05-03T00:00:00Z"),
                        "grade" : "C",
                        "score" : 77
                }
        ],
        "name" : "Fortunato Bros Cafe & Bakery",
        "restaurant_id" : "40400561"
}
{
        "_id" : ObjectId("5c25f1db9dce437310502499"),
        "address" : {
                "building" : "243",
                "coord" : [
                        -73.9889479,
                        40.7568894
                ],
                "street" : "West   42 Street",
                "zipcode" : "10036"
        },
        "borough" : "Manhattan",
        "cuisine" : "American ",
        "grades" : [
                {
                        "date" : ISODate("2014-10-31T00:00:00Z"),
                        "grade" : "A",
                        "score" : 9
                },
                {
                        "date" : ISODate("2014-05-16T00:00:00Z"),
                        "grade" : "A",
                        "score" : 11
                },
                {
                        "date" : ISODate("2013-11-19T00:00:00Z"),
                        "grade" : "A",
                        "score" : 5
                },
                {
                        "date" : ISODate("2013-03-25T00:00:00Z"),
                        "grade" : "B",
                        "score" : 19
                },
                {
                        "date" : ISODate("2012-09-05T00:00:00Z"),
                        "grade" : "B",
                        "score" : 26
                },
                {
                        "date" : ISODate("2012-04-10T00:00:00Z"),
                        "grade" : "C",
                        "score" : 49
                },
                {
                        "date" : ISODate("2011-11-21T00:00:00Z"),
                        "grade" : "C",
                        "score" : 80
                }
        ],
        "name" : "B.B. Kings",
        "restaurant_id" : "40704853"
}
{
        "_id" : ObjectId("5c25f1db9dce437310502525"),
        "address" : {
                "building" : "231",
                "coord" : [
                        -73.9772294,
                        40.7527262
                ],
                "street" : "Grand Central Station",
                "zipcode" : "10017"
        },
        "borough" : "Manhattan",
        "cuisine" : "Italian",
        "grades" : [
                {
                        "date" : ISODate("2015-01-07T00:00:00Z"),
                        "grade" : "Z",
                        "score" : 20
                },
                {
                        "date" : ISODate("2014-07-03T00:00:00Z"),
                        "grade" : "B",
                        "score" : 14
                },
                {
                        "date" : ISODate("2013-12-21T00:00:00Z"),
                        "grade" : "A",
                        "score" : 13
                },
                {
                        "date" : ISODate("2013-05-17T00:00:00Z"),
                        "grade" : "C",
                        "score" : 76
                },
                {
                        "date" : ISODate("2012-04-20T00:00:00Z"),
                        "grade" : "A",
                        "score" : 12
                }
        ],
        "name" : "Two Boots Grand Central",
        "restaurant_id" : "40725591"
}
{
        "_id" : ObjectId("5c25f1db9dce437310502610"),
        "address" : {
                "building" : "",
                "coord" : [
                        -74.0163793,
                        40.7167671
                ],
                "street" : "Hudson River",
                "zipcode" : "10282"
        },
        "borough" : "Manhattan",
        "cuisine" : "American ",
        "grades" : [
                {
                        "date" : ISODate("2014-06-27T00:00:00Z"),
                        "grade" : "C",
                        "score" : 89
                },
                {
                        "date" : ISODate("2013-06-06T00:00:00Z"),
                        "grade" : "A",
                        "score" : 6
                },
                {
                        "date" : ISODate("2012-06-19T00:00:00Z"),
                        "grade" : "A",
                        "score" : 13
                }
        ],
        "name" : "West 79Th Street Boat Basin Cafe",
        "restaurant_id" : "40756344"
}
> db.addresses.find({$and:[{cuisine:{$ne:"American"}},{"grades.grade":"A"},{borough:{$ne:"Brooklyn"}}]}).pretty()
{
        "_id" : ObjectId("5c25f1db9dce437310501a3f"),
        "address" : {
                "building" : "8825",
                "coord" : [
                        -73.8803827,
                        40.7643124
                ],
                "street" : "Astoria Boulevard",
                "zipcode" : "11369"
        },
        "borough" : "Queens",
        "cuisine" : "American ",
        "grades" : [
                {
                        "date" : ISODate("2014-11-15T00:00:00Z"),
                        "grade" : "Z",
                        "score" : 38
                },
                {
                        "date" : ISODate("2014-05-02T00:00:00Z"),
                        "grade" : "A",
                        "score" : 10
                },
                {
                        "date" : ISODate("2013-03-02T00:00:00Z"),
                        "grade" : "A",
                        "score" : 7
                },
                {
                        "date" : ISODate("2012-02-10T00:00:00Z"),
                        "grade" : "A",
                        "score" : 13
                }
        ],
        "name" : "Brunos On The Boulevard",
        "restaurant_id" : "40356151"
}
{
        "_id" : ObjectId("5c25f1db9dce437310501a40"),
        "address" : {
                "building" : "97-22",
                "coord" : [
                        -73.8601152,
                        40.7311739
                ],
                "street" : "63 Road",
                "zipcode" : "11374"
        },
        "borough" : "Queens",
        "cuisine" : "Jewish/Kosher",
        "grades" : [
                {
                        "date" : ISODate("2014-11-24T00:00:00Z"),
                        "grade" : "Z",
                        "score" : 20
                },
                {
                        "date" : ISODate("2013-01-17T00:00:00Z"),
                        "grade" : "A",
                        "score" : 13
                },
                {
                        "date" : ISODate("2012-08-02T00:00:00Z"),
                        "grade" : "A",
                        "score" : 13
                },
                {
                        "date" : ISODate("2011-12-15T00:00:00Z"),
                        "grade" : "B",
                        "score" : 25
                }
        ],
        "name" : "Tov Kosher Kitchen",
        "restaurant_id" : "40356068"
}
{
        "_id" : ObjectId("5c25f1db9dce437310501a41"),
        "address" : {
                "building" : "2206",
                "coord" : [
                        -74.1377286,
                        40.6119572
                ],
                "street" : "Victory Boulevard",
                "zipcode" : "10314"
        },
        "borough" : "Staten Island",
        "cuisine" : "Jewish/Kosher",
        "grades" : [
                {
                        "date" : ISODate("2014-10-06T00:00:00Z"),
                        "grade" : "A",
                        "score" : 9
                },
                {
                        "date" : ISODate("2014-05-20T00:00:00Z"),
                        "grade" : "A",
                        "score" : 12
                },
                {
                        "date" : ISODate("2013-04-04T00:00:00Z"),
                        "grade" : "A",
                        "score" : 12
                },
                {
                        "date" : ISODate("2012-01-24T00:00:00Z"),
                        "grade" : "A",
                        "score" : 9
                }
        ],
        "name" : "Kosher Island",
        "restaurant_id" : "40356442"
}
{
        "_id" : ObjectId("5c25f1db9dce437310501a43"),
        "address" : {
                "building" : "351",
                "coord" : [
                        -73.98513559999999,
                        40.7676919
                ],
                "street" : "West   57 Street",
                "zipcode" : "10019"
        },
        "borough" : "Manhattan",
        "cuisine" : "Irish",
        "grades" : [
                {
                        "date" : ISODate("2014-09-06T00:00:00Z"),
                        "grade" : "A",
                        "score" : 2
                },
                {
                        "date" : ISODate("2013-07-22T00:00:00Z"),
                        "grade" : "A",
                        "score" : 11
                },
                {
                        "date" : ISODate("2012-07-31T00:00:00Z"),
                        "grade" : "A",
                        "score" : 12
                },
                {
                        "date" : ISODate("2011-12-29T00:00:00Z"),
                        "grade" : "A",
                        "score" : 12
                }
        ],
        "name" : "Dj Reynolds Pub And Restaurant",
        "restaurant_id" : "30191841"
}
{
        "_id" : ObjectId("5c25f1db9dce437310501a46"),
        "address" : {
                "building" : "1007",
                "coord" : [
                        -73.856077,
                        40.848447
                ],
                "street" : "Morris Park Ave",
                "zipcode" : "10462"
        },
        "borough" : "Bronx",
        "cuisine" : "Bakery",
        "grades" : [
                {
                        "date" : ISODate("2014-03-03T00:00:00Z"),
                        "grade" : "A",
                        "score" : 2
                },
                {
                        "date" : ISODate("2013-09-11T00:00:00Z"),
                        "grade" : "A",
                        "score" : 6
                },
                {
                        "date" : ISODate("2013-01-24T00:00:00Z"),
                        "grade" : "A",
                        "score" : 10
                },
                {
                        "date" : ISODate("2011-11-23T00:00:00Z"),
                        "grade" : "A",
                        "score" : 9
                },
                {
                        "date" : ISODate("2011-03-10T00:00:00Z"),
                        "grade" : "B",
                        "score" : 14
                }
        ],
        "name" : "Morris Park Bake Shop",
        "restaurant_id" : "30075445"
}
{
        "_id" : ObjectId("5c25f1db9dce437310501a47"),
        "address" : {
                "building" : "2300",
                "coord" : [
                        -73.8786113,
                        40.8502883
                ],
                "street" : "Southern Boulevard",
                "zipcode" : "10460"
        },
        "borough" : "Bronx",
        "cuisine" : "American ",
        "grades" : [
                {
                        "date" : ISODate("2014-05-28T00:00:00Z"),
                        "grade" : "A",
                        "score" : 11
                },
                {
                        "date" : ISODate("2013-06-19T00:00:00Z"),
                        "grade" : "A",
                        "score" : 4
                },
                {
                        "date" : ISODate("2012-06-15T00:00:00Z"),
                        "grade" : "A",
                        "score" : 3
                }
        ],
        "name" : "Wild Asia",
        "restaurant_id" : "40357217"
}
{
        "_id" : ObjectId("5c25f1db9dce437310501a49"),
        "address" : {
                "building" : "1",
                "coord" : [
                        -73.96926909999999,
                        40.7685235
                ],
                "street" : "East   66 Street",
                "zipcode" : "10065"
        },
        "borough" : "Manhattan",
        "cuisine" : "American ",
        "grades" : [
                {
                        "date" : ISODate("2014-05-07T00:00:00Z"),
                        "grade" : "A",
                        "score" : 3
                },
                {
                        "date" : ISODate("2013-05-03T00:00:00Z"),
                        "grade" : "A",
                        "score" : 4
                },
                {
                        "date" : ISODate("2012-04-30T00:00:00Z"),
                        "grade" : "A",
                        "score" : 6
                },
                {
                        "date" : ISODate("2011-12-27T00:00:00Z"),
                        "grade" : "A",
                        "score" : 0
                }
        ],
        "name" : "1 East 66Th Street Kitchen",
        "restaurant_id" : "40359480"
}
{
        "_id" : ObjectId("5c25f1db9dce437310501a4c"),
        "address" : {
                "building" : "265-15",
                "coord" : [
                        -73.7032601,
                        40.7386417
                ],
                "street" : "Hillside Avenue",
                "zipcode" : "11004"
        },
        "borough" : "Queens",
        "cuisine" : "Ice Cream, Gelato, Yogurt, Ices",
        "grades" : [
                {
                        "date" : ISODate("2014-10-28T00:00:00Z"),
                        "grade" : "A",
                        "score" : 9
                },
                {
                        "date" : ISODate("2013-09-18T00:00:00Z"),
                        "grade" : "A",
                        "score" : 10
                },
                {
                        "date" : ISODate("2012-09-20T00:00:00Z"),
                        "grade" : "A",
                        "score" : 13
                }
        ],
        "name" : "Carvel Ice Cream",
        "restaurant_id" : "40361322"
}
{
        "_id" : ObjectId("5c25f1db9dce437310501a4f"),
        "address" : {
                "building" : "129-08",
                "coord" : [
                        -73.839297,
                        40.78147
                ],
                "street" : "20 Avenue",
                "zipcode" : "11356"
        },
        "borough" : "Queens",
        "cuisine" : "Delicatessen",
        "grades" : [
                {
                        "date" : ISODate("2014-08-16T00:00:00Z"),
                        "grade" : "A",
                        "score" : 12
                },
                {
                        "date" : ISODate("2013-08-27T00:00:00Z"),
                        "grade" : "A",
                        "score" : 9
                },
                {
                        "date" : ISODate("2012-09-20T00:00:00Z"),
                        "grade" : "A",
                        "score" : 7
                },
                {
                        "date" : ISODate("2011-09-29T00:00:00Z"),
                        "grade" : "A",
                        "score" : 10
                }
        ],
        "name" : "Sal'S Deli",
        "restaurant_id" : "40361618"
}
{
        "_id" : ObjectId("5c25f1db9dce437310501a50"),
        "address" : {
                "building" : "759",
                "coord" : [
                        -73.9925306,
                        40.7309346
                ],
                "street" : "Broadway",
                "zipcode" : "10003"
        },
        "borough" : "Manhattan",
        "cuisine" : "Delicatessen",
        "grades" : [
                {
                        "date" : ISODate("2014-01-21T00:00:00Z"),
                        "grade" : "A",
                        "score" : 12
                },
                {
                        "date" : ISODate("2013-01-04T00:00:00Z"),
                        "grade" : "A",
                        "score" : 11
                },
                {
                        "date" : ISODate("2012-06-07T00:00:00Z"),
                        "grade" : "A",
                        "score" : 6
                },
                {
                        "date" : ISODate("2012-01-17T00:00:00Z"),
                        "grade" : "A",
                        "score" : 8
                }
        ],
        "name" : "Bully'S Deli",
        "restaurant_id" : "40361708"
}
{
        "_id" : ObjectId("5c25f1db9dce437310501a51"),
        "address" : {
                "building" : "3406",
                "coord" : [
                        -73.94024739999999,
                        40.7623288
                ],
                "street" : "10 Street",
                "zipcode" : "11106"
        },
        "borough" : "Queens",
        "cuisine" : "Delicatessen",
        "grades" : [
                {
                        "date" : ISODate("2014-03-19T00:00:00Z"),
                        "grade" : "A",
                        "score" : 3
                },
                {
                        "date" : ISODate("2013-03-13T00:00:00Z"),
                        "grade" : "A",
                        "score" : 12
                },
                {
                        "date" : ISODate("2012-03-27T00:00:00Z"),
                        "grade" : "A",
                        "score" : 8
                },
                {
                        "date" : ISODate("2011-04-05T00:00:00Z"),
                        "grade" : "A",
                        "score" : 7
                }
        ],
        "name" : "Steve Chu'S Deli & Grocery",
        "restaurant_id" : "40361998"
}
{
        "_id" : ObjectId("5c25f1db9dce437310501a53"),
        "address" : {
                "building" : "502",
                "coord" : [
                        -73.976112,
                        40.786714
                ],
                "street" : "Amsterdam Avenue",
                "zipcode" : "10024"
        },
        "borough" : "Manhattan",
        "cuisine" : "Chicken",
        "grades" : [
                {
                        "date" : ISODate("2014-09-15T00:00:00Z"),
                        "grade" : "A",
                        "score" : 10
                },
                {
                        "date" : ISODate("2014-03-04T00:00:00Z"),
                        "grade" : "A",
                        "score" : 13
                },
                {
                        "date" : ISODate("2013-07-18T00:00:00Z"),
                        "grade" : "A",
                        "score" : 13
                },
                {
                        "date" : ISODate("2013-01-09T00:00:00Z"),
                        "grade" : "A",
                        "score" : 11
                },
                {
                        "date" : ISODate("2012-04-10T00:00:00Z"),
                        "grade" : "A",
                        "score" : 10
                },
                {
                        "date" : ISODate("2011-11-15T00:00:00Z"),
                        "grade" : "A",
                        "score" : 7
                }
        ],
        "name" : "Harriet'S Kitchen",
        "restaurant_id" : "40362098"
}
{
        "_id" : ObjectId("5c25f1db9dce437310501a54"),
        "address" : {
                "building" : "730",
                "coord" : [
                        -73.96805719999999,
                        40.7925587
                ],
                "street" : "Columbus Avenue",
                "zipcode" : "10025"
        },
        "borough" : "Manhattan",
        "cuisine" : "American ",
        "grades" : [
                {
                        "date" : ISODate("2014-09-12T00:00:00Z"),
                        "grade" : "B",
                        "score" : 26
                },
                {
                        "date" : ISODate("2013-08-28T00:00:00Z"),
                        "grade" : "A",
                        "score" : 9
                },
                {
                        "date" : ISODate("2013-03-25T00:00:00Z"),
                        "grade" : "B",
                        "score" : 20
                },
                {
                        "date" : ISODate("2012-02-14T00:00:00Z"),
                        "grade" : "A",
                        "score" : 12
                }
        ],
        "name" : "P & S Deli Grocery",
        "restaurant_id" : "40362264"
}
{
        "_id" : ObjectId("5c25f1db9dce437310501a55"),
        "address" : {
                "building" : "18",
                "coord" : [
                        -73.996984,
                        40.72589
                ],
                "street" : "West Houston Street",
                "zipcode" : "10012"
        },
        "borough" : "Manhattan",
        "cuisine" : "American ",
        "grades" : [
                {
                        "date" : ISODate("2014-04-03T00:00:00Z"),
                        "grade" : "A",
                        "score" : 9
                },
                {
                        "date" : ISODate("2013-04-05T00:00:00Z"),
                        "grade" : "A",
                        "score" : 4
                },
                {
                        "date" : ISODate("2012-03-21T00:00:00Z"),
                        "grade" : "A",
                        "score" : 13
                },
                {
                        "date" : ISODate("2011-04-27T00:00:00Z"),
                        "grade" : "A",
                        "score" : 5
                }
        ],
        "name" : "Angelika Film Center",
        "restaurant_id" : "40362274"
}
{
        "_id" : ObjectId("5c25f1db9dce437310501a57"),
        "address" : {
                "building" : "522",
                "coord" : [
                        -73.95171,
                        40.767461
                ],
                "street" : "East   74 Street",
                "zipcode" : "10021"
        },
        "borough" : "Manhattan",
        "cuisine" : "American ",
        "grades" : [
                {
                        "date" : ISODate("2014-09-02T00:00:00Z"),
                        "grade" : "A",
                        "score" : 12
                },
                {
                        "date" : ISODate("2013-12-19T00:00:00Z"),
                        "grade" : "B",
                        "score" : 16
                },
                {
                        "date" : ISODate("2013-05-28T00:00:00Z"),
                        "grade" : "A",
                        "score" : 9
                },
                {
                        "date" : ISODate("2012-12-07T00:00:00Z"),
                        "grade" : "A",
                        "score" : 13
                },
                {
                        "date" : ISODate("2012-03-29T00:00:00Z"),
                        "grade" : "A",
                        "score" : 11
                }
        ],
        "name" : "Glorious Food",
        "restaurant_id" : "40361521"
}
{
        "_id" : ObjectId("5c25f1db9dce437310501a59"),
        "address" : {
                "building" : "60",
                "coord" : [
                        -74.0085357,
                        40.70620539999999
                ],
                "street" : "Wall Street",
                "zipcode" : "10005"
        },
        "borough" : "Manhattan",
        "cuisine" : "Turkish",
        "grades" : [
                {
                        "date" : ISODate("2014-09-26T00:00:00Z"),
                        "grade" : "A",
                        "score" : 9
                },
                {
                        "date" : ISODate("2013-09-18T00:00:00Z"),
                        "grade" : "A",
                        "score" : 13
                },
                {
                        "date" : ISODate("2012-09-21T00:00:00Z"),
                        "grade" : "A",
                        "score" : 9
                },
                {
                        "date" : ISODate("2012-05-09T00:00:00Z"),
                        "grade" : "A",
                        "score" : 11
                }
        ],
        "name" : "The Country Cafe",
        "restaurant_id" : "40362715"
}
{
        "_id" : ObjectId("5c25f1db9dce437310501a5a"),
        "address" : {
                "building" : "107",
                "coord" : [
                        -74.00920839999999,
                        40.7132925
                ],
                "street" : "Church Street",
                "zipcode" : "10007"
        },
        "borough" : "Manhattan",
        "cuisine" : "American ",
        "grades" : [
                {
                        "date" : ISODate("2014-07-18T00:00:00Z"),
                        "grade" : "A",
                        "score" : 12
                },
                {
                        "date" : ISODate("2014-02-26T00:00:00Z"),
                        "grade" : "A",
                        "score" : 9
                },
                {
                        "date" : ISODate("2013-08-26T00:00:00Z"),
                        "grade" : "A",
                        "score" : 9
                },
                {
                        "date" : ISODate("2013-02-01T00:00:00Z"),
                        "grade" : "A",
                        "score" : 12
                },
                {
                        "date" : ISODate("2012-01-17T00:00:00Z"),
                        "grade" : "A",
                        "score" : 13
                },
                {
                        "date" : ISODate("2011-10-18T00:00:00Z"),
                        "grade" : "A",
                        "score" : 11
                }
        ],
        "name" : "Downtown Deli",
        "restaurant_id" : "40363021"
}
{
        "_id" : ObjectId("5c25f1db9dce437310501a5b"),
        "address" : {
                "building" : "1006",
                "coord" : [
                        -73.84856870000002,
                        40.8903781
                ],
                "street" : "East 233 Street",
                "zipcode" : "10466"
        },
        "borough" : "Bronx",
        "cuisine" : "Ice Cream, Gelato, Yogurt, Ices",
        "grades" : [
                {
                        "date" : ISODate("2014-04-24T00:00:00Z"),
                        "grade" : "A",
                        "score" : 10
                },
                {
                        "date" : ISODate("2013-09-05T00:00:00Z"),
                        "grade" : "A",
                        "score" : 10
                },
                {
                        "date" : ISODate("2013-02-21T00:00:00Z"),
                        "grade" : "A",
                        "score" : 9
                },
                {
                        "date" : ISODate("2012-07-03T00:00:00Z"),
                        "grade" : "A",
                        "score" : 11
                },
                {
                        "date" : ISODate("2011-07-11T00:00:00Z"),
                        "grade" : "A",
                        "score" : 5
                }
        ],
        "name" : "Carvel Ice Cream",
        "restaurant_id" : "40363093"
}
{
        "_id" : ObjectId("5c25f1db9dce437310501a5e"),
        "address" : {
                "building" : "120",
                "coord" : [
                        -73.9998042,
                        40.7251256
                ],
                "street" : "Prince Street",
                "zipcode" : "10012"
        },
        "borough" : "Manhattan",
        "cuisine" : "Bakery",
        "grades" : [
                {
                        "date" : ISODate("2014-10-17T00:00:00Z"),
                        "grade" : "A",
                        "score" : 11
                },
                {
                        "date" : ISODate("2013-09-18T00:00:00Z"),
                        "grade" : "A",
                        "score" : 13
                },
                {
                        "date" : ISODate("2013-04-30T00:00:00Z"),
                        "grade" : "A",
                        "score" : 7
                },
                {
                        "date" : ISODate("2012-04-20T00:00:00Z"),
                        "grade" : "A",
                        "score" : 7
                },
                {
                        "date" : ISODate("2011-12-19T00:00:00Z"),
                        "grade" : "A",
                        "score" : 3
                }
        ],
        "name" : "Olive'S",
        "restaurant_id" : "40363151"
}
{
        "_id" : ObjectId("5c25f1db9dce437310501a5f"),
        "address" : {
                "building" : "1236",
                "coord" : [
                        -73.8893654,
                        40.81376179999999
                ],
                "street" : "238 Spofford Ave",
                "zipcode" : "10474"
        },
        "borough" : "Bronx",
        "cuisine" : "Chinese",
        "grades" : [
                {
                        "date" : ISODate("2013-12-30T00:00:00Z"),
                        "grade" : "A",
                        "score" : 8
                },
                {
                        "date" : ISODate("2013-01-08T00:00:00Z"),
                        "grade" : "A",
                        "score" : 10
                },
                {

> db.addresses.find({$and:[{cuisine:{$ne:"American"}},{"grades.grade":"A"},{borough:{$ne:"Brooklyn"}},{cuisine:{$sort:-1}}]}).pretty()
> db.addresses.find({$and:[{cuisine:{$ne:"American"}},{"grades.grade":"A"},{borough:{$ne:"Brooklyn"}},{cuisine:{$sort:-1}}]}).pretty()
> db.addresses.find({$and:[{cuisine:{$ne:"American"}},{"grades.grade":"A"},{borough:{$ne:"Brooklyn"}},{cuisine:{$sort:-1}}]}).pretty()
> db.addresses.find({$and:[{cuisine:{$ne:"American"}},{"grades.grade":"A"},{borough:{$ne:"Brooklyn"}},{cuisine:{$sort:-1}}]}).pretty()
> db.addresses.find({$and:[{cuisine:{$ne:"American"}},{"grades.grade":"A"},{borough:{$ne:"Brooklyn"}},{cuisine:{$sort:-1}}]}).pretty()
> db.addresses.find({$and:[{cuisine:{$ne:"American"}},{"grades.grade":"A"},{borough:{$ne:"Brooklyn"}},{cuisine:{$sort:-1}}]}).pretty()
> db.addresses.find({$and:[{cuisine:{$ne:"American"}},{"grades.grade":"A"},{borough:{$ne:"Brooklyn"}},{cuisine:{$sort:-1}}]}).pretty()
> db.addresses.find({$and:[{cuisine:{$ne:"American"}},{"grades.grade":"A"},{borough:{$ne:"Brooklyn"}},{cuisine:{$sort:-1}}]}).pretty()
> db.addresses.find({$and:[{cuisine:{$ne:"American"}},{"grades.grade":"A"},{borough:{$ne:"Brooklyn"}},{cuisine:{$sort:-1}}]}).pretty()
> db.addresses.find({$and:[{cuisine:{$ne:"American"}},{"grades.grade":"A"},{borough:{$ne:"Brooklyn"}},{cuisine:{$sort:-1}}]}).pretty()
> db.addresses.find({$and:[{cuisine:{$ne:"American"}},{"grades.grade":"A"},{borough:{$ne:"Brooklyn"}},{cuisine:{$sort:-1}}]}).pretty()
> db.addresses.find({$and:[{cuisine:{$ne:"American"}},{"grades.grade":"A"},{borough:{$ne:"Brooklyn"}},{cuisine:{$sort:-1}}]}).pretty()
> db.addresses.find({$and:[{cuisine:{$ne:"American"}},{"grades.grade":"A"},{borough:{$ne:"Brooklyn"}},{cuisine:{$sort:-1}}]}).pretty()
> db.addresses.find({$and:[{cuisine:{$ne:"American"}},{"grades.grade":"A"},{borough:{$ne:"Brooklyn"}},{cuisine:{$sort:-1}}]}).pretty()
> db.addresses.find({$and:[{cuisine:{$ne:"American"}},{"grades.grade":"A"},{borough:{$ne:"Brooklyn"}},{cuisine:{$sort:-1}}]}).pretty()
> db.addresses.find({$and:[{cuisine:{$ne:"American"}},{"grades.grade":"A"},{borough:{$ne:"Brooklyn"}},{cuisine:{$sort:-1}}]}).pretty()
>
> db.addresses.aggregate({$and:[{cuisine:{$ne:"American"}},{"grades.grade":"A"},{borough:{$ne:"Brooklyn"}},{cuisine:{$sort:-1}}]}).pretty()
assert: command failed: {
        "ok" : 0,
        "errmsg" : "Unrecognized pipeline stage name: '$and'",
        "code" : 40324,
        "codeName" : "Location40324"
} : aggregate failed
_getErrorWithCode@src/mongo/shell/utils.js:25:13
doassert@src/mongo/shell/assert.js:16:14
assert.commandWorked@src/mongo/shell/assert.js:370:5
DBCollection.prototype.aggregate@src/mongo/shell/collection.js:1319:5
@(shell):1:1

2018-12-28T16:27:04.767+0530 E QUERY    [thread1] Error: command failed: {
        "ok" : 0,
        "errmsg" : "Unrecognized pipeline stage name: '$and'",
        "code" : 40324,
        "codeName" : "Location40324"
} : aggregate failed :
_getErrorWithCode@src/mongo/shell/utils.js:25:13
doassert@src/mongo/shell/assert.js:16:14
assert.commandWorked@src/mongo/shell/assert.js:370:5
DBCollection.prototype.aggregate@src/mongo/shell/collection.js:1319:5
@(shell):1:1
> db.addresses.aggregate([{$match:[{cuisine:{$ne:"American"}},{"grades.grade":"A"},{borough:{$ne:"Brooklyn"}}],db.restaurants.find(}).pretty()
...                {$and:
...                     [
...                        {"cuisine" : {$ne :"American "}},
...                        {"grades.score" : {$gt : 70}},
...                        {"address.coord" : {$lt : -65.754168}}
...                     ]
...                 }
...                     );
...
...
>
> db.restaurants.find( {
...                              "cuisine" : {$ne : "American "},
...                              "grades.grade" :"A",
...                              "borough": {$ne : "Brooklyn"}
...                        }
...                     ).sort({"cuisine":-1});
> db.addresses.find( {cuisine" : {$ne : "American "},"grades.grade" :"A","borough": {$ne : "Brooklyn"}}).sort({"cuisine":-1});
2018-12-28T16:31:31.336+0530 E QUERY    [thread1] SyntaxError: missing : after property id @(shell):1:27
> db.addresses.find({cuisine":{$ne:"American"},"grades.grade":"A","borough":{$ne:"Brooklyn"}}).sort({"cuisine":-1})
2018-12-28T16:34:23.506+0530 E QUERY    [thread1] SyntaxError: missing : after property id @(shell):1:26
> db.addresses.find({cuisine":{$ne:"American"},{"grades.grade":"A"},"borough":{$ne:"Brooklyn"}}).sort({"cuisine":-1})
2018-12-28T16:36:45.628+0530 E QUERY    [thread1] SyntaxError: missing : after property id @(shell):1:26
> db.addresses.find({{cuisine":{$ne:"American"}},{"grades.grade":"A"},{"borough":{$ne:"Brooklyn"}}}).sort({"cuisine":-1})
2018-12-28T16:37:17.301+0530 E QUERY    [thread1] SyntaxError: invalid property id @(shell):1:19
> db.addresses.find({$and:[{cuisine":{$ne:"American"}},{"grades.grade":"A"},{"borough":{$ne:"Brooklyn"}}]}).sort({"cuisine":-1})
2018-12-28T16:37:50.861+0530 E QUERY    [thread1] SyntaxError: missing : after property id @(shell):1:33
> db.addresses.find({name:{$regex:".*Wil.*"},{"restaurant_id":1,name:1,borough:1,cuisine:1}).pretty()
...
...
>  db.addresses.find({name:{$regex:".*Wil.*"}},{"restaurant_id":1,name:1,borough:1,cuisine:1}).pretty()
{
        "_id" : ObjectId("5c25f1db9dce437310501a42"),
        "borough" : "Brooklyn",
        "cuisine" : "Delicatessen",
        "name" : "Wilken'S Fine Food",
        "restaurant_id" : "40356483"
}
{
        "_id" : ObjectId("5c25f1db9dce437310501a47"),
        "borough" : "Bronx",
        "cuisine" : "American ",
        "name" : "Wild Asia",
        "restaurant_id" : "40357217"
}
{
        "_id" : ObjectId("5c25f1db9dce4373105027be"),
        "borough" : "Bronx",
        "cuisine" : "American ",
        "name" : "The Williamsbridge Tavern",
        "restaurant_id" : "40852754"
}
{
        "_id" : ObjectId("5c25f1db9dce437310502852"),
        "borough" : "Bronx",
        "cuisine" : "Pizza",
        "name" : "Wilbel Pizza",
        "restaurant_id" : "40871979"
}
> db.addresses.find({name:/^Wil/},{"restaurant_id":1,name:1,borough:1,cuisine:1}).pretty()
{
        "_id" : ObjectId("5c25f1db9dce437310501a42"),
        "borough" : "Brooklyn",
        "cuisine" : "Delicatessen",
        "name" : "Wilken'S Fine Food",
        "restaurant_id" : "40356483"
}
{
        "_id" : ObjectId("5c25f1db9dce437310501a47"),
        "borough" : "Bronx",
        "cuisine" : "American ",
        "name" : "Wild Asia",
        "restaurant_id" : "40357217"
}
{
        "_id" : ObjectId("5c25f1db9dce437310502852"),
        "borough" : "Bronx",
        "cuisine" : "Pizza",
        "name" : "Wilbel Pizza",
        "restaurant_id" : "40871979"
}
> db.addresses.find({name:/ces^/},{"restaurant_id":1,name:1,borough:1,cuisine:1}).pretty()
> db.addresses.find({name:/^ces/},{"restaurant_id":1,name:1,borough:1,cuisine:1}).pretty()
> db.addresses.find({name:/^Wil/},{"restaurant_id":1,name:1,borough:1,cuisine:1}).pretty()
{
        "_id" : ObjectId("5c25f1db9dce437310501a42"),
        "borough" : "Brooklyn",
        "cuisine" : "Delicatessen",
        "name" : "Wilken'S Fine Food",
        "restaurant_id" : "40356483"
}
{
        "_id" : ObjectId("5c25f1db9dce437310501a47"),
        "borough" : "Bronx",
        "cuisine" : "American ",
        "name" : "Wild Asia",
        "restaurant_id" : "40357217"
}
{
        "_id" : ObjectId("5c25f1db9dce437310502852"),
        "borough" : "Bronx",
        "cuisine" : "Pizza",
        "name" : "Wilbel Pizza",
        "restaurant_id" : "40871979"
}
> db.addresses.find({name:/ces$/},{"restaurant_id":1,name:1,borough:1,cuisine:1}).pretty()
{
        "_id" : ObjectId("5c25f1db9dce437310501ed0"),
        "borough" : "Manhattan",
        "cuisine" : "American ",
        "name" : "Pieces",
        "restaurant_id" : "40399910"
}
{
        "_id" : ObjectId("5c25f1db9dce437310501f90"),
        "borough" : "Queens",
        "cuisine" : "American ",
        "name" : "S.M.R Restaurant Services",
        "restaurant_id" : "40403857"
}
{
        "_id" : ObjectId("5c25f1db9dce437310501f95"),
        "borough" : "Manhattan",
        "cuisine" : "American ",
        "name" : "Good Shepherd Services",
        "restaurant_id" : "40403989"
}
{
        "_id" : ObjectId("5c25f1db9dce437310502448"),
        "borough" : "Queens",
        "cuisine" : "Ice Cream, Gelato, Yogurt, Ices",
        "name" : "The Ice Box-Ralph'S Famous Italian Ices",
        "restaurant_id" : "40690899"
}
{
        "_id" : ObjectId("5c25f1db9dce43731050264c"),
        "borough" : "Brooklyn",
        "cuisine" : "Jewish/Kosher",
        "name" : "Alices",
        "restaurant_id" : "40782042"
}
{
        "_id" : ObjectId("5c25f1db9dce437310502869"),
        "borough" : "Manhattan",
        "cuisine" : "American ",
        "name" : "Re: Sources",
        "restaurant_id" : "40876068"
}
> db.addresses.find({name:/.*Reg.*/},{"restaurant_id":1,name:1,borough:1,cuisine:1}).pretty()
{
        "_id" : ObjectId("5c25f1db9dce437310501a44"),
        "borough" : "Brooklyn",
        "cuisine" : "American ",
        "name" : "Regina Caterers",
        "restaurant_id" : "40356649"
}
{
        "_id" : ObjectId("5c25f1db9dce437310501b42"),
        "borough" : "Manhattan",
        "cuisine" : "Caf/Coffee/Tea",
        "name" : "Caffe Reggio",
        "restaurant_id" : "40369418"
}
{
        "_id" : ObjectId("5c25f1db9dce437310501c51"),
        "borough" : "Manhattan",
        "cuisine" : "American ",
        "name" : "Regency Hotel",
        "restaurant_id" : "40382679"
}
{
        "_id" : ObjectId("5c25f1db9dce437310501f77"),
        "borough" : "Manhattan",
        "cuisine" : "American ",
        "name" : "Regency Whist Club",
        "restaurant_id" : "40402377"
}
{
        "_id" : ObjectId("5c25f1db9dce437310502052"),
        "borough" : "Queens",
        "cuisine" : "American ",
        "name" : "Rego Park Cafe",
        "restaurant_id" : "40523342"
}
{
        "_id" : ObjectId("5c25f1db9dce4373105026c1"),
        "borough" : "Queens",
        "cuisine" : "Pizza",
        "name" : "Regina Pizza",
        "restaurant_id" : "40801325"
}
{
        "_id" : ObjectId("5c25f1db9dce4373105028d9"),
        "borough" : "Manhattan",
        "cuisine" : "American ",
        "name" : "Regal Entertainment Group",
        "restaurant_id" : "40891782"
}
> db.addresses.find({"borough": "Bronx",$or : [{ "cuisine" : "American " },{ "cuisine" : "Chinese" }]}).pretty()
{
        "_id" : ObjectId("5c25f1db9dce437310501a47"),
        "address" : {
                "building" : "2300",
                "coord" : [
                        -73.8786113,
                        40.8502883
                ],
                "street" : "Southern Boulevard",
                "zipcode" : "10460"
        },
        "borough" : "Bronx",
        "cuisine" : "American ",
        "grades" : [
                {
                        "date" : ISODate("2014-05-28T00:00:00Z"),
                        "grade" : "A",
                        "score" : 11
                },
                {
                        "date" : ISODate("2013-06-19T00:00:00Z"),
                        "grade" : "A",
                        "score" : 4
                },
                {
                        "date" : ISODate("2012-06-15T00:00:00Z"),
                        "grade" : "A",
                        "score" : 3
                }
        ],
        "name" : "Wild Asia",
        "restaurant_id" : "40357217"
}
{
        "_id" : ObjectId("5c25f1db9dce437310501a5f"),
        "address" : {
                "building" : "1236",
                "coord" : [
                        -73.8893654,
                        40.81376179999999
                ],
                "street" : "238 Spofford Ave",
                "zipcode" : "10474"
        },
        "borough" : "Bronx",
        "cuisine" : "Chinese",
        "grades" : [
                {
                        "date" : ISODate("2013-12-30T00:00:00Z"),
                        "grade" : "A",
                        "score" : 8
                },
                {
                        "date" : ISODate("2013-01-08T00:00:00Z"),
                        "grade" : "A",
                        "score" : 10
                },
                {
                        "date" : ISODate("2012-06-12T00:00:00Z"),
                        "grade" : "B",
                        "score" : 15
                }
        ],
        "name" : "Happy Garden",
        "restaurant_id" : "40363289"
}
{
        "_id" : ObjectId("5c25f1db9dce437310501a72"),
        "address" : {
                "building" : "277",
                "coord" : [
                        -73.8941893,
                        40.8634684
                ],
                "street" : "East Kingsbridge Road",
                "zipcode" : "10458"
        },
        "borough" : "Bronx",
        "cuisine" : "Chinese",
        "grades" : [
                {
                        "date" : ISODate("2014-03-03T00:00:00Z"),
                        "grade" : "A",
                        "score" : 10
                },
                {
                        "date" : ISODate("2013-09-26T00:00:00Z"),
                        "grade" : "A",
                        "score" : 10
                },
                {
                        "date" : ISODate("2013-03-19T00:00:00Z"),
                        "grade" : "A",
                        "score" : 10
                },
                {
                        "date" : ISODate("2012-08-29T00:00:00Z"),
                        "grade" : "A",
                        "score" : 11
                },
                {
                        "date" : ISODate("2011-08-17T00:00:00Z"),
                        "grade" : "A",
                        "score" : 13
                }
        ],
        "name" : "Happy Garden",
        "restaurant_id" : "40364296"
}
{
        "_id" : ObjectId("5c25f1db9dce437310501a78"),
        "address" : {
                "building" : "658",
                "coord" : [
                        -73.81363999999999,
                        40.82941100000001
                ],
                "street" : "Clarence Ave",
                "zipcode" : "10465"
        },
        "borough" : "Bronx",
        "cuisine" : "American ",
        "grades" : [
                {
                        "date" : ISODate("2014-06-21T00:00:00Z"),
                        "grade" : "A",
                        "score" : 5
                },
                {
                        "date" : ISODate("2012-07-11T00:00:00Z"),
                        "grade" : "A",
                        "score" : 10
                }
        ],
        "name" : "Manhem Club",
        "restaurant_id" : "40364363"
}
{
        "_id" : ObjectId("5c25f1db9dce437310501a92"),
        "address" : {
                "building" : "2222",
                "coord" : [
                        -73.84971759999999,
                        40.8304811
                ],
                "street" : "Haviland Avenue",
                "zipcode" : "10462"
        },
        "borough" : "Bronx",
        "cuisine" : "American ",
        "grades" : [
                {
                        "date" : ISODate("2014-12-18T00:00:00Z"),
                        "grade" : "A",
                        "score" : 7
                },
                {
                        "date" : ISODate("2014-05-01T00:00:00Z"),
                        "grade" : "B",
                        "score" : 17
                },
                {
                        "date" : ISODate("2013-03-14T00:00:00Z"),
                        "grade" : "A",
                        "score" : 12
                },
                {
                        "date" : ISODate("2012-09-20T00:00:00Z"),
                        "grade" : "A",
                        "score" : 9
                },
                {
                        "date" : ISODate("2012-02-08T00:00:00Z"),
                        "grade" : "B",
                        "score" : 19
                }
        ],
        "name" : "The New Starling Athletic Club Of The Bronx",
        "restaurant_id" : "40364956"
}
{
        "_id" : ObjectId("5c25f1db9dce437310501aab"),
        "address" : {
                "building" : "72",
                "coord" : [
                        -73.92506,
                        40.8275556
                ],
                "street" : "East  161 Street",
                "zipcode" : "10451"
        },
        "borough" : "Bronx",
        "cuisine" : "American ",
        "grades" : [
                {
                        "date" : ISODate("2014-04-15T00:00:00Z"),
                        "grade" : "A",
                        "score" : 9
                },
                {
                        "date" : ISODate("2013-11-14T00:00:00Z"),
                        "grade" : "A",
                        "score" : 4
                },
                {
                        "date" : ISODate("2013-07-29T00:00:00Z"),
                        "grade" : "A",
                        "score" : 10
                },
                {
                        "date" : ISODate("2012-12-31T00:00:00Z"),
                        "grade" : "B",
                        "score" : 15
                },
                {
                        "date" : ISODate("2012-05-30T00:00:00Z"),
                        "grade" : "A",
                        "score" : 13
                },
                {
                        "date" : ISODate("2012-01-09T00:00:00Z"),
                        "grade" : "A",
                        "score" : 10
                },
                {
                        "date" : ISODate("2011-08-15T00:00:00Z"),
                        "grade" : "C",
                        "score" : 37
                }
        ],
        "name" : "Yankee Tavern",
        "restaurant_id" : "40365499"
}
{
        "_id" : ObjectId("5c25f1db9dce437310501ad5"),
        "address" : {
                "building" : "5820",
                "coord" : [
                        -73.9002615,
                        40.885186
                ],
                "street" : "Broadway",
                "zipcode" : "10463"
        },
        "borough" : "Bronx",
        "cuisine" : "American ",
        "grades" : [
                {
                        "date" : ISODate("2014-02-26T00:00:00Z"),
                        "grade" : "A",
                        "score" : 5
                },
                {
                        "date" : ISODate("2013-10-09T00:00:00Z"),
                        "grade" : "B",
                        "score" : 19
                },
                {
                        "date" : ISODate("2013-05-15T00:00:00Z"),
                        "grade" : "A",
                        "score" : 9
                },
                {
                        "date" : ISODate("2012-11-20T00:00:00Z"),
                        "grade" : "B",
                        "score" : 18
                },
                {
                        "date" : ISODate("2011-10-17T00:00:00Z"),
                        "grade" : "A",
                        "score" : 10
                },
                {
                        "date" : ISODate("2011-06-22T00:00:00Z"),
                        "grade" : "C",
                        "score" : 35
                }
        ],
        "name" : "The Punch Bowl",
        "restaurant_id" : "40366497"
}
{
        "_id" : ObjectId("5c25f1db9dce437310501ae1"),
        "address" : {
                "building" : "21",
                "coord" : [
                        -73.9168424,
                        40.8401362
                ],
                "street" : "East  170 Street",
                "zipcode" : "10452"
        },
        "borough" : "Bronx",
        "cuisine" : "American ",
        "grades" : [
                {
                        "date" : ISODate("2014-12-16T00:00:00Z"),
                        "grade" : "B",
                        "score" : 22
                },
                {
                        "date" : ISODate("2014-08-12T00:00:00Z"),
                        "grade" : "A",
                        "score" : 7
                },
                {
                        "date" : ISODate("2014-03-03T00:00:00Z"),
                        "grade" : "B",
                        "score" : 22
                },
                {
                        "date" : ISODate("2013-08-29T00:00:00Z"),
                        "grade" : "A",
                        "score" : 12
                },
                {
                        "date" : ISODate("2012-08-29T00:00:00Z"),
                        "grade" : "A",
                        "score" : 10
                },
                {
                        "date" : ISODate("2012-02-13T00:00:00Z"),
                        "grade" : "B",
                        "score" : 16
                }
        ],
        "name" : "Munchtime",
        "restaurant_id" : "40366748"
}
{
        "_id" : ObjectId("5c25f1db9dce437310501aee"),
        "address" : {
                "building" : "2894",
                "coord" : [
                        -73.815175,
                        40.8137649
                ],
                "street" : "Schurz Ave",
                "zipcode" : "10465"
        },
        "borough" : "Bronx",
        "cuisine" : "American ",
        "grades" : [
                {
                        "date" : ISODate("2014-10-31T00:00:00Z"),
                        "grade" : "B",
                        "score" : 18
                },
                {
                        "date" : ISODate("2014-02-20T00:00:00Z"),
                        "grade" : "A",
                        "score" : 4
                },
                {
                        "date" : ISODate("2013-06-07T00:00:00Z"),
                        "grade" : "A",
                        "score" : 12
                },
                {
                        "date" : ISODate("2012-05-17T00:00:00Z"),
                        "grade" : "A",
                        "score" : 2
                }
        ],
        "name" : "Marina Delray",
        "restaurant_id" : "40367161"
}
{
        "_id" : ObjectId("5c25f1db9dce437310501b16"),
        "address" : {
                "building" : "2300",
                "coord" : [
                        -73.8786113,
                        40.8502883
                ],
                "street" : "Southern Boulevard",
                "zipcode" : "10460"
        },
        "borough" : "Bronx",
        "cuisine" : "American ",
        "grades" : [
                {
                        "date" : ISODate("2014-05-21T00:00:00Z"),
                        "grade" : "A",
                        "score" : 2
                },
                {
                        "date" : ISODate("2013-05-22T00:00:00Z"),
                        "grade" : "A",
                        "score" : 11
                },
                {
                        "date" : ISODate("2012-05-17T00:00:00Z"),
                        "grade" : "A",
                        "score" : 12
                },
                {
                        "date" : ISODate("2011-06-08T00:00:00Z"),
                        "grade" : "A",
                        "score" : 5
                }
        ],
        "name" : "Cool Zone",
        "restaurant_id" : "40368022"
}
{
        "_id" : ObjectId("5c25f1db9dce437310501b17"),
        "address" : {
                "building" : "2300",
                "coord" : [
                        -73.8786113,
                        40.8502883
                ],
                "street" : "Southern Boulevard",
                "zipcode" : "10460"
        },
        "borough" : "Bronx",
        "cuisine" : "American ",
        "grades" : [
                {
                        "date" : ISODate("2014-05-21T00:00:00Z"),
                        "grade" : "A",
                        "score" : 11
                },
                {
                        "date" : ISODate("2013-05-29T00:00:00Z"),
                        "grade" : "A",
                        "score" : 10
                },
                {
                        "date" : ISODate("2012-06-15T00:00:00Z"),
                        "grade" : "A",
                        "score" : 2
                },
                {
                        "date" : ISODate("2011-06-08T00:00:00Z"),
                        "grade" : "A",
                        "score" : 0
                }
        ],
        "name" : "Beaver Pond",
        "restaurant_id" : "40368025"
}
{
        "_id" : ObjectId("5c25f1db9dce437310501b18"),
        "address" : {
                "building" : "2300",
                "coord" : [
                        -73.8786113,
                        40.8502883
                ],
                "street" : "Southern Boulevard",
                "zipcode" : "10460"
        },
        "borough" : "Bronx",
        "cuisine" : "American ",
        "grades" : [
                {
                        "date" : ISODate("2014-05-21T00:00:00Z"),
                        "grade" : "A",
                        "score" : 5
                },
                {
                        "date" : ISODate("2013-05-28T00:00:00Z"),
                        "grade" : "A",
                        "score" : 3
                },
                {
                        "date" : ISODate("2012-06-18T00:00:00Z"),
                        "grade" : "A",
                        "score" : 4
                },
                {
                        "date" : ISODate("2011-06-07T00:00:00Z"),
                        "grade" : "A",
                        "score" : 9
                }
        ],
        "name" : "African Market (Baboon Cafe)",
        "restaurant_id" : "40368026"
}
{
        "_id" : ObjectId("5c25f1db9dce437310501b36"),
        "address" : {
                "building" : "3533",
                "coord" : [
                        -73.9100082,
                        40.8863835
                ],
                "street" : "Johnson Avenue",
                "zipcode" : "10463"
        },
        "borough" : "Bronx",
        "cuisine" : "American ",
        "grades" : [
                {
                        "date" : ISODate("2014-02-20T00:00:00Z"),
                        "grade" : "A",
                        "score" : 12
                },
                {
                        "date" : ISODate("2013-09-09T00:00:00Z"),
                        "grade" : "A",
                        "score" : 12
                },
                {
                        "date" : ISODate("2013-03-26T00:00:00Z"),
                        "grade" : "A",
                        "score" : 5
                },
                {
                        "date" : ISODate("2013-03-08T00:00:00Z"),
                        "grade" : "P",
                        "score" : 2
                },
                {
                        "date" : ISODate("2012-09-26T00:00:00Z"),
                        "grade" : "A",
                        "score" : 9
                },
                {
                        "date" : ISODate("2012-04-13T00:00:00Z"),
                        "grade" : "A",
                        "score" : 11
                },
                {
                        "date" : ISODate("2011-07-26T00:00:00Z"),
                        "grade" : "A",
                        "score" : 13
                },
                {
                        "date" : ISODate("2011-02-26T00:00:00Z"),
                        "grade" : "A",
                        "score" : 13
                }
        ],
        "name" : "Blue Bay Restaurant",
        "restaurant_id" : "40369087"
}
{
        "_id" : ObjectId("5c25f1db9dce437310501b4a"),
        "address" : {
                "building" : "2375",
                "coord" : [
                        -73.85534559999999,
                        40.8426433
                ],
                "street" : "East Tremont Avenue",
                "zipcode" : "10462"
        },
        "borough" : "Bronx",
        "cuisine" : "American ",
        "grades" : [
                {
                        "date" : ISODate("2014-10-14T00:00:00Z"),
                        "grade" : "A",
                        "score" : 13
                },
                {
                        "date" : ISODate("2014-04-08T00:00:00Z"),
                        "grade" : "A",
                        "score" : 8
                },
                {
                        "date" : ISODate("2013-11-04T00:00:00Z"),
                        "grade" : "C",
                        "score" : 45
                },
                {
                        "date" : ISODate("2013-05-23T00:00:00Z"),
                        "grade" : "A",
                        "score" : 10
                },
                {
                        "date" : ISODate("2012-10-18T00:00:00Z"),
                        "grade" : "B",
                        "score" : 15
                },
                {
                        "date" : ISODate("2012-10-05T00:00:00Z"),
                        "grade" : "P",
                        "score" : 12
                },
                {
                        "date" : ISODate("2012-05-14T00:00:00Z"),
                        "grade" : "A",
                        "score" : 12
                },
                {
                        "date" : ISODate("2011-12-21T00:00:00Z"),
                        "grade" : "A",
                        "score" : 11
                }
        ],
        "name" : "Bronx Grill",
        "restaurant_id" : "40369601"
}
{
        "_id" : ObjectId("5c25f1db9dce437310501b5d"),
        "address" : {
                "building" : "170",
                "coord" : [
                        -73.9035553,
                        40.878342
                ],
                "street" : "West  231 Street",
                "zipcode" : "10463"
        },
        "borough" : "Bronx",
        "cuisine" : "American ",
        "grades" : [
                {
                        "date" : ISODate("2014-10-01T00:00:00Z"),
                        "grade" : "B",
                        "score" : 18
                },
                {
                        "date" : ISODate("2014-04-23T00:00:00Z"),
                        "grade" : "A",
                        "score" : 12
                },
                {
                        "date" : ISODate("2013-10-23T00:00:00Z"),
                        "grade" : "A",
                        "score" : 11
                },
                {
                        "date" : ISODate("2013-05-21T00:00:00Z"),
                        "grade" : "B",
                        "score" : 19
                },
                {
                        "date" : ISODate("2013-05-02T00:00:00Z"),
                        "grade" : "P",
                        "score" : 3
                },
                {
                        "date" : ISODate("2012-11-20T00:00:00Z"),
                        "grade" : "B",
                        "score" : 24
                }
        ],
        "name" : "P & K'S Grill",
        "restaurant_id" : "40369895"
}
{
        "_id" : ObjectId("5c25f1db9dce437310501b6c"),
        "address" : {
                "building" : "4272",
                "coord" : [
                        -73.86720489999999,
                        40.8977501
                ],
                "street" : "Katonah Avenue",
                "zipcode" : "10470"
        },
        "borough" : "Bronx",
        "cuisine" : "American ",
        "grades" : [
                {
                        "date" : ISODate("2014-05-23T00:00:00Z"),
                        "grade" : "A",
                        "score" : 11
                },
                {
                        "date" : ISODate("2013-11-04T00:00:00Z"),
                        "grade" : "A",
                        "score" : 10
                },
                {
                        "date" : ISODate("2013-04-29T00:00:00Z"),
                        "grade" : "A",
                        "score" : 10
                },
                {
                        "date" : ISODate("2012-09-24T00:00:00Z"),
                        "grade" : "B",
                        "score" : 15
                }
        ],
        "name" : "John Mulligan'S Fireside Pub",
        "restaurant_id" : "40370150"
}
{
        "_id" : ObjectId("5c25f1db9dce437310501bc0"),
        "address" : {
                "building" : "2942",
                "coord" : [
                        -73.832183,
                        40.84710099999999
                ],
                "street" : "Westchester Avenue",
                "zipcode" : "10461"
        },
        "borough" : "Bronx",
        "cuisine" : "American ",
        "grades" : [
                {
                        "date" : ISODate("2014-02-10T00:00:00Z"),
                        "grade" : "A",
                        "score" : 8
                },
                {
                        "date" : ISODate("2013-09-18T00:00:00Z"),
                        "grade" : "A",
                        "score" : 12
                },
                {
                        "date" : ISODate("2013-04-17T00:00:00Z"),
                        "grade" : "B",
                        "score" : 25
                },
                {
                        "date" : ISODate("2012-10-15T00:00:00Z"),
                        "grade" : "B",
                        "score" : 25
                },
                {
                        "date" : ISODate("2011-10-17T00:00:00Z"),
                        "grade" : "A",
                        "score" : 12
                },
                {
                        "date" : ISODate("2011-07-14T00:00:00Z"),
                        "grade" : "B",
                        "score" : 18
                }
        ],
        "name" : "Quality Cafe & Restaurant",
        "restaurant_id" : "40374259"
}
{
        "_id" : ObjectId("5c25f1db9dce437310501c2b"),
        "address" : {
                "building" : "3657",
                "coord" : [
                        -73.901496,
                        40.885102
                ],
                "street" : "Kingsbridge Avenue",
                "zipcode" : "10463"
        },
        "borough" : "Bronx",
        "cuisine" : "American ",
        "grades" : [
                {
                        "date" : ISODate("2014-09-25T00:00:00Z"),
                        "grade" : "A",
                        "score" : 10
                },
                {
                        "date" : ISODate("2014-04-30T00:00:00Z"),
                        "grade" : "B",
                        "score" : 20
                },
                {
                        "date" : ISODate("2013-08-19T00:00:00Z"),
                        "grade" : "A",
                        "score" : 2
                },
                {
                        "date" : ISODate("2013-03-06T00:00:00Z"),
                        "grade" : "A",
                        "score" : 13
                },
                {
                        "date" : ISODate("2012-01-26T00:00:00Z"),
                        "grade" : "A",
                        "score" : 9
                },
                {
                        "date" : ISODate("2011-10-19T00:00:00Z"),
                        "grade" : "B",
                        "score" : 18
                }
        ],
        "name" : "Riverdale Diner",
        "restaurant_id" : "40380253"
}
{
        "_id" : ObjectId("5c25f1db9dce437310501c4f"),
        "address" : {
                "building" : "1506",
                "coord" : [
                        -73.8537226,
                        40.8427071
                ],
                "street" : "Bronxdale Avenue",
                "zipcode" : "10462"
        },
        "borough" : "Bronx",
        "cuisine" : "American ",
        "grades" : [
                {
                        "date" : ISODate("2014-06-04T00:00:00Z"),
                        "grade" : "A",
                        "score" : 5
                },
                {
                        "date" : ISODate("2013-05-22T00:00:00Z"),
                        "grade" : "A",
                        "score" : 10
                },
                {
                        "date" : ISODate("2012-12-13T00:00:00Z"),
                        "grade" : "A",
                        "score" : 12
                },
                {
                        "date" : ISODate("2012-05-14T00:00:00Z"),
                        "grade" : "B",
                        "score" : 16
                },
                {
                        "date" : ISODate("2011-12-28T00:00:00Z"),
                        "grade" : "A",
                        "score" : 13
                },
                {
                        "date" : ISODate("2011-08-10T00:00:00Z"),
                        "grade" : "A",
                        "score" : 11
                }
        ],
        "name" : "Castlehill Diner",
        "restaurant_id" : "40382517"
}
{
        "_id" : ObjectId("5c25f1db9dce437310501c6a"),
        "address" : {
                "building" : "5977",
                "coord" : [
                        -73.8982704,
                        40.8896923
                ],
                "street" : "Broadway",
                "zipcode" : "10463"
        },
        "borough" : "Bronx",
        "cuisine" : "American ",
        "grades" : [
                {
                        "date" : ISODate("2014-05-30T00:00:00Z"),
                        "grade" : "A",
                        "score" : 6
                },
                {
                        "date" : ISODate("2013-04-25T00:00:00Z"),
                        "grade" : "A",
                        "score" : 7
                },
                {
                        "date" : ISODate("2012-11-20T00:00:00Z"),
                        "grade" : "A",
                        "score" : 12
                },
                {
                        "date" : ISODate("2012-05-30T00:00:00Z"),
                        "grade" : "A",
                        "score" : 10
                },
                {
                        "date" : ISODate("2011-12-19T00:00:00Z"),
                        "grade" : "B",
                        "score" : 18
                }
        ],
        "name" : "Short Stop Restaurant",
        "restaurant_id" : "40383819"
}
Type "it" for more
> db.addresses.find({"borough" :{$in :["Staten Island","Queens","Bronx","Brooklyn"]}},{).pretty()
... "restaurant_id" : 1,
... "name":1,"borough":1,
... "cuisine" :1
... }
2018-12-28T17:44:14.255+0530 E QUERY    [thread1] SyntaxError: invalid property id @(shell):1:85
>
> db.addresses.find({"borough" :{$in :["Staten Island","Queens","Bronx","Brooklyn"]}},{"restaurant_id" : 1, "name":1,"borough":1, "cuisine" :1 }).pretty()
{
        "_id" : ObjectId("5c25f1db9dce437310501a3d"),
        "borough" : "Brooklyn",
        "cuisine" : "Hamburgers",
        "name" : "Wendy'S",
        "restaurant_id" : "30112340"
}
{
        "_id" : ObjectId("5c25f1db9dce437310501a3e"),
        "borough" : "Brooklyn",
        "cuisine" : "American ",
        "name" : "Riviera Caterer",
        "restaurant_id" : "40356018"
}
{
        "_id" : ObjectId("5c25f1db9dce437310501a3f"),
        "borough" : "Queens",
        "cuisine" : "American ",
        "name" : "Brunos On The Boulevard",
        "restaurant_id" : "40356151"
}
{
        "_id" : ObjectId("5c25f1db9dce437310501a40"),
        "borough" : "Queens",
        "cuisine" : "Jewish/Kosher",
        "name" : "Tov Kosher Kitchen",
        "restaurant_id" : "40356068"
}
{
        "_id" : ObjectId("5c25f1db9dce437310501a41"),
        "borough" : "Staten Island",
        "cuisine" : "Jewish/Kosher",
        "name" : "Kosher Island",
        "restaurant_id" : "40356442"
}
{
        "_id" : ObjectId("5c25f1db9dce437310501a42"),
        "borough" : "Brooklyn",
        "cuisine" : "Delicatessen",
        "name" : "Wilken'S Fine Food",
        "restaurant_id" : "40356483"
}
{
        "_id" : ObjectId("5c25f1db9dce437310501a44"),
        "borough" : "Brooklyn",
        "cuisine" : "American ",
        "name" : "Regina Caterers",
        "restaurant_id" : "40356649"
}
{
        "_id" : ObjectId("5c25f1db9dce437310501a45"),
        "borough" : "Brooklyn",
        "cuisine" : "American ",
        "name" : "C & C Catering Service",
        "restaurant_id" : "40357437"
}
{
        "_id" : ObjectId("5c25f1db9dce437310501a46"),
        "borough" : "Bronx",
        "cuisine" : "Bakery",
        "name" : "Morris Park Bake Shop",
        "restaurant_id" : "30075445"
}
{
        "_id" : ObjectId("5c25f1db9dce437310501a47"),
        "borough" : "Bronx",
        "cuisine" : "American ",
        "name" : "Wild Asia",
        "restaurant_id" : "40357217"
}
{
        "_id" : ObjectId("5c25f1db9dce437310501a48"),
        "borough" : "Brooklyn",
        "cuisine" : "Chinese",
        "name" : "May May Kitchen",
        "restaurant_id" : "40358429"
}
{
        "_id" : ObjectId("5c25f1db9dce437310501a4a"),
        "borough" : "Brooklyn",
        "cuisine" : "Jewish/Kosher",
        "name" : "Seuda Foods",
        "restaurant_id" : "40360045"
}
{
        "_id" : ObjectId("5c25f1db9dce437310501a4b"),
        "borough" : "Brooklyn",
        "cuisine" : "Ice Cream, Gelato, Yogurt, Ices",
        "name" : "Carvel Ice Cream",
        "restaurant_id" : "40360076"
}
{
        "_id" : ObjectId("5c25f1db9dce437310501a4c"),
        "borough" : "Queens",
        "cuisine" : "Ice Cream, Gelato, Yogurt, Ices",
        "name" : "Carvel Ice Cream",
        "restaurant_id" : "40361322"
}
{
        "_id" : ObjectId("5c25f1db9dce437310501a4d"),
        "borough" : "Brooklyn",
        "cuisine" : "Ice Cream, Gelato, Yogurt, Ices",
        "name" : "Taste The Tropics Ice Cream",
        "restaurant_id" : "40356731"
}
{
        "_id" : ObjectId("5c25f1db9dce437310501a4e"),
        "borough" : "Brooklyn",
        "cuisine" : "Delicatessen",
        "name" : "Nordic Delicacies",
        "restaurant_id" : "40361390"
}
{
        "_id" : ObjectId("5c25f1db9dce437310501a4f"),
        "borough" : "Queens",
        "cuisine" : "Delicatessen",
        "name" : "Sal'S Deli",
        "restaurant_id" : "40361618"
}
{
        "_id" : ObjectId("5c25f1db9dce437310501a51"),
        "borough" : "Queens",
        "cuisine" : "Delicatessen",
        "name" : "Steve Chu'S Deli & Grocery",
        "restaurant_id" : "40361998"
}
{
        "_id" : ObjectId("5c25f1db9dce437310501a52"),
        "borough" : "Brooklyn",
        "cuisine" : "American ",
        "name" : "The Movable Feast",
        "restaurant_id" : "40361606"
}
{
        "_id" : ObjectId("5c25f1db9dce437310501a56"),
        "borough" : "Brooklyn",
        "cuisine" : "Hamburgers",
        "name" : "White Castle",
        "restaurant_id" : "40362344"
}
Type "it" for more
>